Archive member included to satisfy reference by file (symbol)

/opt/devkitpro/libctru/lib/libcitro2d.a(base.o)
                              main.o (C2D_Init)
/opt/devkitpro/libctru/lib/libcitro2d.a(text.o)
                              text.o (C2D_TextBufNew)
/opt/devkitpro/libctru/lib/libcitro2d.a(spritesheet.o)
                              main.o (C2D_SpriteSheetLoad)
/opt/devkitpro/libctru/lib/libcitro2d.a(font.o)
                              text.o (C2D_FontLoad)
/opt/devkitpro/libctru/lib/libcitro2d.a(render2d.shbin.o)
                              /opt/devkitpro/libctru/lib/libcitro2d.a(base.o) (render2d_shbin)
/opt/devkitpro/libctru/lib/libcitro3d.a(base.o)
                              main.o (C3D_Init)
/opt/devkitpro/libctru/lib/libcitro3d.a(renderqueue.o)
                              /opt/devkitpro/libctru/lib/libcitro3d.a(base.o) (C3Di_RenderQueueEnableVBlank)
/opt/devkitpro/libctru/lib/libcitro3d.a(texture.o)
                              /opt/devkitpro/libctru/lib/libcitro2d.a(base.o) (C3D_TexBind)
/opt/devkitpro/libctru/lib/libcitro3d.a(tex3ds.o)
                              /opt/devkitpro/libctru/lib/libcitro2d.a(spritesheet.o) (Tex3DS_TextureImport)
/opt/devkitpro/libctru/lib/libcitro3d.a(framebuffer.o)
                              /opt/devkitpro/libctru/lib/libcitro3d.a(renderqueue.o) (C3D_CalcColorBufSize)
/opt/devkitpro/libctru/lib/libcitro3d.a(texenv.o)
                              /opt/devkitpro/libctru/lib/libcitro2d.a(base.o) (C3D_GetTexEnv)
/opt/devkitpro/libctru/lib/libcitro3d.a(proctex.o)
                              /opt/devkitpro/libctru/lib/libcitro2d.a(base.o) (C3D_ProcTexInit)
/opt/devkitpro/libctru/lib/libcitro3d.a(buffers.o)
                              /opt/devkitpro/libctru/lib/libcitro2d.a(base.o) (BufInfo_Init)
/opt/devkitpro/libctru/lib/libcitro3d.a(drawArrays.o)
                              /opt/devkitpro/libctru/lib/libcitro2d.a(base.o) (C3D_DrawArrays)
/opt/devkitpro/libctru/lib/libcitro3d.a(effect.o)
                              /opt/devkitpro/libctru/lib/libcitro3d.a(base.o) (C3D_DepthMap)
/opt/devkitpro/libctru/lib/libcitro3d.a(attribs.o)
                              /opt/devkitpro/libctru/lib/libcitro2d.a(base.o) (AttrInfo_Init)
/opt/devkitpro/libctru/lib/libcitro3d.a(immediate.o)
                              /opt/devkitpro/libctru/lib/libcitro3d.a(base.o) (C3D_ImmSendAttrib)
/opt/devkitpro/libctru/lib/libcitro3d.a(uniforms.o)
                              /opt/devkitpro/libctru/lib/libcitro3d.a(base.o) (C3D_UpdateUniforms)
/opt/devkitpro/libctru/lib/libcitro3d.a(mtx_ortho.o)
                              /opt/devkitpro/libctru/lib/libcitro2d.a(base.o) (Mtx_Ortho)
/opt/devkitpro/libctru/lib/libcitro3d.a(mtx_orthotilt.o)
                              /opt/devkitpro/libctru/lib/libcitro2d.a(base.o) (Mtx_OrthoTilt)
/opt/devkitpro/libctru/lib/libctru.a(vram.o)
                              /opt/devkitpro/libctru/lib/libcitro3d.a(renderqueue.o) (vramAlloc)
/opt/devkitpro/libctru/lib/libctru.a(linear.o)
                              /opt/devkitpro/libctru/lib/libcitro2d.a(base.o) (linearAlloc)
/opt/devkitpro/libctru/lib/libctru.a(mem_pool.o)
                              /opt/devkitpro/libctru/lib/libctru.a(vram.o) (MemPool::Allocate(MemChunk&, unsigned long, int))
/opt/devkitpro/libctru/lib/libctru.a(romfs_dev.o)
                              main.o (romfsMountSelf)
/opt/devkitpro/libctru/lib/libctru.a(os.o)
                              /opt/devkitpro/libctru/lib/libcitro3d.a(texture.o) (osConvertVirtToPhys)
/opt/devkitpro/libctru/lib/libctru.a(console.o)
                              main.o (consoleInit)
/opt/devkitpro/libctru/lib/libctru.a(path_buf.o)
                              /opt/devkitpro/libctru/lib/libctru.a(romfs_dev.o) (__ctru_dev_utf16_buf)
/opt/devkitpro/libctru/lib/libctru.a(font.o)
                              /opt/devkitpro/libctru/lib/libcitro2d.a(text.o) (fontEnsureMapped)
/opt/devkitpro/libctru/lib/libctru.a(gfx.o)
                              /opt/devkitpro/libctru/lib/libcitro2d.a(base.o) (gfxIsWide)
/opt/devkitpro/libctru/lib/libctru.a(shaderProgram.o)
                              /opt/devkitpro/libctru/lib/libcitro2d.a(base.o) (shaderInstanceGetUniformLocation)
/opt/devkitpro/libctru/lib/libctru.a(shbin.o)
                              /opt/devkitpro/libctru/lib/libcitro2d.a(base.o) (DVLB_ParseFile)
/opt/devkitpro/libctru/lib/libctru.a(gx.o)
                              /opt/devkitpro/libctru/lib/libcitro3d.a(renderqueue.o) (GX_BindQueue)
/opt/devkitpro/libctru/lib/libctru.a(gxqueue.o)
                              /opt/devkitpro/libctru/lib/libcitro3d.a(renderqueue.o) (gxCmdQueueClear)
/opt/devkitpro/libctru/lib/libctru.a(gpu.o)
                              /opt/devkitpro/libctru/lib/libcitro3d.a(base.o) (GPUCMD_Add)
/opt/devkitpro/libctru/lib/libctru.a(gspgpu.o)
                              /opt/devkitpro/libctru/lib/libctru.a(gfx.o) (gspInit)
/opt/devkitpro/libctru/lib/libctru.a(cfgu.o)
[...]
Memory Configuration

Name             Origin             Length             Attributes
*default*        0x0000000000000000 0xffffffffffffffff

Linker script and memory map

                0x0000000000100000                PROVIDE (__start__ = 0x100000)
                0x0000000000100000                . = __start__

.text           0x0000000000100000    0x2e9f4
 *(.crt0)
 .crt0          0x0000000000100000       0x94 /opt/devkitpro/devkitARM/bin/../lib/gcc/arm-none-eabi/10.2.0/../../../../arm-none-eabi/lib/armv6k/fpu/3dsx_crt0.o
                0x0000000000100000                _start
                0x0000000000100008                __service_ptr
                0x000000000010000c                __apt_appid
                0x0000000000100010                __heap_size
                0x0000000000100014                __linear_heap_size
                0x0000000000100018                __system_arglist
                0x000000000010001c                __system_runflags
 *(.init)
 .init          0x0000000000100094        0xc /opt/devkitpro/devkitARM/bin/../lib/gcc/arm-none-eabi/10.2.0/armv6k/fpu/crti.o
                0x0000000000100094                _init
 .init          0x00000000001000a0        0xc /opt/devkitpro/devkitARM/bin/../lib/gcc/arm-none-eabi/10.2.0/armv6k/fpu/crtn.o
                0x00000000001000ac                . = ALIGN (0x4)
 *(.text)
 .text          0x00000000001000ac      0x20c /opt/devkitpro/devkitARM/bin/../lib/gcc/arm-none-eabi/10.2.0/armv6k/fpu/libgcc.a(_udivsi3.o)
                0x00000000001000ac                __udivsi3
                0x00000000001000ac                __aeabi_uidiv
                0x0000000000100298                __aeabi_uidivmod
 .text          0x00000000001002b8      0x240 /opt/devkitpro/devkitARM/bin/../lib/gcc/arm-none-eabi/10.2.0/armv6k/fpu/libgcc.a(_divsi3.o)
                0x00000000001002b8                __aeabi_idiv
                0x00000000001002b8                __divsi3
                0x00000000001004d8                __aeabi_idivmod
 .text          0x00000000001004f8        0x4 /opt/devkitpro/devkitARM/bin/../lib/gcc/arm-none-eabi/10.2.0/armv6k/fpu/libgcc.a(_dvmd_tls.o)
                0x00000000001004f8                __aeabi_ldiv0
                0x00000000001004f8                __aeabi_idiv0
 .text          0x00000000001004fc      0x3c0 /opt/devkitpro/devkitARM/bin/../lib/gcc/arm-none-eabi/10.2.0/armv6k/fpu/libgcc.a(_arm_addsubdf3.o)
                0x00000000001004fc                __aeabi_drsub
                0x0000000000100504                __aeabi_dsub
                0x0000000000100504                __subdf3
                0x0000000000100508                __adddf3
                0x0000000000100508                __aeabi_dadd
                0x00000000001007b4                __aeabi_ui2d
                0x00000000001007b4                __floatunsidf
                0x00000000001007d8                __floatsidf
                0x00000000001007d8                __aeabi_i2d
                0x0000000000100800                __extendsfdf2
                0x0000000000100800                __aeabi_f2d
                0x0000000000100848                __aeabi_ul2d
                0x0000000000100848                __floatundidf
                0x000000000010085c                __floatdidf
                0x000000000010085c                __aeabi_l2d
 .text          0x00000000001008bc       0xd4 /opt/devkitpro/devkitARM/bin/../lib/gcc/arm-none-eabi/10.2.0/armv6k/fpu/libgcc.a(_aeabi_ldivmod.o)
                0x00000000001008bc                __aeabi_ldivmod
 .text          0x0000000000100990       0x3c /opt/devkitpro/devkitARM/bin/../lib/gcc/arm-none-eabi/10.2.0/armv6k/fpu/libgcc.a(_aeabi_uldivmod.o)
                0x0000000000100990                __aeabi_uldivmod
 *fill*         0x00000000001009cc       0x14 
 .text          0x00000000001009e0      0x390 /opt/devkitpro/devkitARM/bin/../lib/gcc/arm-none-eabi/10.2.0/../../../../arm-none-eabi/lib/armv6k/fpu/libg.a(lib_a-strcmp.o)
                0x00000000001009e8                strcmp
 *(.text.*)
 .text.__do_global_dtors_aux
                0x0000000000100d70       0x40 /opt/devkitpro/devkitARM/bin/../lib/gcc/arm-none-eabi/10.2.0/armv6k/fpu/crtbegin.o
 .text.frame_dummy
                0x0000000000100db0       0x2c /opt/devkitpro/devkitARM/bin/../lib/gcc/arm-none-eabi/10.2.0/armv6k/fpu/crtbegin.o
 .text.newBullet
                0x0000000000100ddc      0x110 bullet.o
                0x0000000000100ddc                newBullet
 .text.bulletScreenWarp
                0x0000000000100eec       0xe0 bullet.o
                0x0000000000100eec                bulletScreenWarp
 .text.bulletCheckCollisions
                0x0000000000100fcc      0x150 bullet.o
                0x0000000000100fcc                bulletCheckCollisions
 .text.bulletsProcess
                0x000000000010111c       0xd4 bullet.o
                0x000000000010111c                bulletsProcess
 .text.newCollisionBox
                0x00000000001011f0       0x58 collision.o
                0x00000000001011f0                newCollisionBox
 .text.checkCollision
                0x0000000000101248       0x98 collision.o
                0x0000000000101248                checkCollision
 .text.newAlien
                0x00000000001012e0      0x188 enemy.o
                0x00000000001012e0                newAlien
 .text.newShooter
                0x0000000000101468      0x18c enemy.o
                0x0000000000101468                newShooter
 .text.alienMove
                0x00000000001015f4       0xb8 enemy.o
                0x00000000001015f4                alienMove
 .text.aliensProcess
                0x00000000001016ac      0x144 enemy.o
                0x00000000001016ac                aliensProcess
 .text.shootersProcess
                0x00000000001017f0      0x18c enemy.o
                0x00000000001017f0                shootersProcess
 .text.killAlien
                0x000000000010197c       0x90 enemy.o
                0x000000000010197c                killAlien
 .text.killShooter
                0x0000000000101a0c       0x74 enemy.o
                0x0000000000101a0c                killShooter
 .text.enemySpawner
                0x0000000000101a80      0x12c enemySpawner.o
                0x0000000000101a80                enemySpawner
 .text.storeGameValues
                0x0000000000101bac       0x60 game.o
                0x0000000000101bac                storeGameValues
 .text.readGameValues
                0x0000000000101c0c       0x90 game.o
                0x0000000000101c0c                readGameValues
 .text.checkSystemStatus
                0x0000000000101c9c       0xa8 main.o
                0x0000000000101c9c                checkSystemStatus
 .text.startup.main
                0x0000000000101d44      0x208 main.o
                0x0000000000101d44                main
 .text.initPlayer
                0x0000000000101f4c       0x90 player.o
                0x0000000000101f4c                initPlayer
 .text.playerProcess
                0x0000000000101fdc      0x260 player.o
                0x0000000000101fdc                playerProcess
 .text.playerHit
                0x000000000010223c       0x28 player.o
                0x000000000010223c                playerHit
 *fill*         0x0000000000102264        0x4 
 .text.newSprite
                0x0000000000102268      0x12c sprite.o
                0x0000000000102268                newSprite
 .text.killSprite
                0x0000000000102394       0x34 sprite.o
                0x0000000000102394                killSprite
 .text.initTextEnv
                0x00000000001023c8       0x30 text.o
                0x00000000001023c8                initTextEnv
 .text.newText  0x00000000001023f8       0x88 text.o
                0x00000000001023f8                newText
 .text.renderAllText
                0x0000000000102480       0x6c text.o
                0x0000000000102480                renderAllText
 .text.createVector2D
                0x00000000001024ec        0xc vector2D.o
                0x00000000001024ec                createVector2D
 .text.getVector2DLength
                0x00000000001024f8       0x40 vector2D.o
                0x00000000001024f8                getVector2DLength
 .text.getVector2DNormalized
                0x0000000000102538       0x6c vector2D.o
                0x0000000000102538                getVector2DNormalized
 .text.sign     0x00000000001025a4       0x14 vector2D.o
                0x00000000001025a4                sign
 .text.C2Di_FrameEndHook
                0x00000000001025b8       0x34 /opt/devkitpro/libctru/lib/libcitro2d.a(base.o)
 *fill*         0x00000000001025ec        0x4 
 .text.C2D_Init
                0x00000000001025f0      0x330 /opt/devkitpro/libctru/lib/libcitro2d.a(base.o)
                0x00000000001025f0                C2D_Init
 .text.C2D_Fini
                0x0000000000102920       0x44 /opt/devkitpro/libctru/lib/libcitro2d.a(base.o)
                0x0000000000102920                C2D_Fini
 .text.C2D_Prepare
                0x0000000000102964       0xd0 /opt/devkitpro/libctru/lib/libcitro2d.a(base.o)
                0x0000000000102964                C2D_Prepare
 .text.C2D_Flush
                0x0000000000102a34       0x3c /opt/devkitpro/libctru/lib/libcitro2d.a(base.o)
                0x0000000000102a34                C2D_Flush
 .text.C2D_SceneSize
                0x0000000000102a70      0x108 /opt/devkitpro/libctru/lib/libcitro2d.a(base.o)
                0x0000000000102a70                C2D_SceneSize
 .text.C2D_CreateScreenTarget
                0x0000000000102b78       0x58 /opt/devkitpro/libctru/lib/libcitro2d.a(base.o)
                0x0000000000102b78                C2D_CreateScreenTarget
 .text.C2D_TargetClear
                0x0000000000102bd0       0x58 /opt/devkitpro/libctru/lib/libcitro2d.a(base.o)
                0x0000000000102bd0                C2D_TargetClear
 .text.C2Di_CalcQuad
                0x0000000000102c28      0x13c /opt/devkitpro/libctru/lib/libcitro2d.a(base.o)
                0x0000000000102c28                C2Di_CalcQuad
 .text.C2Di_AppendVtx
                0x0000000000102d64       0x40 /opt/devkitpro/libctru/lib/libcitro2d.a(base.o)
                0x0000000000102d64                C2Di_AppendVtx
 .text.C2Di_Update
                0x0000000000102da4      0x22c /opt/devkitpro/libctru/lib/libcitro2d.a(base.o)
                0x0000000000102da4                C2Di_Update
 .text.C2D_DrawImage
                0x0000000000102fd0      0x2f8 /opt/devkitpro/libctru/lib/libcitro2d.a(base.o)
                0x0000000000102fd0                C2D_DrawImage
 .text.C2Di_CalcLineWidths
                0x00000000001032c8      0x140 /opt/devkitpro/libctru/lib/libcitro2d.a(text.o)
 .text.C2D_TextBufNew
                0x0000000000103408      0x1d0 /opt/devkitpro/libctru/lib/libcitro2d.a(text.o)
                0x0000000000103408                C2D_TextBufNew
 .text.C2D_TextFontParseLine
                0x00000000001035d8      0x1c8 /opt/devkitpro/libctru/lib/libcitro2d.a(text.o)
                0x00000000001035d8                C2D_TextFontParseLine
 .text.C2D_TextFontParse
                0x00000000001037a0       0xa8 /opt/devkitpro/libctru/lib/libcitro2d.a(text.o)
                0x00000000001037a0                C2D_TextFontParse
 .text.C2D_DrawText
                0x0000000000103848     0x10d4 /opt/devkitpro/libctru/lib/libcitro2d.a(text.o)
                0x0000000000103848                C2D_DrawText
 .text.C2D_SpriteSheetLoadFromHandle
                0x000000000010491c       0x6c /opt/devkitpro/libctru/lib/libcitro2d.a(spritesheet.o)
                0x000000000010491c                C2D_SpriteSheetLoadFromHandle
 .text.C2D_SpriteSheetLoad
                0x0000000000104988       0x48 /opt/devkitpro/libctru/lib/libcitro2d.a(spritesheet.o)
                0x0000000000104988                C2D_SpriteSheetLoad
 .text.C2D_SpriteSheetFree
                0x00000000001049d0       0x28 /opt/devkitpro/libctru/lib/libcitro2d.a(spritesheet.o)
                0x00000000001049d0                C2D_SpriteSheetFree
 .text.C2D_SpriteSheetGetImage
                0x00000000001049f8       0x2c /opt/devkitpro/libctru/lib/libcitro2d.a(spritesheet.o)
                0x00000000001049f8                C2D_SpriteSheetGetImage
 .text.C2D_FontFree
                0x0000000000104a24       0x28 /opt/devkitpro/libctru/lib/libcitro2d.a(font.o)
                0x0000000000104a24                C2D_FontFree
 .text.C2Di_PostLoadFont
                0x0000000000104a4c       0xf0 /opt/devkitpro/libctru/lib/libcitro2d.a(font.o)
 .text.C2D_FontLoadFromHandle
                0x0000000000104b3c       0xb4 /opt/devkitpro/libctru/lib/libcitro2d.a(font.o)
                0x0000000000104b3c                C2D_FontLoadFromHandle
 .text.C2D_FontLoad
                0x0000000000104bf0       0x34 /opt/devkitpro/libctru/lib/libcitro2d.a(font.o)
                0x0000000000104bf0                C2D_FontLoad
 .text.C2D_FontGlyphIndexFromCodePoint
                0x0000000000104c24       0x44 /opt/devkitpro/libctru/lib/libcitro2d.a(font.o)
                0x0000000000104c24                C2D_FontGlyphIndexFromCodePoint
 .text.C2D_FontCalcGlyphPos
                0x0000000000104c68       0x78 /opt/devkitpro/libctru/lib/libcitro2d.a(font.o)
                0x0000000000104c68                C2D_FontCalcGlyphPos
 .text.C3Di_LightEnvUpdate
                0x0000000000104ce0        0x4 /opt/devkitpro/libctru/lib/libcitro3d.a(base.o)
                0x0000000000104ce0                C3Di_LightEnvUpdate
 .text.C3Di_LightEnvDirty
                0x0000000000104ce4        0x4 /opt/devkitpro/libctru/lib/libcitro3d.a(base.o)
                0x0000000000104ce4                C3Di_LightEnvDirty
 .text.C3Di_AptEventHook
                0x0000000000104ce8       0xb4 /opt/devkitpro/libctru/lib/libcitro3d.a(base.o)
 .text.C3Di_GasUpdate
                0x0000000000104d9c        0x4 /opt/devkitpro/libctru/lib/libcitro3d.a(base.o)
                0x0000000000104d9c                C3Di_GasUpdate
 .text.C3D_Init
                0x0000000000104da0      0x1e0 /opt/devkitpro/libctru/lib/libcitro3d.a(base.o)
                0x0000000000104da0                C3D_Init
 .text.C3D_SetViewport
                0x0000000000104f80       0x98 /opt/devkitpro/libctru/lib/libcitro3d.a(base.o)
                0x0000000000104f80                C3D_SetViewport
 .text.C3Di_UpdateContext
                0x0000000000105018      0x4ec /opt/devkitpro/libctru/lib/libcitro3d.a(base.o)
                0x0000000000105018                C3Di_UpdateContext
 .text.C3Di_SplitFrame
                0x0000000000105504       0xe0 /opt/devkitpro/libctru/lib/libcitro3d.a(base.o)
                0x0000000000105504                C3Di_SplitFrame
 .text.C3D_Fini
                0x00000000001055e4       0x44 /opt/devkitpro/libctru/lib/libcitro3d.a(base.o)
                0x00000000001055e4                C3D_Fini
 .text.C3D_BindProgram
                0x0000000000105628      0x108 /opt/devkitpro/libctru/lib/libcitro3d.a(base.o)
                0x0000000000105628                C3D_BindProgram
 .text.onVBlank0
                0x0000000000105730       0x4c /opt/devkitpro/libctru/lib/libcitro3d.a(renderqueue.o)
 .text.onVBlank1
                0x000000000010577c       0x4c /opt/devkitpro/libctru/lib/libcitro3d.a(renderqueue.o)
 .text.C3Di_RenderTargetDestroy
                0x00000000001057c8       0x80 /opt/devkitpro/libctru/lib/libcitro3d.a(renderqueue.o)
 .text.onQueueFinish
                0x0000000000105848       0xf4 /opt/devkitpro/libctru/lib/libcitro3d.a(renderqueue.o)
 .text.C3Di_RenderQueueEnableVBlank
                0x000000000010593c       0x38 /opt/devkitpro/libctru/lib/libcitro3d.a(renderqueue.o)
                0x000000000010593c                C3Di_RenderQueueEnableVBlank
 .text.C3Di_RenderQueueDisableVBlank
                0x0000000000105974       0x30 /opt/devkitpro/libctru/lib/libcitro3d.a(renderqueue.o)
                0x0000000000105974                C3Di_RenderQueueDisableVBlank
 .text.C3Di_RenderQueueInit
                0x00000000001059a4       0x60 /opt/devkitpro/libctru/lib/libcitro3d.a(renderqueue.o)
                0x00000000001059a4                C3Di_RenderQueueInit
 .text.C3Di_RenderQueueExit
                0x0000000000105a04       0xb0 /opt/devkitpro/libctru/lib/libcitro3d.a(renderqueue.o)
                0x0000000000105a04                C3Di_RenderQueueExit
 .text.C3Di_RenderQueueWaitDone
                0x0000000000105ab4       0x34 /opt/devkitpro/libctru/lib/libcitro3d.a(renderqueue.o)
                0x0000000000105ab4                C3Di_RenderQueueWaitDone
 .text.C3D_FrameBegin
                0x0000000000105ae8       0xe4 /opt/devkitpro/libctru/lib/libcitro3d.a(renderqueue.o)
                0x0000000000105ae8                C3D_FrameBegin
 .text.C3D_FrameDrawOn
                0x0000000000105bcc       0x48 /opt/devkitpro/libctru/lib/libcitro3d.a(renderqueue.o)
                0x0000000000105bcc                C3D_FrameDrawOn
 .text.C3D_FrameSplit
                0x0000000000105c14       0x58 /opt/devkitpro/libctru/lib/libcitro3d.a(renderqueue.o)
                0x0000000000105c14                C3D_FrameSplit
 .text.C3D_FrameEnd
                0x0000000000105c6c      0x1d8 /opt/devkitpro/libctru/lib/libcitro3d.a(renderqueue.o)
                0x0000000000105c6c                C3D_FrameEnd
 .text.C3D_FrameEndHook
                0x0000000000105e44       0x1c /opt/devkitpro/libctru/lib/libcitro3d.a(renderqueue.o)
                0x0000000000105e44                C3D_FrameEndHook
 .text.C3D_GetDrawingTime
                0x0000000000105e60       0x18 /opt/devkitpro/libctru/lib/libcitro3d.a(renderqueue.o)
                0x0000000000105e60                C3D_GetDrawingTime
 .text.C3D_GetProcessingTime
                0x0000000000105e78       0x18 /opt/devkitpro/libctru/lib/libcitro3d.a(renderqueue.o)
                0x0000000000105e78                C3D_GetProcessingTime
 .text.C3D_RenderTargetCreate
                0x0000000000105e90      0x128 /opt/devkitpro/libctru/lib/libcitro3d.a(renderqueue.o)
                0x0000000000105e90                C3D_RenderTargetCreate
 .text.C3D_RenderTargetSetOutput
                0x0000000000105fb8       0x4c /opt/devkitpro/libctru/lib/libcitro3d.a(renderqueue.o)
                0x0000000000105fb8                C3D_RenderTargetSetOutput
 .text.C3D_SyncTextureCopy
                0x0000000000106004       0xfc /opt/devkitpro/libctru/lib/libcitro3d.a(renderqueue.o)
                0x0000000000106004                C3D_SyncTextureCopy
 .text.C3D_TexInitWithParams
                0x0000000000106100      0x2a0 /opt/devkitpro/libctru/lib/libcitro3d.a(texture.o)
                0x0000000000106100                C3D_TexInitWithParams
 .text.C3D_TexLoadImage
                0x00000000001063a0       0xc8 /opt/devkitpro/libctru/lib/libcitro3d.a(texture.o)
                0x00000000001063a0                C3D_TexLoadImage
 .text.C3D_TexBind
                0x0000000000106468       0x44 /opt/devkitpro/libctru/lib/libcitro3d.a(texture.o)
                0x0000000000106468                C3D_TexBind
 .text.C3D_TexDelete
                0x00000000001064ac       0x74 /opt/devkitpro/libctru/lib/libcitro3d.a(texture.o)
                0x00000000001064ac                C3D_TexDelete
 .text.C3Di_SetTex
                0x0000000000106520      0x16c /opt/devkitpro/libctru/lib/libcitro3d.a(texture.o)
                0x0000000000106520                C3Di_SetTex
 .text.Tex3DSi_ImportCommon
                0x000000000010668c      0x3f4 /opt/devkitpro/libctru/lib/libcitro3d.a(tex3ds.o)
 .text.Tex3DS_TextureImportStdio
                0x0000000000106a80       0x38 /opt/devkitpro/libctru/lib/libcitro3d.a(tex3ds.o)
                0x0000000000106a80                Tex3DS_TextureImportStdio
 .text.Tex3DS_GetSubTexture
                0x0000000000106ab8       0x1c /opt/devkitpro/libctru/lib/libcitro3d.a(tex3ds.o)
                0x0000000000106ab8                Tex3DS_GetSubTexture
 .text.Tex3DS_TextureFree
                0x0000000000106ad4        0x4 /opt/devkitpro/libctru/lib/libcitro3d.a(tex3ds.o)
                0x0000000000106ad4                Tex3DS_TextureFree
 .text.C3D_CalcColorBufSize
                0x0000000000106ad8       0x1c /opt/devkitpro/libctru/lib/libcitro3d.a(framebuffer.o)
                0x0000000000106ad8                C3D_CalcColorBufSize
 .text.C3D_CalcDepthBufSize
                0x0000000000106af4       0x1c /opt/devkitpro/libctru/lib/libcitro3d.a(framebuffer.o)
                0x0000000000106af4                C3D_CalcDepthBufSize
 .text.C3D_SetFrameBuf
                0x0000000000106b10       0x44 /opt/devkitpro/libctru/lib/libcitro3d.a(framebuffer.o)
                0x0000000000106b10                C3D_SetFrameBuf
 .text.C3Di_FrameBufBind
                0x0000000000106b54      0x16c /opt/devkitpro/libctru/lib/libcitro3d.a(framebuffer.o)
                0x0000000000106b54                C3Di_FrameBufBind
 .text.C3D_FrameBufClear
                0x0000000000106cc0       0xcc /opt/devkitpro/libctru/lib/libcitro3d.a(framebuffer.o)
                0x0000000000106cc0                C3D_FrameBufClear
 .text.C3D_FrameBufTransfer
                0x0000000000106d8c       0x44 /opt/devkitpro/libctru/lib/libcitro3d.a(framebuffer.o)
                0x0000000000106d8c                C3D_FrameBufTransfer
 .text.C3D_GetTexEnv
                0x0000000000106dd0       0x34 /opt/devkitpro/libctru/lib/libcitro3d.a(texenv.o)
                0x0000000000106dd0                C3D_GetTexEnv
 .text.C3Di_TexEnvBind
                0x0000000000106e04       0x24 /opt/devkitpro/libctru/lib/libcitro3d.a(texenv.o)
                0x0000000000106e04                C3Di_TexEnvBind
 .text.C3D_ProcTexInit
                0x0000000000106e28       0x70 /opt/devkitpro/libctru/lib/libcitro3d.a(proctex.o)
                0x0000000000106e28                C3D_ProcTexInit
 .text.C3D_ProcTexBind
                0x0000000000106e98       0x54 /opt/devkitpro/libctru/lib/libcitro3d.a(proctex.o)
                0x0000000000106e98                C3D_ProcTexBind
 .text.C3D_ProcTexLutBind
                0x0000000000106eec       0x5c /opt/devkitpro/libctru/lib/libcitro3d.a(proctex.o)
                0x0000000000106eec                C3D_ProcTexLutBind
 .text.ProcTexLut_FromArray
                0x0000000000106f48       0xa4 /opt/devkitpro/libctru/lib/libcitro3d.a(proctex.o)
                0x0000000000106f48                ProcTexLut_FromArray
 .text.C3Di_ProcTexUpdate
                0x0000000000106fec      0x17c /opt/devkitpro/libctru/lib/libcitro3d.a(proctex.o)
                0x0000000000106fec                C3Di_ProcTexUpdate
 .text.C3Di_ProcTexDirty
                0x0000000000107168       0x68 /opt/devkitpro/libctru/lib/libcitro3d.a(proctex.o)
                0x0000000000107168                C3Di_ProcTexDirty
 .text.BufInfo_Init
                0x00000000001071d0       0x24 /opt/devkitpro/libctru/lib/libcitro3d.a(buffers.o)
                0x00000000001071d0                BufInfo_Init
 .text.BufInfo_Add
                0x00000000001071f4       0x80 /opt/devkitpro/libctru/lib/libcitro3d.a(buffers.o)
                0x00000000001071f4                BufInfo_Add
 .text.C3D_SetBufInfo
                0x0000000000107274       0x40 /opt/devkitpro/libctru/lib/libcitro3d.a(buffers.o)
                0x0000000000107274                C3D_SetBufInfo
 .text.C3Di_BufInfoBind
                0x00000000001072b4       0x48 /opt/devkitpro/libctru/lib/libcitro3d.a(buffers.o)
                0x00000000001072b4                C3Di_BufInfoBind
 .text.C3D_DrawArrays
                0x00000000001072fc      0x148 /opt/devkitpro/libctru/lib/libcitro3d.a(drawArrays.o)
                0x00000000001072fc                C3D_DrawArrays
 .text.C3D_DepthMap
                0x0000000000107444       0x40 /opt/devkitpro/libctru/lib/libcitro3d.a(effect.o)
                0x0000000000107444                C3D_DepthMap
 .text.C3D_CullFace
                0x0000000000107484       0x1c /opt/devkitpro/libctru/lib/libcitro3d.a(effect.o)
                0x0000000000107484                C3D_CullFace
 .text.C3D_StencilTest
                0x00000000001074a0       0x40 /opt/devkitpro/libctru/lib/libcitro3d.a(effect.o)
                0x00000000001074a0                C3D_StencilTest
 .text.C3D_StencilOp
                0x00000000001074e0       0x24 /opt/devkitpro/libctru/lib/libcitro3d.a(effect.o)
                0x00000000001074e0                C3D_StencilOp
 .text.C3D_BlendingColor
                0x0000000000107504       0x1c /opt/devkitpro/libctru/lib/libcitro3d.a(effect.o)
                0x0000000000107504                C3D_BlendingColor
 .text.C3D_EarlyDepthTest
                0x0000000000107520       0x24 /opt/devkitpro/libctru/lib/libcitro3d.a(effect.o)
                0x0000000000107520                C3D_EarlyDepthTest
 .text.C3D_DepthTest
                0x0000000000107544       0x2c /opt/devkitpro/libctru/lib/libcitro3d.a(effect.o)
                0x0000000000107544                C3D_DepthTest
 .text.C3D_AlphaTest
                0x0000000000107570       0x2c /opt/devkitpro/libctru/lib/libcitro3d.a(effect.o)
                0x0000000000107570                C3D_AlphaTest
 .text.C3D_AlphaBlend
                0x000000000010759c       0x50 /opt/devkitpro/libctru/lib/libcitro3d.a(effect.o)
                0x000000000010759c                C3D_AlphaBlend
 .text.C3D_FragOpMode
                0x00000000001075ec       0x30 /opt/devkitpro/libctru/lib/libcitro3d.a(effect.o)
                0x00000000001075ec                C3D_FragOpMode
 .text.C3D_FragOpShadow
                0x000000000010761c       0x44 /opt/devkitpro/libctru/lib/libcitro3d.a(effect.o)
                0x000000000010761c                C3D_FragOpShadow
 .text.C3Di_EffectBind
                0x0000000000107660      0x1ac /opt/devkitpro/libctru/lib/libcitro3d.a(effect.o)
                0x0000000000107660                C3Di_EffectBind
 .text.AttrInfo_Init
                0x000000000010780c       0x28 /opt/devkitpro/libctru/lib/libcitro3d.a(attribs.o)
                0x000000000010780c                AttrInfo_Init
 .text.AttrInfo_AddLoader
                0x0000000000107834       0x98 /opt/devkitpro/libctru/lib/libcitro3d.a(attribs.o)
                0x0000000000107834                AttrInfo_AddLoader
 .text.C3D_SetAttrInfo
                0x00000000001078cc       0x54 /opt/devkitpro/libctru/lib/libcitro3d.a(attribs.o)
                0x00000000001078cc                C3D_SetAttrInfo
 .text.C3Di_AttrInfoBind
                0x0000000000107920       0x80 /opt/devkitpro/libctru/lib/libcitro3d.a(attribs.o)
                0x0000000000107920                C3Di_AttrInfoBind
 .text.C3D_ImmSendAttrib
                0x00000000001079a0       0xa8 /opt/devkitpro/libctru/lib/libcitro3d.a(immediate.o)
                0x00000000001079a0                C3D_ImmSendAttrib
 .text.C3D_UpdateUniforms
                0x0000000000107a48      0x29c /opt/devkitpro/libctru/lib/libcitro3d.a(uniforms.o)
                0x0000000000107a48                C3D_UpdateUniforms
 .text.C3Di_DirtyUniforms
                0x0000000000107ce4       0xc0 /opt/devkitpro/libctru/lib/libcitro3d.a(uniforms.o)
                0x0000000000107ce4                C3Di_DirtyUniforms
 .text.C3Di_LoadShaderUniforms
                0x0000000000107da4       0xd8 /opt/devkitpro/libctru/lib/libcitro3d.a(uniforms.o)
                0x0000000000107da4                C3Di_LoadShaderUniforms
 .text.C3Di_ClearShaderUniforms
                0x0000000000107e7c       0x28 /opt/devkitpro/libctru/lib/libcitro3d.a(uniforms.o)
                0x0000000000107e7c                C3Di_ClearShaderUniforms
 .text.Mtx_Ortho
                0x0000000000107ea4       0xcc /opt/devkitpro/libctru/lib/libcitro3d.a(mtx_ortho.o)
                0x0000000000107ea4                Mtx_Ortho
 .text.Mtx_OrthoTilt
                0x0000000000107f70       0xcc /opt/devkitpro/libctru/lib/libcitro3d.a(mtx_orthotilt.o)
                0x0000000000107f70                Mtx_OrthoTilt
 .text._ZL21addrMapNodeComparatorPK11rbtree_nodeS1_
                0x000000000010803c       0x24 /opt/devkitpro/libctru/lib/libctru.a(vram.o)
 .text._ZL21addrMapNodeDestructorP11rbtree_node
                0x0000000000108060        0x4 /opt/devkitpro/libctru/lib/libctru.a(vram.o)
 .text.vramMemAlign
                0x0000000000108064      0x114 /opt/devkitpro/libctru/lib/libctru.a(vram.o)
                0x0000000000108064                vramMemAlign
 .text.vramAlloc
                0x0000000000108178        0x8 /opt/devkitpro/libctru/lib/libctru.a(vram.o)
                0x0000000000108178                vramAlloc
 .text.vramFree
                0x0000000000108180       0x5c /opt/devkitpro/libctru/lib/libctru.a(vram.o)
                0x0000000000108180                vramFree
 .text._ZL21addrMapNodeComparatorPK11rbtree_nodeS1_
                0x00000000001081dc       0x24 /opt/devkitpro/libctru/lib/libctru.a(linear.o)
 .text._ZL21addrMapNodeDestructorP11rbtree_node
                0x0000000000108200        0x4 /opt/devkitpro/libctru/lib/libctru.a(linear.o)
 .text.linearMemAlign
                0x0000000000108204      0x120 /opt/devkitpro/libctru/lib/libctru.a(linear.o)
                0x0000000000108204                linearMemAlign
 .text.linearAlloc
                0x0000000000108324        0x8 /opt/devkitpro/libctru/lib/libctru.a(linear.o)
                0x0000000000108324                linearAlloc
 .text.linearFree
                0x000000000010832c       0x5c /opt/devkitpro/libctru/lib/libctru.a(linear.o)
                0x000000000010832c                linearFree
 .text._ZN7MemPool13CoalesceRightEP8MemBlock
                0x0000000000108388       0x84 /opt/devkitpro/libctru/lib/libctru.a(mem_pool.o)
                0x0000000000108388                MemPool::CoalesceRight(MemBlock*)
 .text._ZN7MemPool8AllocateER8MemChunkmi
                0x000000000010840c      0x170 /opt/devkitpro/libctru/lib/libctru.a(mem_pool.o)
                0x000000000010840c                MemPool::Allocate(MemChunk&, unsigned long, int)
 .text._ZN7MemPool10DeallocateERK8MemChunk
                0x000000000010857c       0xfc /opt/devkitpro/libctru/lib/libctru.a(mem_pool.o)
                0x000000000010857c                MemPool::Deallocate(MemChunk const&)
 .text.romfs_close
                0x0000000000108678        0x8 /opt/devkitpro/libctru/lib/libctru.a(romfs_dev.o)
 .text.romfs_seek
                0x0000000000108680       0xc8 /opt/devkitpro/libctru/lib/libctru.a(romfs_dev.o)
 .text.romfs_dirreset
                0x0000000000108748       0x24 /opt/devkitpro/libctru/lib/libctru.a(romfs_dev.o)
 .text.fill_dir
                0x000000000010876c       0xc8 /opt/devkitpro/libctru/lib/libctru.a(romfs_dev.o)
 .text.romfs_dirnext
                0x0000000000108834      0x2b0 /opt/devkitpro/libctru/lib/libctru.a(romfs_dev.o)
 .text.romfs_free
                0x0000000000108ae4       0x84 /opt/devkitpro/libctru/lib/libctru.a(romfs_dev.o)
 .text.searchForFile.constprop.0
                0x0000000000108b68       0xd4 /opt/devkitpro/libctru/lib/libctru.a(romfs_dev.o)
 .text.searchForDir.constprop.0
                0x0000000000108c3c       0xd8 /opt/devkitpro/libctru/lib/libctru.a(romfs_dev.o)
 .text.navigateToDir.constprop.0
                0x0000000000108d14      0x1c0 /opt/devkitpro/libctru/lib/libctru.a(romfs_dev.o)
 .text.romfs_open
                0x0000000000108ed4      0x128 /opt/devkitpro/libctru/lib/libctru.a(romfs_dev.o)
 .text.romfs_chdir
                0x0000000000108ffc       0x4c /opt/devkitpro/libctru/lib/libctru.a(romfs_dev.o)
 .text.romfs_diropen
                0x0000000000109048       0x70 /opt/devkitpro/libctru/lib/libctru.a(romfs_dev.o)
 .text.romfs_stat
                0x00000000001090b8      0x17c /opt/devkitpro/libctru/lib/libctru.a(romfs_dev.o)
 .text.romfs_dirclose
                0x0000000000109234        0x8 /opt/devkitpro/libctru/lib/libctru.a(romfs_dev.o)
 .text.romfs_fstat
                0x000000000010923c       0x7c /opt/devkitpro/libctru/lib/libctru.a(romfs_dev.o)
 .text.romfs_read
                0x00000000001092b8       0xd4 /opt/devkitpro/libctru/lib/libctru.a(romfs_dev.o)
 .text.romfsMountFromFile
                0x000000000010938c      0x290 /opt/devkitpro/libctru/lib/libctru.a(romfs_dev.o)
                0x000000000010938c                romfsMountFromFile
 .text.romfsMountFromCurrentProcess
                0x000000000010961c       0x98 /opt/devkitpro/libctru/lib/libctru.a(romfs_dev.o)
                0x000000000010961c                romfsMountFromCurrentProcess
 .text.romfsMountSelf
                0x00000000001096b4      0x25c /opt/devkitpro/libctru/lib/libctru.a(romfs_dev.o)
                0x00000000001096b4                romfsMountSelf
 .text.romfsUnmount
                0x0000000000109910       0xac /opt/devkitpro/libctru/lib/libctru.a(romfs_dev.o)
                0x0000000000109910                romfsUnmount
 .text.osConvertVirtToPhys
                0x00000000001099bc       0x74 /opt/devkitpro/libctru/lib/libctru.a(os.o)
                0x00000000001099bc                osConvertVirtToPhys
 .text.osGetTimeRef
                0x0000000000109a30       0x54 /opt/devkitpro/libctru/lib/libctru.a(os.o)
                0x0000000000109a30                osGetTimeRef
 .text.osGetTime
                0x0000000000109a84       0xe4 /opt/devkitpro/libctru/lib/libctru.a(os.o)
                0x0000000000109a84                osGetTime
 .text.__libctru_gtod
                0x0000000000109b68       0x74 /opt/devkitpro/libctru/lib/libctru.a(os.o)
                0x0000000000109b68                __libctru_gtod
 *fill*         0x0000000000109bdc        0x4 
 .text.osTickCounterRead
                0x0000000000109be0       0x38 /opt/devkitpro/libctru/lib/libctru.a(os.o)
                0x0000000000109be0                osTickCounterRead
 .text.__ctru_speedup_config
                0x0000000000109c18       0x34 /opt/devkitpro/libctru/lib/libctru.a(os.o)
                0x0000000000109c18                __ctru_speedup_config
 .text.consoleDrawChar
                0x0000000000109c4c      0x178 /opt/devkitpro/libctru/lib/libctru.a(console.o)
                0x0000000000109c4c                consoleDrawChar
 .text.consolePrintChar
                0x0000000000109dc4      0x124 /opt/devkitpro/libctru/lib/libctru.a(console.o)
                0x0000000000109dc4                consolePrintChar
 .text.con_write
                0x0000000000109ee8      0xa00 /opt/devkitpro/libctru/lib/libctru.a(console.o)
                0x0000000000109ee8                con_write
 .text.consoleInit
                0x000000000010a8e8      0x168 /opt/devkitpro/libctru/lib/libctru.a(console.o)
                0x000000000010a8e8                consoleInit
 .text.newRow   0x000000000010aa50       0xf4 /opt/devkitpro/libctru/lib/libctru.a(console.o)
 .text.fontEnsureMapped
                0x000000000010ab44       0x9c /opt/devkitpro/libctru/lib/libctru.a(font.o)
                0x000000000010ab44                fontEnsureMapped
 .text.fontFixPointers
                0x000000000010abe0       0x7c /opt/devkitpro/libctru/lib/libctru.a(font.o)
                0x000000000010abe0                fontFixPointers
 .text.fontGlyphIndexFromCodePoint
                0x000000000010ac5c       0xfc /opt/devkitpro/libctru/lib/libctru.a(font.o)
                0x000000000010ac5c                fontGlyphIndexFromCodePoint
 .text.fontGetCharWidthInfo
                0x000000000010ad58       0x6c /opt/devkitpro/libctru/lib/libctru.a(font.o)
                0x000000000010ad58                fontGetCharWidthInfo
 .text.fontCalcGlyphPos
                0x000000000010adc4      0x1c0 /opt/devkitpro/libctru/lib/libctru.a(font.o)
                0x000000000010adc4                fontCalcGlyphPos
 .text.gfxPresentFramebuffer
                0x000000000010af84       0xd0 /opt/devkitpro/libctru/lib/libctru.a(gfx.o)
 .text.gfxIsWide
                0x000000000010b054       0x1c /opt/devkitpro/libctru/lib/libctru.a(gfx.o)
                0x000000000010b054                gfxIsWide
 .text.gfxSetScreenFormat
                0x000000000010b070       0xec /opt/devkitpro/libctru/lib/libctru.a(gfx.o)
                0x000000000010b070                gfxSetScreenFormat
 .text.gfxSetDoubleBuffering
                0x000000000010b15c       0x10 /opt/devkitpro/libctru/lib/libctru.a(gfx.o)
                0x000000000010b15c                gfxSetDoubleBuffering
 .text.gfxInit  0x000000000010b16c      0x108 /opt/devkitpro/libctru/lib/libctru.a(gfx.o)
                0x000000000010b16c                gfxInit
 .text.gfxInitDefault
                0x000000000010b274       0x10 /opt/devkitpro/libctru/lib/libctru.a(gfx.o)
                0x000000000010b274                gfxInitDefault
 .text.gfxExit  0x000000000010b284       0xb4 /opt/devkitpro/libctru/lib/libctru.a(gfx.o)
                0x000000000010b284                gfxExit
 .text.gfxGetFramebuffer
                0x000000000010b338       0xa0 /opt/devkitpro/libctru/lib/libctru.a(gfx.o)
                0x000000000010b338                gfxGetFramebuffer
 .text.gfxFlushBuffers
                0x000000000010b3d8      0x10c /opt/devkitpro/libctru/lib/libctru.a(gfx.o)
                0x000000000010b3d8                gfxFlushBuffers
 .text.gfxScreenSwapBuffers
                0x000000000010b4e4       0x30 /opt/devkitpro/libctru/lib/libctru.a(gfx.o)
                0x000000000010b4e4                gfxScreenSwapBuffers
 .text.gfxSwapBuffersGpu
                0x000000000010b514       0x50 /opt/devkitpro/libctru/lib/libctru.a(gfx.o)
                0x000000000010b514                gfxSwapBuffersGpu
 .text.shaderInstanceInit
                0x000000000010b564      0x1e0 /opt/devkitpro/libctru/lib/libctru.a(shaderProgram.o)
                0x000000000010b564                shaderInstanceInit
 .text.shaderInstanceGetUniformLocation
                0x000000000010b744       0x18 /opt/devkitpro/libctru/lib/libctru.a(shaderProgram.o)
                0x000000000010b744                shaderInstanceGetUniformLocation
 .text.shaderProgramInit
                0x000000000010b75c       0x1c /opt/devkitpro/libctru/lib/libctru.a(shaderProgram.o)
                0x000000000010b75c                shaderProgramInit
 .text.shaderProgramFree
                0x000000000010b778       0x64 /opt/devkitpro/libctru/lib/libctru.a(shaderProgram.o)
                0x000000000010b778                shaderProgramFree
 .text.shaderProgramSetVsh
                0x000000000010b7dc       0x80 /opt/devkitpro/libctru/lib/libctru.a(shaderProgram.o)
                0x000000000010b7dc                shaderProgramSetVsh
 .text.shaderProgramConfigure
                0x000000000010b85c      0x8c0 /opt/devkitpro/libctru/lib/libctru.a(shaderProgram.o)
                0x000000000010b85c                shaderProgramConfigure
 .text.DVLE_GenerateOutmap.part.0
                0x000000000010c11c      0x1f8 /opt/devkitpro/libctru/lib/libctru.a(shbin.o)
 .text.DVLB_ParseFile
                0x000000000010c314      0x1cc /opt/devkitpro/libctru/lib/libctru.a(shbin.o)
                0x000000000010c314                DVLB_ParseFile
 .text.DVLB_Free
                0x000000000010c4e0       0x38 /opt/devkitpro/libctru/lib/libctru.a(shbin.o)
                0x000000000010c4e0                DVLB_Free
 .text.DVLE_GetUniformRegister
                0x000000000010c518       0x74 /opt/devkitpro/libctru/lib/libctru.a(shbin.o)
                0x000000000010c518                DVLE_GetUniformRegister
 .text.GX_BindQueue
                0x000000000010c58c       0x10 /opt/devkitpro/libctru/lib/libctru.a(gx.o)
                0x000000000010c58c                GX_BindQueue
 .text.GX_ProcessCommandList
                0x000000000010c59c       0x78 /opt/devkitpro/libctru/lib/libctru.a(gx.o)
                0x000000000010c59c                GX_ProcessCommandList
 .text.GX_MemoryFill
                0x000000000010c614       0x74 /opt/devkitpro/libctru/lib/libctru.a(gx.o)
                0x000000000010c614                GX_MemoryFill
 .text.GX_DisplayTransfer
                0x000000000010c688       0x70 /opt/devkitpro/libctru/lib/libctru.a(gx.o)
                0x000000000010c688                GX_DisplayTransfer
 .text.GX_TextureCopy
                0x000000000010c6f8       0x74 /opt/devkitpro/libctru/lib/libctru.a(gx.o)
                0x000000000010c6f8                GX_TextureCopy
 .text.gxCmdQueueDoCommands.part.0
                0x000000000010c76c       0x68 /opt/devkitpro/libctru/lib/libctru.a(gxqueue.o)
 .text.gxCmdQueueInterrupt
                0x000000000010c7d4       0xc8 /opt/devkitpro/libctru/lib/libctru.a(gxqueue.o)
                0x000000000010c7d4                gxCmdQueueInterrupt
 .text.gxCmdQueueClear
                0x000000000010c89c       0x4c /opt/devkitpro/libctru/lib/libctru.a(gxqueue.o)
                0x000000000010c89c                gxCmdQueueClear
 .text.gxCmdQueueAdd
                0x000000000010c8e8       0xf8 /opt/devkitpro/libctru/lib/libctru.a(gxqueue.o)
                0x000000000010c8e8                gxCmdQueueAdd
 .text.gxCmdQueueRun
                0x000000000010c9e0       0x80 /opt/devkitpro/libctru/lib/libctru.a(gxqueue.o)
                0x000000000010c9e0                gxCmdQueueRun
 .text.gxCmdQueueStop
                0x000000000010ca60       0x60 /opt/devkitpro/libctru/lib/libctru.a(gxqueue.o)
                0x000000000010ca60                gxCmdQueueStop
 .text.gxCmdQueueWait
                0x000000000010cac0       0x74 /opt/devkitpro/libctru/lib/libctru.a(gxqueue.o)
                0x000000000010cac0                gxCmdQueueWait
 .text.GPUCMD_Add
                0x000000000010cb34      0x13c /opt/devkitpro/libctru/lib/libctru.a(gpu.o)
                0x000000000010cb34                GPUCMD_Add
 .text.GPUCMD_Split
                0x000000000010cc70       0xac /opt/devkitpro/libctru/lib/libctru.a(gpu.o)
                0x000000000010cc70                GPUCMD_Split
 .text.f32tof16
                0x000000000010cd1c       0x40 /opt/devkitpro/libctru/lib/libctru.a(gpu.o)
                0x000000000010cd1c                f32tof16
 .text.f32tof24
                0x000000000010cd5c       0x40 /opt/devkitpro/libctru/lib/libctru.a(gpu.o)
                0x000000000010cd5c                f32tof24
 .text.f32tof31
                0x000000000010cd9c       0x44 /opt/devkitpro/libctru/lib/libctru.a(gpu.o)
                0x000000000010cd9c                f32tof31
 .text.gspHardwareInit
                0x000000000010cde0      0xc58 /opt/devkitpro/libctru/lib/libctru.a(gspgpu.o)
 .text.gspInit  0x000000000010da38      0x254 /opt/devkitpro/libctru/lib/libctru.a(gspgpu.o)
                0x000000000010da38                gspInit
 .text.gspExit  0x000000000010dc8c       0xf0 /opt/devkitpro/libctru/lib/libctru.a(gspgpu.o)
                0x000000000010dc8c                gspExit
 .text.gspHasGpuRight
                0x000000000010dd7c       0x10 /opt/devkitpro/libctru/lib/libctru.a(gspgpu.o)
                0x000000000010dd7c                gspHasGpuRight
 .text.gspPresentBuffer
                0x000000000010dd8c       0x98 /opt/devkitpro/libctru/lib/libctru.a(gspgpu.o)
                0x000000000010dd8c                gspPresentBuffer
 .text.gspSetEventCallback
                0x000000000010de24       0x30 /opt/devkitpro/libctru/lib/libctru.a(gspgpu.o)
                0x000000000010de24                gspSetEventCallback
 .text.gspWaitForEvent
                0x000000000010de54       0x50 /opt/devkitpro/libctru/lib/libctru.a(gspgpu.o)
                0x000000000010de54                gspWaitForEvent
 .text.gspWaitForAnyEvent
                0x000000000010dea4       0x4c /opt/devkitpro/libctru/lib/libctru.a(gspgpu.o)
                0x000000000010dea4                gspWaitForAnyEvent
 .text.gspEventThreadMain
                0x000000000010def0      0x160 /opt/devkitpro/libctru/lib/libctru.a(gspgpu.o)
 .text.gspSubmitGxCommand
                0x000000000010e050      0x130 /opt/devkitpro/libctru/lib/libctru.a(gspgpu.o)
                0x000000000010e050                gspSubmitGxCommand
 .text.GSPGPU_FlushDataCache
                0x000000000010e180       0x50 /opt/devkitpro/libctru/lib/libctru.a(gspgpu.o)
                0x000000000010e180                GSPGPU_FlushDataCache
 .text.GSPGPU_SetLcdForceBlack
                0x000000000010e1d0       0x34 /opt/devkitpro/libctru/lib/libctru.a(gspgpu.o)
                0x000000000010e1d0                GSPGPU_SetLcdForceBlack
 .text.GSPGPU_AcquireRight
                0x000000000010e204       0x68 /opt/devkitpro/libctru/lib/libctru.a(gspgpu.o)
                0x000000000010e204                GSPGPU_AcquireRight
 .text.GSPGPU_ReleaseRight
                0x000000000010e26c       0x48 /opt/devkitpro/libctru/lib/libctru.a(gspgpu.o)
                0x000000000010e26c                GSPGPU_ReleaseRight
 .text.GSPGPU_ImportDisplayCaptureInfo
                0x000000000010e2b4       0x7c /opt/devkitpro/libctru/lib/libctru.a(gspgpu.o)
                0x000000000010e2b4                GSPGPU_ImportDisplayCaptureInfo
 .text.GSPGPU_SaveVramSysArea
                0x000000000010e330       0x2c /opt/devkitpro/libctru/lib/libctru.a(gspgpu.o)
                0x000000000010e330                GSPGPU_SaveVramSysArea
 .text.GSPGPU_RestoreVramSysArea
                0x000000000010e35c       0x2c /opt/devkitpro/libctru/lib/libctru.a(gspgpu.o)
                0x000000000010e35c                GSPGPU_RestoreVramSysArea
 .text.fsInit   0x000000000010e388       0xc8 /opt/devkitpro/libctru/lib/libctru.a(fs.o)
                0x000000000010e388                fsInit
 .text.fsExit   0x000000000010e450       0x3c /opt/devkitpro/libctru/lib/libctru.a(fs.o)
                0x000000000010e450                fsExit
 .text.fsExemptFromSession
                0x000000000010e48c       0x60 /opt/devkitpro/libctru/lib/libctru.a(fs.o)
                0x000000000010e48c                fsExemptFromSession
 .text.fsUnexemptFromSession
                0x000000000010e4ec       0x50 /opt/devkitpro/libctru/lib/libctru.a(fs.o)
                0x000000000010e4ec                fsUnexemptFromSession
 .text.FSUSER_OpenFile
                0x000000000010e53c       0xcc /opt/devkitpro/libctru/lib/libctru.a(fs.o)
                0x000000000010e53c                FSUSER_OpenFile
 .text.FSUSER_OpenFileDirectly
                0x000000000010e608       0xd4 /opt/devkitpro/libctru/lib/libctru.a(fs.o)
                0x000000000010e608                FSUSER_OpenFileDirectly
 .text.FSUSER_DeleteFile
                0x000000000010e6dc       0xbc /opt/devkitpro/libctru/lib/libctru.a(fs.o)
                0x000000000010e6dc                FSUSER_DeleteFile
 .text.FSUSER_RenameFile
                0x000000000010e798       0xf8 /opt/devkitpro/libctru/lib/libctru.a(fs.o)
                0x000000000010e798                FSUSER_RenameFile
 .text.FSUSER_DeleteDirectory
                0x000000000010e890       0xbc /opt/devkitpro/libctru/lib/libctru.a(fs.o)
                0x000000000010e890                FSUSER_DeleteDirectory
 .text.FSUSER_CreateFile
                0x000000000010e94c       0xd4 /opt/devkitpro/libctru/lib/libctru.a(fs.o)
                0x000000000010e94c                FSUSER_CreateFile
 .text.FSUSER_CreateDirectory
                0x000000000010ea20       0xc4 /opt/devkitpro/libctru/lib/libctru.a(fs.o)
                0x000000000010ea20                FSUSER_CreateDirectory
 .text.FSUSER_RenameDirectory
                0x000000000010eae4       0xf8 /opt/devkitpro/libctru/lib/libctru.a(fs.o)
                0x000000000010eae4                FSUSER_RenameDirectory
 .text.FSUSER_OpenDirectory
                0x000000000010ebdc       0xb4 /opt/devkitpro/libctru/lib/libctru.a(fs.o)
                0x000000000010ebdc                FSUSER_OpenDirectory
 .text.FSUSER_OpenArchive
                0x000000000010ec90       0x94 /opt/devkitpro/libctru/lib/libctru.a(fs.o)
                0x000000000010ec90                FSUSER_OpenArchive
 .text.FSUSER_CloseArchive
                0x000000000010ed24       0x8c /opt/devkitpro/libctru/lib/libctru.a(fs.o)
                0x000000000010ed24                FSUSER_CloseArchive
 .text.FSUSER_GetSdmcArchiveResource
                0x000000000010edb0       0x74 /opt/devkitpro/libctru/lib/libctru.a(fs.o)
                0x000000000010edb0                FSUSER_GetSdmcArchiveResource
 .text.FSUSER_IsSdmcWritable
                0x000000000010ee24       0x64 /opt/devkitpro/libctru/lib/libctru.a(fs.o)
                0x000000000010ee24                FSUSER_IsSdmcWritable
 .text.FSFILE_Read
                0x000000000010ee88       0x58 /opt/devkitpro/libctru/lib/libctru.a(fs.o)
                0x000000000010ee88                FSFILE_Read
 .text.FSFILE_Write
                0x000000000010eee0       0x60 /opt/devkitpro/libctru/lib/libctru.a(fs.o)
                0x000000000010eee0                FSFILE_Write
 .text.FSFILE_GetSize
                0x000000000010ef40       0x38 /opt/devkitpro/libctru/lib/libctru.a(fs.o)
                0x000000000010ef40                FSFILE_GetSize
 .text.FSFILE_SetSize
                0x000000000010ef78       0x28 /opt/devkitpro/libctru/lib/libctru.a(fs.o)
                0x000000000010ef78                FSFILE_SetSize
 .text.FSFILE_Close
                0x000000000010efa0       0x3c /opt/devkitpro/libctru/lib/libctru.a(fs.o)
                0x000000000010efa0                FSFILE_Close
 .text.FSFILE_Flush
                0x000000000010efdc       0x24 /opt/devkitpro/libctru/lib/libctru.a(fs.o)
                0x000000000010efdc                FSFILE_Flush
 .text.FSDIR_Read
                0x000000000010f000       0x50 /opt/devkitpro/libctru/lib/libctru.a(fs.o)
                0x000000000010f000                FSDIR_Read
 .text.FSDIR_Close
                0x000000000010f050       0x3c /opt/devkitpro/libctru/lib/libctru.a(fs.o)
                0x000000000010f050                FSDIR_Close
 .text.aptConvertScreenForCapture
                0x000000000010f08c      0x1b0 /opt/devkitpro/libctru/lib/libctru.a(apt.o)
 .text.aptDspSleep
                0x000000000010f23c        0x8 /opt/devkitpro/libctru/lib/libctru.a(apt.o)
                0x000000000010f23c                aptDspSleep
 .text.aptDspWakeup
                0x000000000010f244        0x4 /opt/devkitpro/libctru/lib/libctru.a(apt.o)
                0x000000000010f244                aptDspWakeup
 .text.aptDspCancel
                0x000000000010f248        0x4 /opt/devkitpro/libctru/lib/libctru.a(apt.o)
                0x000000000010f248                aptDspCancel
 .text.aptSendCommand
                0x000000000010f24c      0x15c /opt/devkitpro/libctru/lib/libctru.a(apt.o)
                0x000000000010f24c                aptSendCommand
 .text.aptExitProcess
                0x000000000010f3a8       0x38 /opt/devkitpro/libctru/lib/libctru.a(apt.o)
 .text.aptExit  0x000000000010f3e0      0x2f0 /opt/devkitpro/libctru/lib/libctru.a(apt.o)
                0x000000000010f3e0                aptExit
 .text.aptHandleSleep
                0x000000000010f6d0       0xd8 /opt/devkitpro/libctru/lib/libctru.a(apt.o)
                0x000000000010f6d0                aptHandleSleep
 .text.aptHook  0x000000000010f7a8       0x30 /opt/devkitpro/libctru/lib/libctru.a(apt.o)
                0x000000000010f7a8                aptHook
 .text.aptUnhook
                0x000000000010f7d8       0x30 /opt/devkitpro/libctru/lib/libctru.a(apt.o)
                0x000000000010f7d8                aptUnhook
 .text.APT_SleepIfShellClosed
                0x000000000010f808       0x84 /opt/devkitpro/libctru/lib/libctru.a(apt.o)
                0x000000000010f808                APT_SleepIfShellClosed
 .text.aptSetSleepAllowed
                0x000000000010f88c       0x84 /opt/devkitpro/libctru/lib/libctru.a(apt.o)
                0x000000000010f88c                aptSetSleepAllowed
 .text.APT_UnlockTransition
                0x000000000010f910       0x84 /opt/devkitpro/libctru/lib/libctru.a(apt.o)
                0x000000000010f910                APT_UnlockTransition
 *fill*         0x000000000010f994        0x4 
 .text.aptEventHandler
                0x000000000010f998      0x484 /opt/devkitpro/libctru/lib/libctru.a(apt.o)
 .text.APT_ReceiveParameter
                0x000000000010fe1c       0xb0 /opt/devkitpro/libctru/lib/libctru.a(apt.o)
                0x000000000010fe1c                APT_ReceiveParameter
 .text.aptReceiveParameter.constprop.0
                0x000000000010fecc       0xb0 /opt/devkitpro/libctru/lib/libctru.a(apt.o)
 *fill*         0x000000000010ff7c        0x4 
 .text.aptScreenTransfer
                0x000000000010ff80      0x2bc /opt/devkitpro/libctru/lib/libctru.a(apt.o)
 .text.aptWaitForWakeUp.isra.0
                0x000000000011023c      0x2d0 /opt/devkitpro/libctru/lib/libctru.a(apt.o)
 .text.aptJumpToHomeMenu
                0x000000000011050c       0xf8 /opt/devkitpro/libctru/lib/libctru.a(apt.o)
                0x000000000011050c                aptJumpToHomeMenu
 .text.aptMainLoop
                0x0000000000110604       0x4c /opt/devkitpro/libctru/lib/libctru.a(apt.o)
                0x0000000000110604                aptMainLoop
 .text.aptInit  0x0000000000110650      0x234 /opt/devkitpro/libctru/lib/libctru.a(apt.o)
                0x0000000000110650                aptInit
 .text.APT_CheckNew3DS
                0x0000000000110884       0x7c /opt/devkitpro/libctru/lib/libctru.a(apt.o)
                0x0000000000110884                APT_CheckNew3DS
 .text.APT_GetSharedFont
                0x0000000000110900       0x48 /opt/devkitpro/libctru/lib/libctru.a(apt.o)
                0x0000000000110900                APT_GetSharedFont
 .text.hidShouldUseIrrst
                0x0000000000110948       0x24 /opt/devkitpro/libctru/lib/libctru.a(hid.o)
                0x0000000000110948                hidShouldUseIrrst
 .text.hidInit  0x000000000011096c      0x18c /opt/devkitpro/libctru/lib/libctru.a(hid.o)
                0x000000000011096c                hidInit
 .text.hidExit  0x0000000000110af8       0xe8 /opt/devkitpro/libctru/lib/libctru.a(hid.o)
                0x0000000000110af8                hidExit
 .text.hidScanInput
                0x0000000000110be0      0x294 /opt/devkitpro/libctru/lib/libctru.a(hid.o)
                0x0000000000110be0                hidScanInput
 .text.hidKeysDown
                0x0000000000110e74       0x10 /opt/devkitpro/libctru/lib/libctru.a(hid.o)
                0x0000000000110e74                hidKeysDown
 .text.hidTouchRead
                0x0000000000110e84       0x18 /opt/devkitpro/libctru/lib/libctru.a(hid.o)
                0x0000000000110e84                hidTouchRead
 .text.hidCircleRead
                0x0000000000110e9c       0x18 /opt/devkitpro/libctru/lib/libctru.a(hid.o)
                0x0000000000110e9c                hidCircleRead
 .text.ptmSysmInit
                0x0000000000110eb4       0x74 /opt/devkitpro/libctru/lib/libctru.a(ptmsysm.o)
                0x0000000000110eb4                ptmSysmInit
 .text.ptmSysmExit
                0x0000000000110f28       0x3c /opt/devkitpro/libctru/lib/libctru.a(ptmsysm.o)
                0x0000000000110f28                ptmSysmExit
 .text.PTMSYSM_ConfigureNew3DSCPU
                0x0000000000110f64       0x34 /opt/devkitpro/libctru/lib/libctru.a(ptmsysm.o)
                0x0000000000110f64                PTMSYSM_ConfigureNew3DSCPU
 .text.buffer_read
                0x0000000000110f98       0xcc /opt/devkitpro/libctru/lib/libctru.a(decompress.o)
 .text.iov_read
                0x0000000000111064       0xd0 /opt/devkitpro/libctru/lib/libctru.a(decompress.o)
 .text.iov_memmove
                0x0000000000111134      0x128 /opt/devkitpro/libctru/lib/libctru.a(decompress.o)
 .text.decompress_rle
                0x000000000011125c      0x1d8 /opt/devkitpro/libctru/lib/libctru.a(decompress.o)
 .text.decompress_lzss
                0x0000000000111434      0x258 /opt/devkitpro/libctru/lib/libctru.a(decompress.o)
 .text.decompress_huff.part.0
                0x000000000011168c      0x2ec /opt/devkitpro/libctru/lib/libctru.a(decompress.o)
 .text.decompress_lz11
                0x0000000000111978      0x440 /opt/devkitpro/libctru/lib/libctru.a(decompress.o)
 .text.decompressCallback_Stdio
                0x0000000000111db8       0x10 /opt/devkitpro/libctru/lib/libctru.a(decompress.o)
                0x0000000000111db8                decompressCallback_Stdio
 .text.decompressHeader
                0x0000000000111dc8       0xe4 /opt/devkitpro/libctru/lib/libctru.a(decompress.o)
                0x0000000000111dc8                decompressHeader
 .text.decompressV
                0x0000000000111eac      0x250 /opt/devkitpro/libctru/lib/libctru.a(decompress.o)
                0x0000000000111eac                decompressV
 .text.rbtree_init
                0x00000000001120fc       0x10 /opt/devkitpro/libctru/lib/libctru.a(rbtree_init.o)
                0x00000000001120fc                rbtree_init
 .text.do_insert
                0x000000000011210c      0x1a0 /opt/devkitpro/libctru/lib/libctru.a(rbtree_insert.o)
 .text.rbtree_insert
                0x00000000001122ac        0x8 /opt/devkitpro/libctru/lib/libctru.a(rbtree_insert.o)
                0x00000000001122ac                rbtree_insert
 .text.rbtree_rotate
                0x00000000001122b4       0x90 /opt/devkitpro/libctru/lib/libctru.a(rbtree_rotate.o)
                0x00000000001122b4                rbtree_rotate
 .text.rbtree_remove
                0x0000000000112344      0x338 /opt/devkitpro/libctru/lib/libctru.a(rbtree_remove.o)
                0x0000000000112344                rbtree_remove
 .text.rbtree_find
                0x000000000011267c       0x74 /opt/devkitpro/libctru/lib/libctru.a(rbtree_find.o)
                0x000000000011267c                rbtree_find
 .text.utf8_to_utf16
                0x00000000001126f0       0xc0 /opt/devkitpro/libctru/lib/libctru.a(utf8_to_utf16.o)
                0x00000000001126f0                utf8_to_utf16
 .text.decode_utf8
                0x00000000001127b0      0x13c /opt/devkitpro/libctru/lib/libctru.a(decode_utf8.o)
                0x00000000001127b0                decode_utf8
 .text.utf16_to_utf8
                0x00000000001128ec       0xe8 /opt/devkitpro/libctru/lib/libctru.a(utf16_to_utf8.o)
                0x00000000001128ec                utf16_to_utf8
 *fill*         0x00000000001129d4        0x4 
 .text.__system_allocateHeaps
                0x00000000001129d8      0x1e0 /opt/devkitpro/libctru/lib/libctru.a(allocateHeaps.o)
                0x00000000001129d8                __system_allocateHeaps
 .text.__libctru_init
                0x0000000000112bb8       0x38 /opt/devkitpro/libctru/lib/libctru.a(ctru_init.o)
                0x0000000000112bb8                __libctru_init
 .text.__system_initArgv
                0x0000000000112bf0       0xf0 /opt/devkitpro/libctru/lib/libctru.a(initArgv.o)
                0x0000000000112bf0                __system_initArgv
 .text.svcControlMemory
                0x0000000000112ce0       0x20 /opt/devkitpro/libctru/lib/libctru.a(svc.o)
                0x0000000000112ce0                svcControlMemory
 .text.svcQueryMemory
                0x0000000000112d00       0x30 /opt/devkitpro/libctru/lib/libctru.a(svc.o)
                0x0000000000112d00                svcQueryMemory
 .text.svcExitProcess
                0x0000000000112d30        0x8 /opt/devkitpro/libctru/lib/libctru.a(svc.o)
                0x0000000000112d30                svcExitProcess
 .text.svcCreateThread
                0x0000000000112d38       0x20 /opt/devkitpro/libctru/lib/libctru.a(svc.o)
                0x0000000000112d38                svcCreateThread
 .text.svcExitThread
                0x0000000000112d58        0x8 /opt/devkitpro/libctru/lib/libctru.a(svc.o)
                0x0000000000112d58                svcExitThread
 .text.svcSleepThread
                0x0000000000112d60        0x8 /opt/devkitpro/libctru/lib/libctru.a(svc.o)
                0x0000000000112d60                svcSleepThread
 .text.svcReleaseMutex
                0x0000000000112d68        0x8 /opt/devkitpro/libctru/lib/libctru.a(svc.o)
                0x0000000000112d68                svcReleaseMutex
 .text.svcCreateEvent
                0x0000000000112d70       0x14 /opt/devkitpro/libctru/lib/libctru.a(svc.o)
                0x0000000000112d70                svcCreateEvent
 .text.svcSignalEvent
                0x0000000000112d84        0x8 /opt/devkitpro/libctru/lib/libctru.a(svc.o)
                0x0000000000112d84                svcSignalEvent
 .text.svcClearEvent
                0x0000000000112d8c        0x8 /opt/devkitpro/libctru/lib/libctru.a(svc.o)
                0x0000000000112d8c                svcClearEvent
 .text.svcMapMemoryBlock
                0x0000000000112d94        0x8 /opt/devkitpro/libctru/lib/libctru.a(svc.o)
                0x0000000000112d94                svcMapMemoryBlock
 .text.svcUnmapMemoryBlock
                0x0000000000112d9c        0x8 /opt/devkitpro/libctru/lib/libctru.a(svc.o)
                0x0000000000112d9c                svcUnmapMemoryBlock
 .text.svcCreateAddressArbiter
                0x0000000000112da4       0x14 /opt/devkitpro/libctru/lib/libctru.a(svc.o)
                0x0000000000112da4                svcCreateAddressArbiter
 .text.svcArbitrateAddressNoTimeout
                0x0000000000112db8        0x8 /opt/devkitpro/libctru/lib/libctru.a(svc.o)
                0x0000000000112db8                svcArbitrateAddressNoTimeout
 .text.svcCloseHandle
                0x0000000000112dc0        0x8 /opt/devkitpro/libctru/lib/libctru.a(svc.o)
                0x0000000000112dc0                svcCloseHandle
 .text.svcWaitSynchronization
                0x0000000000112dc8        0x8 /opt/devkitpro/libctru/lib/libctru.a(svc.o)
                0x0000000000112dc8                svcWaitSynchronization
 .text.svcWaitSynchronizationN
                0x0000000000112dd0       0x28 /opt/devkitpro/libctru/lib/libctru.a(svc.o)
                0x0000000000112dd0                svcWaitSynchronizationN
 .text.svcDuplicateHandle
                0x0000000000112df8       0x14 /opt/devkitpro/libctru/lib/libctru.a(svc.o)
                0x0000000000112df8                svcDuplicateHandle
 .text.svcGetSystemTick
                0x0000000000112e0c        0x8 /opt/devkitpro/libctru/lib/libctru.a(svc.o)
                0x0000000000112e0c                svcGetSystemTick
 .text.svcConnectToPort
                0x0000000000112e14       0x14 /opt/devkitpro/libctru/lib/libctru.a(svc.o)
                0x0000000000112e14                svcConnectToPort
 .text.svcSendSyncRequest
                0x0000000000112e28        0x8 /opt/devkitpro/libctru/lib/libctru.a(svc.o)
                0x0000000000112e28                svcSendSyncRequest
 .text.svcGetResourceLimit
                0x0000000000112e30       0x14 /opt/devkitpro/libctru/lib/libctru.a(svc.o)
                0x0000000000112e30                svcGetResourceLimit
 .text.svcGetResourceLimitLimitValues
                0x0000000000112e44        0x8 /opt/devkitpro/libctru/lib/libctru.a(svc.o)
                0x0000000000112e44                svcGetResourceLimitLimitValues
 .text.svcGetResourceLimitCurrentValues
                0x0000000000112e4c        0x8 /opt/devkitpro/libctru/lib/libctru.a(svc.o)
                0x0000000000112e4c                svcGetResourceLimitCurrentValues
 .text.svcBreak
                0x0000000000112e54        0x8 /opt/devkitpro/libctru/lib/libctru.a(svc.o)
                0x0000000000112e54                svcBreak
 .text.initSystem
                0x0000000000112e5c       0x50 /opt/devkitpro/libctru/lib/libctru.a(stack_adjust.o)
                0x0000000000112e5c                initSystem
 .text.__ctru_exit
                0x0000000000112eac       0x18 /opt/devkitpro/libctru/lib/libctru.a(stack_adjust.o)
                0x0000000000112eac                __ctru_exit
 .text.__aeabi_read_tp
                0x0000000000112ec4        0xc /opt/devkitpro/libctru/lib/libctru.a(readtp.o)
                0x0000000000112ec4                __aeabi_read_tp
 .text.__sync_init
                0x0000000000112ed0        0xc /opt/devkitpro/libctru/lib/libctru.a(synchronization.o)
                0x0000000000112ed0                __sync_init
 .text.__sync_fini
                0x0000000000112edc       0x18 /opt/devkitpro/libctru/lib/libctru.a(synchronization.o)
                0x0000000000112edc                __sync_fini
 .text.syncArbitrateAddress
                0x0000000000112ef4       0x2c /opt/devkitpro/libctru/lib/libctru.a(synchronization.o)
                0x0000000000112ef4                syncArbitrateAddress
 .text.LightLock_Init
                0x0000000000112f20       0x1c /opt/devkitpro/libctru/lib/libctru.a(synchronization.o)
                0x0000000000112f20                LightLock_Init
 .text.LightLock_Lock
                0x0000000000112f3c       0x94 /opt/devkitpro/libctru/lib/libctru.a(synchronization.o)
                0x0000000000112f3c                LightLock_Lock
 .text.LightLock_TryLock
                0x0000000000112fd0       0x44 /opt/devkitpro/libctru/lib/libctru.a(synchronization.o)
                0x0000000000112fd0                LightLock_TryLock
 .text.LightLock_Unlock
                0x0000000000113014       0x40 /opt/devkitpro/libctru/lib/libctru.a(synchronization.o)
                0x0000000000113014                LightLock_Unlock
 .text.RecursiveLock_Init
                0x0000000000113054       0x24 /opt/devkitpro/libctru/lib/libctru.a(synchronization.o)
                0x0000000000113054                RecursiveLock_Init
 .text.RecursiveLock_Lock
                0x0000000000113078       0x30 /opt/devkitpro/libctru/lib/libctru.a(synchronization.o)
                0x0000000000113078                RecursiveLock_Lock
 .text.RecursiveLock_TryLock
                0x00000000001130a8       0x78 /opt/devkitpro/libctru/lib/libctru.a(synchronization.o)
                0x00000000001130a8                RecursiveLock_TryLock
 .text.RecursiveLock_Unlock
                0x0000000000113120       0x54 /opt/devkitpro/libctru/lib/libctru.a(synchronization.o)
                0x0000000000113120                RecursiveLock_Unlock
 .text.LightEvent_Init
                0x0000000000113174       0x40 /opt/devkitpro/libctru/lib/libctru.a(synchronization.o)
                0x0000000000113174                LightEvent_Init
 .text.LightEvent_Clear
                0x00000000001131b4       0xa4 /opt/devkitpro/libctru/lib/libctru.a(synchronization.o)
                0x00000000001131b4                LightEvent_Clear
 .text.LightEvent_Signal
                0x0000000000113258       0xc8 /opt/devkitpro/libctru/lib/libctru.a(synchronization.o)
                0x0000000000113258                LightEvent_Signal
 .text.LightEvent_TryWait
                0x0000000000113320       0x58 /opt/devkitpro/libctru/lib/libctru.a(synchronization.o)
                0x0000000000113320                LightEvent_TryWait
 .text.LightEvent_Wait
                0x0000000000113378       0xb0 /opt/devkitpro/libctru/lib/libctru.a(synchronization.o)
                0x0000000000113378                LightEvent_Wait
 .text.envGetHandle
                0x0000000000113428       0x84 /opt/devkitpro/libctru/lib/libctru.a(env.o)
                0x0000000000113428                envGetHandle
 .text.envDestroyHandles
                0x00000000001134ac       0x50 /opt/devkitpro/libctru/lib/libctru.a(env.o)
                0x00000000001134ac                envDestroyHandles
 .text.srvInit  0x00000000001134fc      0x124 /opt/devkitpro/libctru/lib/libctru.a(srv.o)
                0x00000000001134fc                srvInit
 .text.srvExit  0x0000000000113620       0x58 /opt/devkitpro/libctru/lib/libctru.a(srv.o)
                0x0000000000113620                srvExit
 .text.srvGetServiceHandleDirect
                0x0000000000113678       0x80 /opt/devkitpro/libctru/lib/libctru.a(srv.o)
                0x0000000000113678                srvGetServiceHandleDirect
 .text.srvGetServiceHandle
                0x00000000001136f8       0x48 /opt/devkitpro/libctru/lib/libctru.a(srv.o)
                0x00000000001136f8                srvGetServiceHandle
 .text.srvPublishToSubscriber
                0x0000000000113740       0x38 /opt/devkitpro/libctru/lib/libctru.a(srv.o)
                0x0000000000113740                srvPublishToSubscriber
 .text.threadCreate
                0x0000000000113778      0x188 /opt/devkitpro/libctru/lib/libctru.a(thread.o)
                0x0000000000113778                threadCreate
 .text.threadFree
                0x0000000000113900       0x2c /opt/devkitpro/libctru/lib/libctru.a(thread.o)
                0x0000000000113900                threadFree
 .text.threadJoin
                0x000000000011392c       0x24 /opt/devkitpro/libctru/lib/libctru.a(thread.o)
                0x000000000011392c                threadJoin
 .text.threadGetCurrent
                0x0000000000113950       0x30 /opt/devkitpro/libctru/lib/libctru.a(thread.o)
                0x0000000000113950                threadGetCurrent
 .text.threadExit
                0x0000000000113980       0x40 /opt/devkitpro/libctru/lib/libctru.a(thread.o)
                0x0000000000113980                threadExit
 .text._thread_begin
                0x00000000001139c0       0x44 /opt/devkitpro/libctru/lib/libctru.a(thread.o)
 .text.mappableFindAddressWithin
                0x0000000000113a04       0x94 /opt/devkitpro/libctru/lib/libctru.a(mappable.o)
 .text.mappableInit
                0x0000000000113a98       0x28 /opt/devkitpro/libctru/lib/libctru.a(mappable.o)
                0x0000000000113a98                mappableInit
 .text.mappableAlloc
                0x0000000000113ac0       0x80 /opt/devkitpro/libctru/lib/libctru.a(mappable.o)
                0x0000000000113ac0                mappableAlloc
 .text.mappableFree
                0x0000000000113b40        0x4 /opt/devkitpro/libctru/lib/libctru.a(mappable.o)
                0x0000000000113b40                mappableFree
 .text.irrstInit
                0x0000000000113b44      0x160 /opt/devkitpro/libctru/lib/libctru.a(irrst.o)
                0x0000000000113b44                irrstInit
 .text.irrstExit
                0x0000000000113ca4       0xcc /opt/devkitpro/libctru/lib/libctru.a(irrst.o)
                0x0000000000113ca4                irrstExit
 .text.irrstScanInput
                0x0000000000113d70       0xb0 /opt/devkitpro/libctru/lib/libctru.a(irrst.o)
                0x0000000000113d70                irrstScanInput
 .text.irrstKeysHeld
                0x0000000000113e20       0x24 /opt/devkitpro/libctru/lib/libctru.a(irrst.o)
                0x0000000000113e20                irrstKeysHeld
 .text.srvPmGetSessionHandle
                0x0000000000113e44        0xc /opt/devkitpro/libctru/lib/libctru.a(srvpm.o)
                0x0000000000113e44                srvPmGetSessionHandle
 .text.rbtree_node_next
                0x0000000000113e50       0x50 /opt/devkitpro/libctru/lib/libctru.a(rbtree_iterator.o)
                0x0000000000113e50                rbtree_node_next
 .text.encode_utf16
                0x0000000000113ea0       0x60 /opt/devkitpro/libctru/lib/libctru.a(encode_utf16.o)
                0x0000000000113ea0                encode_utf16
 .text.encode_utf8
                0x0000000000113f00       0xfc /opt/devkitpro/libctru/lib/libctru.a(encode_utf8.o)
                0x0000000000113f00                encode_utf8
 .text.decode_utf16
                0x0000000000113ffc       0x64 /opt/devkitpro/libctru/lib/libctru.a(decode_utf16.o)
                0x0000000000113ffc                decode_utf16
 .text.__libctru_nanosleep
                0x0000000000114060       0x30 /opt/devkitpro/libctru/lib/libctru.a(syscalls.o)
 .text.__libctru_get_reent
                0x0000000000114090       0x30 /opt/devkitpro/libctru/lib/libctru.a(syscalls.o)
 .text.__system_initSyscalls
                0x00000000001140c0       0xf8 /opt/devkitpro/libctru/lib/libctru.a(syscalls.o)
                0x00000000001140c0                __system_initSyscalls
 .text.__appInit
                0x00000000001141b8       0x30 /opt/devkitpro/libctru/lib/libctru.a(appInit.o)
                0x00000000001141b8                __appInit
 .text.__appExit
                0x00000000001141e8       0x30 /opt/devkitpro/libctru/lib/libctru.a(appExit.o)
                0x00000000001141e8                __appExit
 .text.__libctru_exit
                0x0000000000114218       0x90 /opt/devkitpro/libctru/lib/libctru.a(ctru_exit.o)
                0x0000000000114218                __libctru_exit
 .text.archive_link
                0x00000000001142a8       0x14 /opt/devkitpro/libctru/lib/libctru.a(archive_dev.o)
 .text.archive_dirreset
                0x00000000001142bc       0x14 /opt/devkitpro/libctru/lib/libctru.a(archive_dev.o)
 .text.archive_chmod
                0x00000000001142d0       0x14 /opt/devkitpro/libctru/lib/libctru.a(archive_dev.o)
 .text.error_cmp
                0x00000000001142e4       0x24 /opt/devkitpro/libctru/lib/libctru.a(archive_dev.o)
 .text.archive_translate_error
                0x0000000000114308       0x50 /opt/devkitpro/libctru/lib/libctru.a(archive_dev.o)
 .text.archive_seek
                0x0000000000114358       0xd4 /opt/devkitpro/libctru/lib/libctru.a(archive_dev.o)
 .text._archiveInit.part.0
                0x000000000011442c       0x7c /opt/devkitpro/libctru/lib/libctru.a(archive_dev.o)
 .text.archiveFindDevice.part.0
                0x00000000001144a8       0x8c /opt/devkitpro/libctru/lib/libctru.a(archive_dev.o)
 .text.archive_utf16path
                0x0000000000114534      0x294 /opt/devkitpro/libctru/lib/libctru.a(archive_dev.o)
 .text._archiveUnmountDeviceStruct.part.0
                0x00000000001147c8       0xa0 /opt/devkitpro/libctru/lib/libctru.a(archive_dev.o)
 .text.archive_fchmod
                0x0000000000114868       0x14 /opt/devkitpro/libctru/lib/libctru.a(archive_dev.o)
 .text.archive_statvfs
                0x000000000011487c       0x14 /opt/devkitpro/libctru/lib/libctru.a(archive_dev.o)
 .text._archiveMountDevice
                0x0000000000114890      0x158 /opt/devkitpro/libctru/lib/libctru.a(archive_dev.o)
 .text.archive_diropen
                0x00000000001149e8       0xe8 /opt/devkitpro/libctru/lib/libctru.a(archive_dev.o)
 .text.archive_fstat
                0x0000000000114ad0       0xa4 /opt/devkitpro/libctru/lib/libctru.a(archive_dev.o)
 .text.archive_close
                0x0000000000114b74       0x6c /opt/devkitpro/libctru/lib/libctru.a(archive_dev.o)
 .text.archive_fsync
                0x0000000000114be0       0x6c /opt/devkitpro/libctru/lib/libctru.a(archive_dev.o)
 .text.archive_dirclose
                0x0000000000114c4c       0x70 /opt/devkitpro/libctru/lib/libctru.a(archive_dev.o)
 .text.sdmc_statvfs
                0x0000000000114cbc       0xe8 /opt/devkitpro/libctru/lib/libctru.a(archive_dev.o)
 .text.archive_ftruncate
                0x0000000000114da4       0x80 /opt/devkitpro/libctru/lib/libctru.a(archive_dev.o)
 .text.archive_chdir
                0x0000000000114e24       0xfc /opt/devkitpro/libctru/lib/libctru.a(archive_dev.o)
 .text.archive_read
                0x0000000000114f20       0xb0 /opt/devkitpro/libctru/lib/libctru.a(archive_dev.o)
 .text.archive_unlink
                0x0000000000114fd0       0xac /opt/devkitpro/libctru/lib/libctru.a(archive_dev.o)
 .text.archive_rmdir
                0x000000000011507c       0xc8 /opt/devkitpro/libctru/lib/libctru.a(archive_dev.o)
 .text.archive_mkdir
                0x0000000000115144       0xec /opt/devkitpro/libctru/lib/libctru.a(archive_dev.o)
 .text.archive_stat
                0x0000000000115230      0x1a8 /opt/devkitpro/libctru/lib/libctru.a(archive_dev.o)
 .text.archive_rename
                0x00000000001153d8      0x184 /opt/devkitpro/libctru/lib/libctru.a(archive_dev.o)
 .text.archive_dirnext
                0x000000000011555c      0x168 /opt/devkitpro/libctru/lib/libctru.a(archive_dev.o)
 .text.archive_write
                0x00000000001156c4      0x12c /opt/devkitpro/libctru/lib/libctru.a(archive_dev.o)
 .text.archive_open
                0x00000000001157f0      0x1f0 /opt/devkitpro/libctru/lib/libctru.a(archive_dev.o)
 .text.archiveMountSdmc
                0x00000000001159e0      0x1a4 /opt/devkitpro/libctru/lib/libctru.a(archive_dev.o)
                0x00000000001159e0                archiveMountSdmc
 .text.archiveUnmountAll
                0x0000000000115b84       0x54 /opt/devkitpro/libctru/lib/libctru.a(archive_dev.o)
                0x0000000000115b84                archiveUnmountAll
 .text.cosf     0x0000000000115bd8      0x22c /opt/devkitpro/devkitARM/bin/../lib/gcc/arm-none-eabi/10.2.0/../../../../arm-none-eabi/lib/armv6k/fpu/libm.a(lib_a-cosf.o)
                0x0000000000115bd8                cosf
 .text.with_errnof
                0x0000000000115e04       0x24 /opt/devkitpro/devkitARM/bin/../lib/gcc/arm-none-eabi/10.2.0/../../../../arm-none-eabi/lib/armv6k/fpu/libm.a(lib_a-math_errf.o)
 .text.__math_invalidf
                0x0000000000115e28       0x1c /opt/devkitpro/devkitARM/bin/../lib/gcc/arm-none-eabi/10.2.0/../../../../arm-none-eabi/lib/armv6k/fpu/libm.a(lib_a-math_errf.o)
                0x0000000000115e28                __math_invalidf
 .text.ceilf    0x0000000000115e44       0xb4 /opt/devkitpro/devkitARM/bin/../lib/gcc/arm-none-eabi/10.2.0/../../../../arm-none-eabi/lib/armv6k/fpu/libm.a(lib_a-sf_ceil.o)
                0x0000000000115e44                ceilf
 .text.sinf     0x0000000000115ef8      0x274 /opt/devkitpro/devkitARM/bin/../lib/gcc/arm-none-eabi/10.2.0/../../../../arm-none-eabi/lib/armv6k/fpu/libm.a(lib_a-sinf.o)
                0x0000000000115ef8                sinf
 *fill*         0x000000000011616c        0x4 
 .text.sqrt     0x0000000000116170       0x74 /opt/devkitpro/devkitARM/bin/../lib/gcc/arm-none-eabi/10.2.0/../../../../arm-none-eabi/lib/armv6k/fpu/libm.a(lib_a-w_sqrt.o)
                0x0000000000116170                sqrt
 .text.__ieee754_sqrt
                0x00000000001161e4        0x8 /opt/devkitpro/devkitARM/bin/../lib/gcc/arm-none-eabi/10.2.0/../../../../arm-none-eabi/lib/armv6k/fpu/libm.a(lib_a-e_sqrt.o)
                0x00000000001161e4                __ieee754_sqrt
 .text.__udivmoddi4
                0x00000000001161ec      0x120 /opt/devkitpro/devkitARM/bin/../lib/gcc/arm-none-eabi/10.2.0/armv6k/fpu/libgcc.a(_udivmoddi4.o)
                0x00000000001161ec                __udivmoddi4
 .text.bsearch  0x000000000011630c       0x78 /opt/devkitpro/devkitARM/bin/../lib/gcc/arm-none-eabi/10.2.0/../../../../arm-none-eabi/lib/armv6k/fpu/libg.a(lib_a-bsearch.o)
                0x000000000011630c                bsearch
 .text.calloc   0x0000000000116384       0x28 /opt/devkitpro/devkitARM/bin/../lib/gcc/arm-none-eabi/10.2.0/../../../../arm-none-eabi/lib/armv6k/fpu/libg.a(lib_a-calloc.o)
                0x0000000000116384                calloc
 .text._calloc_r
                0x00000000001163ac       0x94 /opt/devkitpro/devkitARM/bin/../lib/gcc/arm-none-eabi/10.2.0/../../../../arm-none-eabi/lib/armv6k/fpu/libg.a(lib_a-callocr.o)
                0x00000000001163ac                _calloc_r
 .text.__errno  0x0000000000116440        0xc /opt/devkitpro/devkitARM/bin/../lib/gcc/arm-none-eabi/10.2.0/../../../../arm-none-eabi/lib/armv6k/fpu/libg.a(lib_a-errno.o)
                0x0000000000116440                __errno
 .text.exit     0x000000000011644c       0x34 /opt/devkitpro/devkitARM/bin/../lib/gcc/arm-none-eabi/10.2.0/../../../../arm-none-eabi/lib/armv6k/fpu/libg.a(lib_a-exit.o)
                0x000000000011644c                exit
 .text._fclose_r
                0x0000000000116480      0x160 /opt/devkitpro/devkitARM/bin/../lib/gcc/arm-none-eabi/10.2.0/../../../../arm-none-eabi/lib/armv6k/fpu/libg.a(lib_a-fclose.o)
                0x0000000000116480                _fclose_r
 .text.fclose   0x00000000001165e0       0x20 /opt/devkitpro/devkitARM/bin/../lib/gcc/arm-none-eabi/10.2.0/../../../../arm-none-eabi/lib/armv6k/fpu/libg.a(lib_a-fclose.o)
                0x00000000001165e0                fclose
 .text.__sflush_r
                0x0000000000116600      0x258 /opt/devkitpro/devkitARM/bin/../lib/gcc/arm-none-eabi/10.2.0/../../../../arm-none-eabi/lib/armv6k/fpu/libg.a(lib_a-fflush.o)
                0x0000000000116600                __sflush_r
 .text._fflush_r
                0x0000000000116858       0x94 /opt/devkitpro/devkitARM/bin/../lib/gcc/arm-none-eabi/10.2.0/../../../../arm-none-eabi/lib/armv6k/fpu/libg.a(lib_a-fflush.o)
                0x0000000000116858                _fflush_r
 .text.fflush   0x00000000001168ec       0x38 /opt/devkitpro/devkitARM/bin/../lib/gcc/arm-none-eabi/10.2.0/../../../../arm-none-eabi/lib/armv6k/fpu/libg.a(lib_a-fflush.o)
                0x00000000001168ec                fflush
 .text._fgets_r
                0x0000000000116924      0x1a0 /opt/devkitpro/devkitARM/bin/../lib/gcc/arm-none-eabi/10.2.0/../../../../arm-none-eabi/lib/armv6k/fpu/libg.a(lib_a-fgets.o)
                0x0000000000116924                _fgets_r
 .text.fgets    0x0000000000116ac4       0x30 /opt/devkitpro/devkitARM/bin/../lib/gcc/arm-none-eabi/10.2.0/../../../../arm-none-eabi/lib/armv6k/fpu/libg.a(lib_a-fgets.o)
                0x0000000000116ac4                fgets
 .text._cleanup_r
                0x0000000000116af4        0xc /opt/devkitpro/devkitARM/bin/../lib/gcc/arm-none-eabi/10.2.0/../../../../arm-none-eabi/lib/armv6k/fpu/libg.a(lib_a-findfp.o)
                0x0000000000116af4                _cleanup_r
 .text.__sinit  0x0000000000116b00      0x184 /opt/devkitpro/devkitARM/bin/../lib/gcc/arm-none-eabi/10.2.0/../../../../arm-none-eabi/lib/armv6k/fpu/libg.a(lib_a-findfp.o)
                0x0000000000116b00                __sinit
 .text.__sfp    0x0000000000116c84      0x134 /opt/devkitpro/devkitARM/bin/../lib/gcc/arm-none-eabi/10.2.0/../../../../arm-none-eabi/lib/armv6k/fpu/libg.a(lib_a-findfp.o)
                0x0000000000116c84                __sfp
 .text.__sfp_lock_acquire
                0x0000000000116db8        0xc /opt/devkitpro/devkitARM/bin/../lib/gcc/arm-none-eabi/10.2.0/../../../../arm-none-eabi/lib/armv6k/fpu/libg.a(lib_a-findfp.o)
                0x0000000000116db8                __sfp_lock_acquire
 .text.__sfp_lock_release
                0x0000000000116dc4        0xc /opt/devkitpro/devkitARM/bin/../lib/gcc/arm-none-eabi/10.2.0/../../../../arm-none-eabi/lib/armv6k/fpu/libg.a(lib_a-findfp.o)
                0x0000000000116dc4                __sfp_lock_release
 .text.__libc_fini_array
                0x0000000000116dd0       0x3c /opt/devkitpro/devkitARM/bin/../lib/gcc/arm-none-eabi/10.2.0/../../../../arm-none-eabi/lib/armv6k/fpu/libg.a(lib_a-fini.o)
                0x0000000000116dd0                __libc_fini_array
 .text._fopen_r
                0x0000000000116e0c      0x140 /opt/devkitpro/devkitARM/bin/../lib/gcc/arm-none-eabi/10.2.0/../../../../arm-none-eabi/lib/armv6k/fpu/libg.a(lib_a-fopen.o)
                0x0000000000116e0c                _fopen_r
 .text.fopen    0x0000000000116f4c       0x28 /opt/devkitpro/devkitARM/bin/../lib/gcc/arm-none-eabi/10.2.0/../../../../arm-none-eabi/lib/armv6k/fpu/libg.a(lib_a-fopen.o)
                0x0000000000116f4c                fopen
 .text._fputs_r
                0x0000000000116f74       0xc0 /opt/devkitpro/devkitARM/bin/../lib/gcc/arm-none-eabi/10.2.0/../../../../arm-none-eabi/lib/armv6k/fpu/libg.a(lib_a-fputs.o)
                0x0000000000116f74                _fputs_r
 .text.fputs    0x0000000000117034       0x28 /opt/devkitpro/devkitARM/bin/../lib/gcc/arm-none-eabi/10.2.0/../../../../arm-none-eabi/lib/armv6k/fpu/libg.a(lib_a-fputs.o)
                0x0000000000117034                fputs
 .text._fread_r
                0x000000000011705c      0x2d0 /opt/devkitpro/devkitARM/bin/../lib/gcc/arm-none-eabi/10.2.0/../../../../arm-none-eabi/lib/armv6k/fpu/libg.a(lib_a-fread.o)
                0x000000000011705c                _fread_r
 .text.fread    0x000000000011732c       0x38 /opt/devkitpro/devkitARM/bin/../lib/gcc/arm-none-eabi/10.2.0/../../../../arm-none-eabi/lib/armv6k/fpu/libg.a(lib_a-fread.o)
                0x000000000011732c                fread
 .text._malloc_trim_r
                0x0000000000117364       0xf8 /opt/devkitpro/devkitARM/bin/../lib/gcc/arm-none-eabi/10.2.0/../../../../arm-none-eabi/lib/armv6k/fpu/libg.a(lib_a-freer.o)
                0x0000000000117364                _malloc_trim_r
 .text._free_r  0x000000000011745c      0x2e4 /opt/devkitpro/devkitARM/bin/../lib/gcc/arm-none-eabi/10.2.0/../../../../arm-none-eabi/lib/armv6k/fpu/libg.a(lib_a-freer.o)
                0x000000000011745c                _free_r
 .text._fseek_r
                0x0000000000117740       0x1c /opt/devkitpro/devkitARM/bin/../lib/gcc/arm-none-eabi/10.2.0/../../../../arm-none-eabi/lib/armv6k/fpu/libg.a(lib_a-fseek.o)
                0x0000000000117740                _fseek_r
 .text._fseeko_r
                0x000000000011775c      0x4f8 /opt/devkitpro/devkitARM/bin/../lib/gcc/arm-none-eabi/10.2.0/../../../../arm-none-eabi/lib/armv6k/fpu/libg.a(lib_a-fseeko.o)
                0x000000000011775c                _fseeko_r
 .text._ftello_r
                0x0000000000117c54      0x1bc /opt/devkitpro/devkitARM/bin/../lib/gcc/arm-none-eabi/10.2.0/../../../../arm-none-eabi/lib/armv6k/fpu/libg.a(lib_a-ftello.o)
                0x0000000000117c54                _ftello_r
 .text.__sfvwrite_r
                0x0000000000117e10      0x4a4 /opt/devkitpro/devkitARM/bin/../lib/gcc/arm-none-eabi/10.2.0/../../../../arm-none-eabi/lib/armv6k/fpu/libg.a(lib_a-fvwrite.o)
                0x0000000000117e10                __sfvwrite_r
 .text._fwalk   0x00000000001182b4       0x68 /opt/devkitpro/devkitARM/bin/../lib/gcc/arm-none-eabi/10.2.0/../../../../arm-none-eabi/lib/armv6k/fpu/libg.a(lib_a-fwalk.o)
                0x00000000001182b4                _fwalk
 .text._fwalk_reent
                0x000000000011831c       0x70 /opt/devkitpro/devkitARM/bin/../lib/gcc/arm-none-eabi/10.2.0/../../../../arm-none-eabi/lib/armv6k/fpu/libg.a(lib_a-fwalk.o)
                0x000000000011831c                _fwalk_reent
 .text.__libc_init_array
                0x000000000011838c       0x7c /opt/devkitpro/devkitARM/bin/../lib/gcc/arm-none-eabi/10.2.0/../../../../arm-none-eabi/lib/armv6k/fpu/libg.a(lib_a-init.o)
                0x000000000011838c                __libc_init_array
 .text.__smakebuf_r
                0x0000000000118408      0x138 /opt/devkitpro/devkitARM/bin/../lib/gcc/arm-none-eabi/10.2.0/../../../../arm-none-eabi/lib/armv6k/fpu/libg.a(lib_a-makebuf.o)
                0x0000000000118408                __smakebuf_r
 .text.__swhatbuf_r
                0x0000000000118540       0x94 /opt/devkitpro/devkitARM/bin/../lib/gcc/arm-none-eabi/10.2.0/../../../../arm-none-eabi/lib/armv6k/fpu/libg.a(lib_a-makebuf.o)
                0x0000000000118540                __swhatbuf_r
 .text.memalign
                0x00000000001185d4       0x28 /opt/devkitpro/devkitARM/bin/../lib/gcc/arm-none-eabi/10.2.0/../../../../arm-none-eabi/lib/armv6k/fpu/libg.a(lib_a-malign.o)
                0x00000000001185d4                memalign
 .text._memalign_r
                0x00000000001185fc      0x148 /opt/devkitpro/devkitARM/bin/../lib/gcc/arm-none-eabi/10.2.0/../../../../arm-none-eabi/lib/armv6k/fpu/libg.a(lib_a-malignr.o)
                0x00000000001185fc                _memalign_r
 .text.malloc   0x0000000000118744       0x20 /opt/devkitpro/devkitARM/bin/../lib/gcc/arm-none-eabi/10.2.0/../../../../arm-none-eabi/lib/armv6k/fpu/libg.a(lib_a-malloc.o)
                0x0000000000118744                malloc
 .text.free     0x0000000000118764       0x20 /opt/devkitpro/devkitARM/bin/../lib/gcc/arm-none-eabi/10.2.0/../../../../arm-none-eabi/lib/armv6k/fpu/libg.a(lib_a-malloc.o)
                0x0000000000118764                free
 .text._malloc_r
                0x0000000000118784      0x7f0 /opt/devkitpro/devkitARM/bin/../lib/gcc/arm-none-eabi/10.2.0/../../../../arm-none-eabi/lib/armv6k/fpu/libg.a(lib_a-mallocr.o)
                0x0000000000118784                _malloc_r
 .text.memchr   0x0000000000118f74       0xe0 /opt/devkitpro/devkitARM/bin/../lib/gcc/arm-none-eabi/10.2.0/../../../../arm-none-eabi/lib/armv6k/fpu/libg.a(lib_a-memchr-stub.o)
                0x0000000000118f74                memchr
 .text.memcmp   0x0000000000119054       0xa8 /opt/devkitpro/devkitARM/bin/../lib/gcc/arm-none-eabi/10.2.0/../../../../arm-none-eabi/lib/armv6k/fpu/libg.a(lib_a-memcmp.o)
                0x0000000000119054                memcmp
 .text.memcpy   0x00000000001190fc      0x11c /opt/devkitpro/devkitARM/bin/../lib/gcc/arm-none-eabi/10.2.0/../../../../arm-none-eabi/lib/armv6k/fpu/libg.a(lib_a-memcpy-stub.o)
                0x00000000001190fc                memcpy
 .text.memmove  0x0000000000119218      0x154 /opt/devkitpro/devkitARM/bin/../lib/gcc/arm-none-eabi/10.2.0/../../../../arm-none-eabi/lib/armv6k/fpu/libg.a(lib_a-memmove.o)
                0x0000000000119218                memmove
 .text.memset   0x000000000011936c      0x118 /opt/devkitpro/devkitARM/bin/../lib/gcc/arm-none-eabi/10.2.0/../../../../arm-none-eabi/lib/armv6k/fpu/libg.a(lib_a-memset.o)
                0x000000000011936c                memset
 .text.__malloc_lock
                0x0000000000119484        0xc /opt/devkitpro/devkitARM/bin/../lib/gcc/arm-none-eabi/10.2.0/../../../../arm-none-eabi/lib/armv6k/fpu/libg.a(lib_a-mlock.o)
                0x0000000000119484                __malloc_lock
 .text.__malloc_unlock
                0x0000000000119490        0xc /opt/devkitpro/devkitARM/bin/../lib/gcc/arm-none-eabi/10.2.0/../../../../arm-none-eabi/lib/armv6k/fpu/libg.a(lib_a-mlock.o)
                0x0000000000119490                __malloc_unlock
 .text.printf   0x000000000011949c       0x34 /opt/devkitpro/devkitARM/bin/../lib/gcc/arm-none-eabi/10.2.0/../../../../arm-none-eabi/lib/armv6k/fpu/libg.a(lib_a-printf.o)
                0x000000000011949c                printf
 .text.srand    0x00000000001194d0       0x1c /opt/devkitpro/devkitARM/bin/../lib/gcc/arm-none-eabi/10.2.0/../../../../arm-none-eabi/lib/armv6k/fpu/libg.a(lib_a-rand.o)
                0x00000000001194d0                srand
 .text.rand     0x00000000001194ec       0x44 /opt/devkitpro/devkitARM/bin/../lib/gcc/arm-none-eabi/10.2.0/../../../../arm-none-eabi/lib/armv6k/fpu/libg.a(lib_a-rand.o)
                0x00000000001194ec                rand
 .text.realloc  0x0000000000119530       0x28 /opt/devkitpro/devkitARM/bin/../lib/gcc/arm-none-eabi/10.2.0/../../../../arm-none-eabi/lib/armv6k/fpu/libg.a(lib_a-realloc.o)
                0x0000000000119530                realloc
 .text._realloc_r
                0x0000000000119558      0x598 /opt/devkitpro/devkitARM/bin/../lib/gcc/arm-none-eabi/10.2.0/../../../../arm-none-eabi/lib/armv6k/fpu/libg.a(lib_a-reallocr.o)
                0x0000000000119558                _realloc_r
 .text.lflush   0x0000000000119af0       0x1c /opt/devkitpro/devkitARM/bin/../lib/gcc/arm-none-eabi/10.2.0/../../../../arm-none-eabi/lib/armv6k/fpu/libg.a(lib_a-refill.o)
 .text.__srefill_r
                0x0000000000119b0c      0x1ac /opt/devkitpro/devkitARM/bin/../lib/gcc/arm-none-eabi/10.2.0/../../../../arm-none-eabi/lib/armv6k/fpu/libg.a(lib_a-refill.o)
                0x0000000000119b0c                __srefill_r
 .text.setvbuf  0x0000000000119cb8      0x260 /opt/devkitpro/devkitARM/bin/../lib/gcc/arm-none-eabi/10.2.0/../../../../arm-none-eabi/lib/armv6k/fpu/libg.a(lib_a-setvbuf.o)
                0x0000000000119cb8                setvbuf
 .text.sprintf  0x0000000000119f18       0x64 /opt/devkitpro/devkitARM/bin/../lib/gcc/arm-none-eabi/10.2.0/../../../../arm-none-eabi/lib/armv6k/fpu/libg.a(lib_a-sprintf.o)
                0x0000000000119f18                sprintf
 .text.sscanf   0x0000000000119f7c       0x74 /opt/devkitpro/devkitARM/bin/../lib/gcc/arm-none-eabi/10.2.0/../../../../arm-none-eabi/lib/armv6k/fpu/libg.a(lib_a-sscanf.o)
                0x0000000000119f7c                sscanf
 .text.__sread  0x0000000000119ff0       0x44 /opt/devkitpro/devkitARM/bin/../lib/gcc/arm-none-eabi/10.2.0/../../../../arm-none-eabi/lib/armv6k/fpu/libg.a(lib_a-stdio.o)
                0x0000000000119ff0                __sread
 .text.__seofread
                0x000000000011a034        0x8 /opt/devkitpro/devkitARM/bin/../lib/gcc/arm-none-eabi/10.2.0/../../../../arm-none-eabi/lib/armv6k/fpu/libg.a(lib_a-stdio.o)
                0x000000000011a034                __seofread
 .text.__swrite
                0x000000000011a03c       0x68 /opt/devkitpro/devkitARM/bin/../lib/gcc/arm-none-eabi/10.2.0/../../../../arm-none-eabi/lib/armv6k/fpu/libg.a(lib_a-stdio.o)
                0x000000000011a03c                __swrite
 .text.__sseek  0x000000000011a0a4       0x48 /opt/devkitpro/devkitARM/bin/../lib/gcc/arm-none-eabi/10.2.0/../../../../arm-none-eabi/lib/armv6k/fpu/libg.a(lib_a-stdio.o)
                0x000000000011a0a4                __sseek
 .text.__sclose
                0x000000000011a0ec        0x8 /opt/devkitpro/devkitARM/bin/../lib/gcc/arm-none-eabi/10.2.0/../../../../arm-none-eabi/lib/armv6k/fpu/libg.a(lib_a-stdio.o)
                0x000000000011a0ec                __sclose
 .text.strchr   0x000000000011a0f4      0x144 /opt/devkitpro/devkitARM/bin/../lib/gcc/arm-none-eabi/10.2.0/../../../../arm-none-eabi/lib/armv6k/fpu/libg.a(lib_a-strchr.o)
                0x000000000011a0f4                strchr
 .text.strlen   0x000000000011a238       0x5c /opt/devkitpro/devkitARM/bin/../lib/gcc/arm-none-eabi/10.2.0/../../../../arm-none-eabi/lib/armv6k/fpu/libg.a(lib_a-strlen-stub.o)
                0x000000000011a238                strlen
 .text.strncat  0x000000000011a294       0xec /opt/devkitpro/devkitARM/bin/../lib/gcc/arm-none-eabi/10.2.0/../../../../arm-none-eabi/lib/armv6k/fpu/libg.a(lib_a-strncat.o)
                0x000000000011a294                strncat
 .text.strncmp  0x000000000011a380       0xdc /opt/devkitpro/devkitARM/bin/../lib/gcc/arm-none-eabi/10.2.0/../../../../arm-none-eabi/lib/armv6k/fpu/libg.a(lib_a-strncmp.o)
                0x000000000011a380                strncmp
 .text.strncpy  0x000000000011a45c       0xc0 /opt/devkitpro/devkitARM/bin/../lib/gcc/arm-none-eabi/10.2.0/../../../../arm-none-eabi/lib/armv6k/fpu/libg.a(lib_a-strncpy.o)
                0x000000000011a45c                strncpy