Archive member included to satisfy reference by file (symbol)

/opt/devkitpro/libctru/lib/libcitro2d.a(base.o)
                              main.o (C2D_Init)
/opt/devkitpro/libctru/lib/libcitro2d.a(text.o)
                              text.o (C2D_TextBufNew)
/opt/devkitpro/libctru/lib/libcitro2d.a(spritesheet.o)
                              main.o (C2D_SpriteSheetLoad)
/opt/devkitpro/libctru/lib/libcitro2d.a(font.o)
                              text.o (C2D_FontLoad)
/opt/devkitpro/libctru/lib/libcitro2d.a(render2d.shbin.o)
                              /opt/devkitpro/libctru/lib/libcitro2d.a(base.o) (render2d_shbin)
/opt/devkitpro/libctru/lib/libcitro3d.a(base.o)
                              main.o (C3D_Init)
/opt/devkitpro/libctru/lib/libcitro3d.a(renderqueue.o)
                              /opt/devkitpro/libctru/lib/libcitro3d.a(base.o) (C3Di_RenderQueueEnableVBlank)
/opt/devkitpro/libctru/lib/libcitro3d.a(texture.o)
                              /opt/devkitpro/libctru/lib/libcitro2d.a(base.o) (C3D_TexBind)
/opt/devkitpro/libctru/lib/libcitro3d.a(tex3ds.o)
                              /opt/devkitpro/libctru/lib/libcitro2d.a(spritesheet.o) (Tex3DS_TextureImport)
/opt/devkitpro/libctru/lib/libcitro3d.a(framebuffer.o)
                              /opt/devkitpro/libctru/lib/libcitro3d.a(renderqueue.o) (C3D_CalcColorBufSize)
/opt/devkitpro/libctru/lib/libcitro3d.a(texenv.o)
                              /opt/devkitpro/libctru/lib/libcitro2d.a(base.o) (C3D_GetTexEnv)
/opt/devkitpro/libctru/lib/libcitro3d.a(proctex.o)
                              /opt/devkitpro/libctru/lib/libcitro2d.a(base.o) (C3D_ProcTexInit)
/opt/devkitpro/libctru/lib/libcitro3d.a(buffers.o)
                              /opt/devkitpro/libctru/lib/libcitro2d.a(base.o) (BufInfo_Init)
/opt/devkitpro/libctru/lib/libcitro3d.a(drawArrays.o)
                              /opt/devkitpro/libctru/lib/libcitro2d.a(base.o) (C3D_DrawArrays)
/opt/devkitpro/libctru/lib/libcitro3d.a(effect.o)
                              /opt/devkitpro/libctru/lib/libcitro3d.a(base.o) (C3D_DepthMap)
/opt/devkitpro/libctru/lib/libcitro3d.a(attribs.o)
                              /opt/devkitpro/libctru/lib/libcitro2d.a(base.o) (AttrInfo_Init)
/opt/devkitpro/libctru/lib/libcitro3d.a(immediate.o)
                              /opt/devkitpro/libctru/lib/libcitro3d.a(base.o) (C3D_ImmSendAttrib)
/opt/devkitpro/libctru/lib/libcitro3d.a(uniforms.o)
                              /opt/devkitpro/libctru/lib/libcitro3d.a(base.o) (C3D_UpdateUniforms)
/opt/devkitpro/libctru/lib/libcitro3d.a(mtx_ortho.o)
                              /opt/devkitpro/libctru/lib/libcitro2d.a(base.o) (Mtx_Ortho)
/opt/devkitpro/libctru/lib/libcitro3d.a(mtx_orthotilt.o)
                              /opt/devkitpro/libctru/lib/libcitro2d.a(base.o) (Mtx_OrthoTilt)
/opt/devkitpro/libctru/lib/libctru.a(vram.o)
                              /opt/devkitpro/libctru/lib/libcitro3d.a(renderqueue.o) (vramAlloc)
/opt/devkitpro/libctru/lib/libctru.a(linear.o)
                              /opt/devkitpro/libctru/lib/libcitro2d.a(base.o) (linearAlloc)
/opt/devkitpro/libctru/lib/libctru.a(mem_pool.o)
                              /opt/devkitpro/libctru/lib/libctru.a(vram.o) (MemPool::Allocate(MemChunk&, unsigned long, int))
/opt/devkitpro/libctru/lib/libctru.a(romfs_dev.o)
                              main.o (romfsMountSelf)
/opt/devkitpro/libctru/lib/libctru.a(os.o)
                              /opt/devkitpro/libctru/lib/libcitro3d.a(texture.o) (osConvertVirtToPhys)
/opt/devkitpro/libctru/lib/libctru.a(path_buf.o)
                              /opt/devkitpro/libctru/lib/libctru.a(romfs_dev.o) (__ctru_dev_utf16_buf)
/opt/devkitpro/libctru/lib/libctru.a(font.o)
                              /opt/devkitpro/libctru/lib/libcitro2d.a(text.o) (fontEnsureMapped)
/opt/devkitpro/libctru/lib/libctru.a(gfx.o)
                              /opt/devkitpro/libctru/lib/libcitro2d.a(base.o) (gfxIsWide)
/opt/devkitpro/libctru/lib/libctru.a(shaderProgram.o)
                              /opt/devkitpro/libctru/lib/libcitro2d.a(base.o) (shaderInstanceGetUniformLocation)
/opt/devkitpro/libctru/lib/libctru.a(shbin.o)
                              /opt/devkitpro/libctru/lib/libcitro2d.a(base.o) (DVLB_ParseFile)
/opt/devkitpro/libctru/lib/libctru.a(gx.o)
                              /opt/devkitpro/libctru/lib/libcitro3d.a(renderqueue.o) (GX_BindQueue)
/opt/devkitpro/libctru/lib/libctru.a(gxqueue.o)
                              /opt/devkitpro/libctru/lib/libcitro3d.a(renderqueue.o) (gxCmdQueueClear)
/opt/devkitpro/libctru/lib/libctru.a(gpu.o)
                              /opt/devkitpro/libctru/lib/libcitro3d.a(base.o) (GPUCMD_Add)
/opt/devkitpro/libctru/lib/libctru.a(gspgpu.o)
                              /opt/devkitpro/libctru/lib/libctru.a(gfx.o) (gspInit)
/opt/devkitpro/libctru/lib/libctru.a(cfgu.o)
                              /opt/devkitpro/libctru/lib/libcitro2d.a(font.o) (CFGU_SecureInfoGetRegion)
[...]
Memory Configuration

Name             Origin             Length             Attributes
*default*        0x0000000000000000 0xffffffffffffffff

Linker script and memory map

                0x0000000000100000                PROVIDE (__start__ = 0x100000)
                0x0000000000100000                . = __start__

.text           0x0000000000100000    0x2e4c4
 *(.crt0)
 .crt0          0x0000000000100000       0x94 /opt/devkitpro/devkitARM/bin/../lib/gcc/arm-none-eabi/10.2.0/../../../../arm-none-eabi/lib/armv6k/fpu/3dsx_crt0.o
                0x0000000000100000                _start
                0x0000000000100008                __service_ptr
                0x000000000010000c                __apt_appid
                0x0000000000100010                __heap_size
                0x0000000000100014                __linear_heap_size
                0x0000000000100018                __system_arglist
                0x000000000010001c                __system_runflags
 *(.init)
 .init          0x0000000000100094        0xc /opt/devkitpro/devkitARM/bin/../lib/gcc/arm-none-eabi/10.2.0/armv6k/fpu/crti.o
                0x0000000000100094                _init
 .init          0x00000000001000a0        0xc /opt/devkitpro/devkitARM/bin/../lib/gcc/arm-none-eabi/10.2.0/armv6k/fpu/crtn.o
                0x00000000001000ac                . = ALIGN (0x4)
 *(.text)
 .text          0x00000000001000ac      0x20c /opt/devkitpro/devkitARM/bin/../lib/gcc/arm-none-eabi/10.2.0/armv6k/fpu/libgcc.a(_udivsi3.o)
                0x00000000001000ac                __udivsi3
                0x00000000001000ac                __aeabi_uidiv
                0x0000000000100298                __aeabi_uidivmod
 .text          0x00000000001002b8      0x240 /opt/devkitpro/devkitARM/bin/../lib/gcc/arm-none-eabi/10.2.0/armv6k/fpu/libgcc.a(_divsi3.o)
                0x00000000001002b8                __aeabi_idiv
                0x00000000001002b8                __divsi3
                0x00000000001004d8                __aeabi_idivmod
 .text          0x00000000001004f8        0x4 /opt/devkitpro/devkitARM/bin/../lib/gcc/arm-none-eabi/10.2.0/armv6k/fpu/libgcc.a(_dvmd_tls.o)
                0x00000000001004f8                __aeabi_ldiv0
                0x00000000001004f8                __aeabi_idiv0
 .text          0x00000000001004fc      0x3c0 /opt/devkitpro/devkitARM/bin/../lib/gcc/arm-none-eabi/10.2.0/armv6k/fpu/libgcc.a(_arm_addsubdf3.o)
                0x00000000001004fc                __aeabi_drsub
                0x0000000000100504                __aeabi_dsub
                0x0000000000100504                __subdf3
                0x0000000000100508                __adddf3
                0x0000000000100508                __aeabi_dadd
                0x00000000001007b4                __aeabi_ui2d
                0x00000000001007b4                __floatunsidf
                0x00000000001007d8                __floatsidf
                0x00000000001007d8                __aeabi_i2d
                0x0000000000100800                __extendsfdf2
                0x0000000000100800                __aeabi_f2d
                0x0000000000100848                __aeabi_ul2d
                0x0000000000100848                __floatundidf
                0x000000000010085c                __floatdidf
                0x000000000010085c                __aeabi_l2d
 .text          0x00000000001008bc       0xd4 /opt/devkitpro/devkitARM/bin/../lib/gcc/arm-none-eabi/10.2.0/armv6k/fpu/libgcc.a(_aeabi_ldivmod.o)
                0x00000000001008bc                __aeabi_ldivmod
 .text          0x0000000000100990       0x3c /opt/devkitpro/devkitARM/bin/../lib/gcc/arm-none-eabi/10.2.0/armv6k/fpu/libgcc.a(_aeabi_uldivmod.o)
                0x0000000000100990                __aeabi_uldivmod
 *fill*         0x00000000001009cc       0x14 
 .text          0x00000000001009e0      0x390 /opt/devkitpro/devkitARM/bin/../lib/gcc/arm-none-eabi/10.2.0/../../../../arm-none-eabi/lib/armv6k/fpu/libg.a(lib_a-strcmp.o)
                0x00000000001009e8                strcmp
 *(.text.*)
 .text.__do_global_dtors_aux
                0x0000000000100d70       0x40 /opt/devkitpro/devkitARM/bin/../lib/gcc/arm-none-eabi/10.2.0/armv6k/fpu/crtbegin.o
 .text.frame_dummy
                0x0000000000100db0       0x2c /opt/devkitpro/devkitARM/bin/../lib/gcc/arm-none-eabi/10.2.0/armv6k/fpu/crtbegin.o
 .text.newBullet
                0x0000000000100ddc      0x110 bullet.o
                0x0000000000100ddc                newBullet
 .text.updateBulletSprite
                0x0000000000100eec       0x54 bullet.o
                0x0000000000100eec                updateBulletSprite
 .text.bulletScreenWarp
                0x0000000000100f40       0xe0 bullet.o
                0x0000000000100f40                bulletScreenWarp
 .text.bulletCheckCollisions
                0x0000000000101020      0x198 bullet.o
                0x0000000000101020                bulletCheckCollisions
 .text.bulletsProcess
                0x00000000001011b8       0xb0 bullet.o
                0x00000000001011b8                bulletsProcess
 .text.killAllBullets
                0x0000000000101268       0x44 bullet.o
                0x0000000000101268                killAllBullets
 .text.newCollisionBox
                0x00000000001012ac       0x58 collision.o
                0x00000000001012ac                newCollisionBox
 .text.checkCollision
                0x0000000000101304       0x98 collision.o
                0x0000000000101304                checkCollision
 .text.newAlien
                0x000000000010139c      0x150 enemy.o
                0x000000000010139c                newAlien
 .text.newShooter
                0x00000000001014ec      0x164 enemy.o
                0x00000000001014ec                newShooter
 .text.updateShooterSprite
                0x0000000000101650      0x114 enemy.o
                0x0000000000101650                updateShooterSprite
 .text.alienMove
                0x0000000000101764       0xb8 enemy.o
                0x0000000000101764                alienMove
 .text.aliensProcess
                0x000000000010181c      0x154 enemy.o
                0x000000000010181c                aliensProcess
 .text.shootersProcess
                0x0000000000101970      0x174 enemy.o
                0x0000000000101970                shootersProcess
 .text.killAlien
                0x0000000000101ae4       0x54 enemy.o
                0x0000000000101ae4                killAlien
 .text.killShooter
                0x0000000000101b38       0x54 enemy.o
                0x0000000000101b38                killShooter
 .text.killAllEnemies
                0x0000000000101b8c       0xe0 enemy.o
                0x0000000000101b8c                killAllEnemies
 .text.setLimits
                0x0000000000101c6c       0x6c enemySpawner.o
                0x0000000000101c6c                setLimits
 .text.updateLimits
                0x0000000000101cd8       0x7c enemySpawner.o
                0x0000000000101cd8                updateLimits
 .text.enemySpawner
                0x0000000000101d54      0x110 enemySpawner.o
                0x0000000000101d54                enemySpawner
 .text.setDefaultArcadeValues
                0x0000000000101e64       0x2c game.o
                0x0000000000101e64                setDefaultArcadeValues
 .text.storeGameValues
                0x0000000000101e90       0x80 game.o
                0x0000000000101e90                storeGameValues
 .text.readGameValues
                0x0000000000101f10       0x90 game.o
                0x0000000000101f10                readGameValues
 .text.endMatch
                0x0000000000101fa0       0xdc game.o
                0x0000000000101fa0                endMatch
 .text.endMatchProcess
                0x000000000010207c       0x1c game.o
                0x000000000010207c                endMatchProcess
 .text.intermissionWait
                0x0000000000102098       0xd0 game.o
                0x0000000000102098                intermissionWait
 .text.intermissionProcess
                0x0000000000102168       0x30 game.o
                0x0000000000102168                intermissionProcess
 .text.gameInit
                0x0000000000102198      0x154 game.o
                0x0000000000102198                gameInit
 .text.gameProcess
                0x00000000001022ec       0x88 game.o
                0x00000000001022ec                gameProcess
 .text.checkSystemStatus
                0x0000000000102374       0x6c main.o
                0x0000000000102374                checkSystemStatus
 .text.changeScene
                0x00000000001023e0       0x8c main.o
                0x00000000001023e0                changeScene
 .text.renderScene
                0x000000000010246c      0x11c main.o
                0x000000000010246c                renderScene
 .text.startup.main
                0x0000000000102588      0x128 main.o
                0x0000000000102588                main
 .text.mainMenuInit
                0x00000000001026b0      0x214 main_menu.o
                0x00000000001026b0                mainMenuInit
 .text.mainMenuProcess
                0x00000000001028c4       0x1c main_menu.o
                0x00000000001028c4                mainMenuProcess
 .text.initPlayer
                0x00000000001028e0      0x10c player.o
                0x00000000001028e0                initPlayer
 .text.playerProcess
                0x00000000001029ec      0x270 player.o
                0x00000000001029ec                playerProcess
 .text.playerHit
                0x0000000000102c5c       0x44 player.o
                0x0000000000102c5c                playerHit
 .text.newSprite
                0x0000000000102ca0      0x13c sprite.o
                0x0000000000102ca0                newSprite
 .text.killSprite
                0x0000000000102ddc       0x34 sprite.o
                0x0000000000102ddc                killSprite
 .text.killAllSprites
                0x0000000000102e10       0x38 sprite.o
                0x0000000000102e10                killAllSprites
 .text.initTextEnv
                0x0000000000102e48       0x40 text.o
                0x0000000000102e48                initTextEnv
 .text.newText  0x0000000000102e88       0xbc text.o
                0x0000000000102e88                newText
 .text.changeTextStr
                0x0000000000102f44       0x24 text.o
                0x0000000000102f44                changeTextStr
 .text.killAllText
                0x0000000000102f68       0x30 text.o
                0x0000000000102f68                killAllText
 .text.renderScreenText
                0x0000000000102f98       0x88 text.o
                0x0000000000102f98                renderScreenText
 .text.createVector2D
                0x0000000000103020        0xc vector2D.o
                0x0000000000103020                createVector2D
 .text.getVector2DLength
                0x000000000010302c       0x40 vector2D.o
                0x000000000010302c                getVector2DLength
 .text.getVector2DNormalized
                0x000000000010306c       0x6c vector2D.o
                0x000000000010306c                getVector2DNormalized
 .text.sign     0x00000000001030d8       0x14 vector2D.o
                0x00000000001030d8                sign
 .text.C2Di_FrameEndHook
                0x00000000001030ec       0x34 /opt/devkitpro/libctru/lib/libcitro2d.a(base.o)
 .text.C2D_Init
                0x0000000000103120      0x330 /opt/devkitpro/libctru/lib/libcitro2d.a(base.o)
                0x0000000000103120                C2D_Init
 .text.C2D_Fini
                0x0000000000103450       0x44 /opt/devkitpro/libctru/lib/libcitro2d.a(base.o)
                0x0000000000103450                C2D_Fini
 .text.C2D_Prepare
                0x0000000000103494       0xd0 /opt/devkitpro/libctru/lib/libcitro2d.a(base.o)
                0x0000000000103494                C2D_Prepare
 .text.C2D_Flush
                0x0000000000103564       0x3c /opt/devkitpro/libctru/lib/libcitro2d.a(base.o)
                0x0000000000103564                C2D_Flush
 .text.C2D_SceneSize
                0x00000000001035a0      0x108 /opt/devkitpro/libctru/lib/libcitro2d.a(base.o)
                0x00000000001035a0                C2D_SceneSize
 .text.C2D_CreateScreenTarget
                0x00000000001036a8       0x58 /opt/devkitpro/libctru/lib/libcitro2d.a(base.o)
                0x00000000001036a8                C2D_CreateScreenTarget
 .text.C2D_TargetClear
                0x0000000000103700       0x58 /opt/devkitpro/libctru/lib/libcitro2d.a(base.o)
                0x0000000000103700                C2D_TargetClear
 .text.C2Di_CalcQuad
                0x0000000000103758      0x13c /opt/devkitpro/libctru/lib/libcitro2d.a(base.o)
                0x0000000000103758                C2Di_CalcQuad
 .text.C2Di_AppendVtx
                0x0000000000103894       0x40 /opt/devkitpro/libctru/lib/libcitro2d.a(base.o)
                0x0000000000103894                C2Di_AppendVtx
 .text.C2Di_Update
                0x00000000001038d4      0x22c /opt/devkitpro/libctru/lib/libcitro2d.a(base.o)
                0x00000000001038d4                C2Di_Update
 .text.C2D_DrawImage
                0x0000000000103b00      0x2f8 /opt/devkitpro/libctru/lib/libcitro2d.a(base.o)
                0x0000000000103b00                C2D_DrawImage
 .text.C2Di_CalcLineWidths
                0x0000000000103df8      0x140 /opt/devkitpro/libctru/lib/libcitro2d.a(text.o)
 .text.C2D_TextBufNew
                0x0000000000103f38      0x1d0 /opt/devkitpro/libctru/lib/libcitro2d.a(text.o)
                0x0000000000103f38                C2D_TextBufNew
 .text.C2D_TextBufClear
                0x0000000000104108        0xc /opt/devkitpro/libctru/lib/libcitro2d.a(text.o)
                0x0000000000104108                C2D_TextBufClear
 .text.C2D_TextFontParseLine
                0x0000000000104114      0x1c8 /opt/devkitpro/libctru/lib/libcitro2d.a(text.o)
                0x0000000000104114                C2D_TextFontParseLine
 .text.C2D_TextFontParse
                0x00000000001042dc       0xa8 /opt/devkitpro/libctru/lib/libcitro2d.a(text.o)
                0x00000000001042dc                C2D_TextFontParse
 .text.C2D_DrawText
                0x0000000000104384     0x10d4 /opt/devkitpro/libctru/lib/libcitro2d.a(text.o)
                0x0000000000104384                C2D_DrawText
 .text.C2D_SpriteSheetLoadFromHandle
                0x0000000000105458       0x6c /opt/devkitpro/libctru/lib/libcitro2d.a(spritesheet.o)
                0x0000000000105458                C2D_SpriteSheetLoadFromHandle
 .text.C2D_SpriteSheetLoad
                0x00000000001054c4       0x48 /opt/devkitpro/libctru/lib/libcitro2d.a(spritesheet.o)
                0x00000000001054c4                C2D_SpriteSheetLoad
 .text.C2D_SpriteSheetFree
                0x000000000010550c       0x28 /opt/devkitpro/libctru/lib/libcitro2d.a(spritesheet.o)
                0x000000000010550c                C2D_SpriteSheetFree
 .text.C2D_SpriteSheetGetImage
                0x0000000000105534       0x2c /opt/devkitpro/libctru/lib/libcitro2d.a(spritesheet.o)
                0x0000000000105534                C2D_SpriteSheetGetImage
 .text.C2D_FontFree
                0x0000000000105560       0x28 /opt/devkitpro/libctru/lib/libcitro2d.a(font.o)
                0x0000000000105560                C2D_FontFree
 .text.C2Di_PostLoadFont
                0x0000000000105588       0xf0 /opt/devkitpro/libctru/lib/libcitro2d.a(font.o)
 .text.C2D_FontLoadFromHandle
                0x0000000000105678       0xb4 /opt/devkitpro/libctru/lib/libcitro2d.a(font.o)
                0x0000000000105678                C2D_FontLoadFromHandle
 .text.C2D_FontLoad
                0x000000000010572c       0x34 /opt/devkitpro/libctru/lib/libcitro2d.a(font.o)
                0x000000000010572c                C2D_FontLoad
 .text.C2D_FontGlyphIndexFromCodePoint
                0x0000000000105760       0x44 /opt/devkitpro/libctru/lib/libcitro2d.a(font.o)
                0x0000000000105760                C2D_FontGlyphIndexFromCodePoint
 .text.C2D_FontCalcGlyphPos
                0x00000000001057a4       0x78 /opt/devkitpro/libctru/lib/libcitro2d.a(font.o)
                0x00000000001057a4                C2D_FontCalcGlyphPos
 .text.C3Di_LightEnvUpdate
                0x000000000010581c        0x4 /opt/devkitpro/libctru/lib/libcitro3d.a(base.o)
                0x000000000010581c                C3Di_LightEnvUpdate
 .text.C3Di_LightEnvDirty
                0x0000000000105820        0x4 /opt/devkitpro/libctru/lib/libcitro3d.a(base.o)
                0x0000000000105820                C3Di_LightEnvDirty
 .text.C3Di_AptEventHook
                0x0000000000105824       0xb4 /opt/devkitpro/libctru/lib/libcitro3d.a(base.o)
 .text.C3Di_GasUpdate
                0x00000000001058d8        0x4 /opt/devkitpro/libctru/lib/libcitro3d.a(base.o)
                0x00000000001058d8                C3Di_GasUpdate
 .text.C3D_Init
                0x00000000001058dc      0x1e0 /opt/devkitpro/libctru/lib/libcitro3d.a(base.o)
                0x00000000001058dc                C3D_Init
 .text.C3D_SetViewport
                0x0000000000105abc       0x98 /opt/devkitpro/libctru/lib/libcitro3d.a(base.o)
                0x0000000000105abc                C3D_SetViewport
 .text.C3Di_UpdateContext
                0x0000000000105b54      0x4ec /opt/devkitpro/libctru/lib/libcitro3d.a(base.o)
                0x0000000000105b54                C3Di_UpdateContext
 .text.C3Di_SplitFrame
                0x0000000000106040       0xe0 /opt/devkitpro/libctru/lib/libcitro3d.a(base.o)
                0x0000000000106040                C3Di_SplitFrame
 .text.C3D_Fini
                0x0000000000106120       0x44 /opt/devkitpro/libctru/lib/libcitro3d.a(base.o)
                0x0000000000106120                C3D_Fini
 .text.C3D_BindProgram
                0x0000000000106164      0x108 /opt/devkitpro/libctru/lib/libcitro3d.a(base.o)
                0x0000000000106164                C3D_BindProgram
 .text.onVBlank0
                0x000000000010626c       0x4c /opt/devkitpro/libctru/lib/libcitro3d.a(renderqueue.o)
 .text.onVBlank1
                0x00000000001062b8       0x4c /opt/devkitpro/libctru/lib/libcitro3d.a(renderqueue.o)
 .text.C3Di_RenderTargetDestroy
                0x0000000000106304       0x80 /opt/devkitpro/libctru/lib/libcitro3d.a(renderqueue.o)
 .text.onQueueFinish
                0x0000000000106384       0xf4 /opt/devkitpro/libctru/lib/libcitro3d.a(renderqueue.o)
 .text.C3Di_RenderQueueEnableVBlank
                0x0000000000106478       0x38 /opt/devkitpro/libctru/lib/libcitro3d.a(renderqueue.o)
                0x0000000000106478                C3Di_RenderQueueEnableVBlank
 .text.C3Di_RenderQueueDisableVBlank
                0x00000000001064b0       0x30 /opt/devkitpro/libctru/lib/libcitro3d.a(renderqueue.o)
                0x00000000001064b0                C3Di_RenderQueueDisableVBlank
 .text.C3Di_RenderQueueInit
                0x00000000001064e0       0x60 /opt/devkitpro/libctru/lib/libcitro3d.a(renderqueue.o)
                0x00000000001064e0                C3Di_RenderQueueInit
 .text.C3Di_RenderQueueExit
                0x0000000000106540       0xb0 /opt/devkitpro/libctru/lib/libcitro3d.a(renderqueue.o)
                0x0000000000106540                C3Di_RenderQueueExit
 .text.C3Di_RenderQueueWaitDone
                0x00000000001065f0       0x34 /opt/devkitpro/libctru/lib/libcitro3d.a(renderqueue.o)
                0x00000000001065f0                C3Di_RenderQueueWaitDone
 .text.C3D_FrameBegin
                0x0000000000106624       0xe4 /opt/devkitpro/libctru/lib/libcitro3d.a(renderqueue.o)
                0x0000000000106624                C3D_FrameBegin
 .text.C3D_FrameDrawOn
                0x0000000000106708       0x48 /opt/devkitpro/libctru/lib/libcitro3d.a(renderqueue.o)
                0x0000000000106708                C3D_FrameDrawOn
 .text.C3D_FrameSplit
                0x0000000000106750       0x58 /opt/devkitpro/libctru/lib/libcitro3d.a(renderqueue.o)
                0x0000000000106750                C3D_FrameSplit
 .text.C3D_FrameEnd
                0x00000000001067a8      0x1d8 /opt/devkitpro/libctru/lib/libcitro3d.a(renderqueue.o)
                0x00000000001067a8                C3D_FrameEnd
 .text.C3D_FrameEndHook
                0x0000000000106980       0x1c /opt/devkitpro/libctru/lib/libcitro3d.a(renderqueue.o)
                0x0000000000106980                C3D_FrameEndHook
 .text.C3D_GetDrawingTime
                0x000000000010699c       0x18 /opt/devkitpro/libctru/lib/libcitro3d.a(renderqueue.o)
                0x000000000010699c                C3D_GetDrawingTime
 .text.C3D_GetProcessingTime
                0x00000000001069b4       0x18 /opt/devkitpro/libctru/lib/libcitro3d.a(renderqueue.o)
                0x00000000001069b4                C3D_GetProcessingTime
 .text.C3D_RenderTargetCreate
                0x00000000001069cc      0x128 /opt/devkitpro/libctru/lib/libcitro3d.a(renderqueue.o)
                0x00000000001069cc                C3D_RenderTargetCreate
 .text.C3D_RenderTargetSetOutput
                0x0000000000106af4       0x4c /opt/devkitpro/libctru/lib/libcitro3d.a(renderqueue.o)
                0x0000000000106af4                C3D_RenderTargetSetOutput
 .text.C3D_SyncTextureCopy
                0x0000000000106b40       0xfc /opt/devkitpro/libctru/lib/libcitro3d.a(renderqueue.o)
                0x0000000000106b40                C3D_SyncTextureCopy
 .text.C3D_TexInitWithParams
                0x0000000000106c3c      0x2a0 /opt/devkitpro/libctru/lib/libcitro3d.a(texture.o)
                0x0000000000106c3c                C3D_TexInitWithParams
 .text.C3D_TexLoadImage
                0x0000000000106edc       0xc8 /opt/devkitpro/libctru/lib/libcitro3d.a(texture.o)
                0x0000000000106edc                C3D_TexLoadImage
 .text.C3D_TexBind
                0x0000000000106fa4       0x44 /opt/devkitpro/libctru/lib/libcitro3d.a(texture.o)
                0x0000000000106fa4                C3D_TexBind
 .text.C3D_TexDelete
                0x0000000000106fe8       0x74 /opt/devkitpro/libctru/lib/libcitro3d.a(texture.o)
                0x0000000000106fe8                C3D_TexDelete
 .text.C3Di_SetTex
                0x000000000010705c      0x16c /opt/devkitpro/libctru/lib/libcitro3d.a(texture.o)
                0x000000000010705c                C3Di_SetTex
 .text.Tex3DSi_ImportCommon
                0x00000000001071c8      0x3f4 /opt/devkitpro/libctru/lib/libcitro3d.a(tex3ds.o)
 .text.Tex3DS_TextureImportStdio
                0x00000000001075bc       0x38 /opt/devkitpro/libctru/lib/libcitro3d.a(tex3ds.o)
                0x00000000001075bc                Tex3DS_TextureImportStdio
 .text.Tex3DS_GetSubTexture
                0x00000000001075f4       0x1c /opt/devkitpro/libctru/lib/libcitro3d.a(tex3ds.o)
                0x00000000001075f4                Tex3DS_GetSubTexture
 .text.Tex3DS_TextureFree
                0x0000000000107610        0x4 /opt/devkitpro/libctru/lib/libcitro3d.a(tex3ds.o)
                0x0000000000107610                Tex3DS_TextureFree
 .text.C3D_CalcColorBufSize
                0x0000000000107614       0x1c /opt/devkitpro/libctru/lib/libcitro3d.a(framebuffer.o)
                0x0000000000107614                C3D_CalcColorBufSize
 .text.C3D_CalcDepthBufSize
                0x0000000000107630       0x1c /opt/devkitpro/libctru/lib/libcitro3d.a(framebuffer.o)
                0x0000000000107630                C3D_CalcDepthBufSize
 .text.C3D_SetFrameBuf
                0x000000000010764c       0x44 /opt/devkitpro/libctru/lib/libcitro3d.a(framebuffer.o)
                0x000000000010764c                C3D_SetFrameBuf
 .text.C3Di_FrameBufBind
                0x0000000000107690      0x16c /opt/devkitpro/libctru/lib/libcitro3d.a(framebuffer.o)
                0x0000000000107690                C3Di_FrameBufBind
 .text.C3D_FrameBufClear
                0x00000000001077fc       0xcc /opt/devkitpro/libctru/lib/libcitro3d.a(framebuffer.o)
                0x00000000001077fc                C3D_FrameBufClear
 .text.C3D_FrameBufTransfer
                0x00000000001078c8       0x44 /opt/devkitpro/libctru/lib/libcitro3d.a(framebuffer.o)
                0x00000000001078c8                C3D_FrameBufTransfer
 .text.C3D_GetTexEnv
                0x000000000010790c       0x34 /opt/devkitpro/libctru/lib/libcitro3d.a(texenv.o)
                0x000000000010790c                C3D_GetTexEnv
 .text.C3Di_TexEnvBind
                0x0000000000107940       0x24 /opt/devkitpro/libctru/lib/libcitro3d.a(texenv.o)
                0x0000000000107940                C3Di_TexEnvBind
 .text.C3D_ProcTexInit
                0x0000000000107964       0x70 /opt/devkitpro/libctru/lib/libcitro3d.a(proctex.o)
                0x0000000000107964                C3D_ProcTexInit
 .text.C3D_ProcTexBind
                0x00000000001079d4       0x54 /opt/devkitpro/libctru/lib/libcitro3d.a(proctex.o)
                0x00000000001079d4                C3D_ProcTexBind
 .text.C3D_ProcTexLutBind
                0x0000000000107a28       0x5c /opt/devkitpro/libctru/lib/libcitro3d.a(proctex.o)
                0x0000000000107a28                C3D_ProcTexLutBind
 .text.ProcTexLut_FromArray
                0x0000000000107a84       0xa4 /opt/devkitpro/libctru/lib/libcitro3d.a(proctex.o)
                0x0000000000107a84                ProcTexLut_FromArray
 .text.C3Di_ProcTexUpdate
                0x0000000000107b28      0x17c /opt/devkitpro/libctru/lib/libcitro3d.a(proctex.o)
                0x0000000000107b28                C3Di_ProcTexUpdate
 .text.C3Di_ProcTexDirty
                0x0000000000107ca4       0x68 /opt/devkitpro/libctru/lib/libcitro3d.a(proctex.o)
                0x0000000000107ca4                C3Di_ProcTexDirty
 .text.BufInfo_Init
                0x0000000000107d0c       0x24 /opt/devkitpro/libctru/lib/libcitro3d.a(buffers.o)
                0x0000000000107d0c                BufInfo_Init
 .text.BufInfo_Add
                0x0000000000107d30       0x80 /opt/devkitpro/libctru/lib/libcitro3d.a(buffers.o)
                0x0000000000107d30                BufInfo_Add
 .text.C3D_SetBufInfo
                0x0000000000107db0       0x40 /opt/devkitpro/libctru/lib/libcitro3d.a(buffers.o)
                0x0000000000107db0                C3D_SetBufInfo
 .text.C3Di_BufInfoBind
                0x0000000000107df0       0x48 /opt/devkitpro/libctru/lib/libcitro3d.a(buffers.o)
                0x0000000000107df0                C3Di_BufInfoBind
 .text.C3D_DrawArrays
                0x0000000000107e38      0x148 /opt/devkitpro/libctru/lib/libcitro3d.a(drawArrays.o)
                0x0000000000107e38                C3D_DrawArrays
 .text.C3D_DepthMap
                0x0000000000107f80       0x40 /opt/devkitpro/libctru/lib/libcitro3d.a(effect.o)
                0x0000000000107f80                C3D_DepthMap
 .text.C3D_CullFace
                0x0000000000107fc0       0x1c /opt/devkitpro/libctru/lib/libcitro3d.a(effect.o)
                0x0000000000107fc0                C3D_CullFace
 .text.C3D_StencilTest
                0x0000000000107fdc       0x40 /opt/devkitpro/libctru/lib/libcitro3d.a(effect.o)
                0x0000000000107fdc                C3D_StencilTest
 .text.C3D_StencilOp
                0x000000000010801c       0x24 /opt/devkitpro/libctru/lib/libcitro3d.a(effect.o)
                0x000000000010801c                C3D_StencilOp
 .text.C3D_BlendingColor
                0x0000000000108040       0x1c /opt/devkitpro/libctru/lib/libcitro3d.a(effect.o)
                0x0000000000108040                C3D_BlendingColor
 .text.C3D_EarlyDepthTest
                0x000000000010805c       0x24 /opt/devkitpro/libctru/lib/libcitro3d.a(effect.o)
                0x000000000010805c                C3D_EarlyDepthTest
 .text.C3D_DepthTest
                0x0000000000108080       0x2c /opt/devkitpro/libctru/lib/libcitro3d.a(effect.o)
                0x0000000000108080                C3D_DepthTest
 .text.C3D_AlphaTest
                0x00000000001080ac       0x2c /opt/devkitpro/libctru/lib/libcitro3d.a(effect.o)
                0x00000000001080ac                C3D_AlphaTest
 .text.C3D_AlphaBlend
                0x00000000001080d8       0x50 /opt/devkitpro/libctru/lib/libcitro3d.a(effect.o)
                0x00000000001080d8                C3D_AlphaBlend
 .text.C3D_FragOpMode
                0x0000000000108128       0x30 /opt/devkitpro/libctru/lib/libcitro3d.a(effect.o)
                0x0000000000108128                C3D_FragOpMode
 .text.C3D_FragOpShadow
                0x0000000000108158       0x44 /opt/devkitpro/libctru/lib/libcitro3d.a(effect.o)
                0x0000000000108158                C3D_FragOpShadow
 .text.C3Di_EffectBind
                0x000000000010819c      0x1ac /opt/devkitpro/libctru/lib/libcitro3d.a(effect.o)
                0x000000000010819c                C3Di_EffectBind
 .text.AttrInfo_Init
                0x0000000000108348       0x28 /opt/devkitpro/libctru/lib/libcitro3d.a(attribs.o)
                0x0000000000108348                AttrInfo_Init
 .text.AttrInfo_AddLoader
                0x0000000000108370       0x98 /opt/devkitpro/libctru/lib/libcitro3d.a(attribs.o)
                0x0000000000108370                AttrInfo_AddLoader
 .text.C3D_SetAttrInfo
                0x0000000000108408       0x54 /opt/devkitpro/libctru/lib/libcitro3d.a(attribs.o)
                0x0000000000108408                C3D_SetAttrInfo
 .text.C3Di_AttrInfoBind
                0x000000000010845c       0x80 /opt/devkitpro/libctru/lib/libcitro3d.a(attribs.o)
                0x000000000010845c                C3Di_AttrInfoBind
 .text.C3D_ImmSendAttrib
                0x00000000001084dc       0xa8 /opt/devkitpro/libctru/lib/libcitro3d.a(immediate.o)
                0x00000000001084dc                C3D_ImmSendAttrib
 .text.C3D_UpdateUniforms
                0x0000000000108584      0x29c /opt/devkitpro/libctru/lib/libcitro3d.a(uniforms.o)
                0x0000000000108584                C3D_UpdateUniforms
 .text.C3Di_DirtyUniforms
                0x0000000000108820       0xc0 /opt/devkitpro/libctru/lib/libcitro3d.a(uniforms.o)
                0x0000000000108820                C3Di_DirtyUniforms
 .text.C3Di_LoadShaderUniforms
                0x00000000001088e0       0xd8 /opt/devkitpro/libctru/lib/libcitro3d.a(uniforms.o)
                0x00000000001088e0                C3Di_LoadShaderUniforms
 .text.C3Di_ClearShaderUniforms
                0x00000000001089b8       0x28 /opt/devkitpro/libctru/lib/libcitro3d.a(uniforms.o)
                0x00000000001089b8                C3Di_ClearShaderUniforms
 .text.Mtx_Ortho
                0x00000000001089e0       0xcc /opt/devkitpro/libctru/lib/libcitro3d.a(mtx_ortho.o)
                0x00000000001089e0                Mtx_Ortho
 .text.Mtx_OrthoTilt
                0x0000000000108aac       0xcc /opt/devkitpro/libctru/lib/libcitro3d.a(mtx_orthotilt.o)
                0x0000000000108aac                Mtx_OrthoTilt
 .text._ZL21addrMapNodeComparatorPK11rbtree_nodeS1_
                0x0000000000108b78       0x24 /opt/devkitpro/libctru/lib/libctru.a(vram.o)
 .text._ZL21addrMapNodeDestructorP11rbtree_node
                0x0000000000108b9c        0x4 /opt/devkitpro/libctru/lib/libctru.a(vram.o)
 .text.vramMemAlign
                0x0000000000108ba0      0x114 /opt/devkitpro/libctru/lib/libctru.a(vram.o)
                0x0000000000108ba0                vramMemAlign
 .text.vramAlloc
                0x0000000000108cb4        0x8 /opt/devkitpro/libctru/lib/libctru.a(vram.o)
                0x0000000000108cb4                vramAlloc
 .text.vramFree
                0x0000000000108cbc       0x5c /opt/devkitpro/libctru/lib/libctru.a(vram.o)
                0x0000000000108cbc                vramFree
 .text._ZL21addrMapNodeComparatorPK11rbtree_nodeS1_
                0x0000000000108d18       0x24 /opt/devkitpro/libctru/lib/libctru.a(linear.o)
 .text._ZL21addrMapNodeDestructorP11rbtree_node
                0x0000000000108d3c        0x4 /opt/devkitpro/libctru/lib/libctru.a(linear.o)
 .text.linearMemAlign
                0x0000000000108d40      0x120 /opt/devkitpro/libctru/lib/libctru.a(linear.o)
                0x0000000000108d40                linearMemAlign
 .text.linearAlloc
                0x0000000000108e60        0x8 /opt/devkitpro/libctru/lib/libctru.a(linear.o)
                0x0000000000108e60                linearAlloc
 .text.linearFree
                0x0000000000108e68       0x5c /opt/devkitpro/libctru/lib/libctru.a(linear.o)
                0x0000000000108e68                linearFree
 .text._ZN7MemPool13CoalesceRightEP8MemBlock
                0x0000000000108ec4       0x84 /opt/devkitpro/libctru/lib/libctru.a(mem_pool.o)
                0x0000000000108ec4                MemPool::CoalesceRight(MemBlock*)
 .text._ZN7MemPool8AllocateER8MemChunkmi
                0x0000000000108f48      0x170 /opt/devkitpro/libctru/lib/libctru.a(mem_pool.o)
                0x0000000000108f48                MemPool::Allocate(MemChunk&, unsigned long, int)
 .text._ZN7MemPool10DeallocateERK8MemChunk
                0x00000000001090b8       0xfc /opt/devkitpro/libctru/lib/libctru.a(mem_pool.o)
                0x00000000001090b8                MemPool::Deallocate(MemChunk const&)
 .text.romfs_close
                0x00000000001091b4        0x8 /opt/devkitpro/libctru/lib/libctru.a(romfs_dev.o)
 .text.romfs_seek
                0x00000000001091bc       0xc8 /opt/devkitpro/libctru/lib/libctru.a(romfs_dev.o)
 .text.romfs_dirreset
                0x0000000000109284       0x24 /opt/devkitpro/libctru/lib/libctru.a(romfs_dev.o)
 .text.fill_dir
                0x00000000001092a8       0xc8 /opt/devkitpro/libctru/lib/libctru.a(romfs_dev.o)
 .text.romfs_dirnext
                0x0000000000109370      0x2b0 /opt/devkitpro/libctru/lib/libctru.a(romfs_dev.o)
 .text.romfs_free
                0x0000000000109620       0x84 /opt/devkitpro/libctru/lib/libctru.a(romfs_dev.o)
 .text.searchForFile.constprop.0
                0x00000000001096a4       0xd4 /opt/devkitpro/libctru/lib/libctru.a(romfs_dev.o)
 .text.searchForDir.constprop.0
                0x0000000000109778       0xd8 /opt/devkitpro/libctru/lib/libctru.a(romfs_dev.o)
 .text.navigateToDir.constprop.0
                0x0000000000109850      0x1c0 /opt/devkitpro/libctru/lib/libctru.a(romfs_dev.o)
 .text.romfs_open
                0x0000000000109a10      0x128 /opt/devkitpro/libctru/lib/libctru.a(romfs_dev.o)
 .text.romfs_chdir
                0x0000000000109b38       0x4c /opt/devkitpro/libctru/lib/libctru.a(romfs_dev.o)
 .text.romfs_diropen
                0x0000000000109b84       0x70 /opt/devkitpro/libctru/lib/libctru.a(romfs_dev.o)
 .text.romfs_stat
                0x0000000000109bf4      0x17c /opt/devkitpro/libctru/lib/libctru.a(romfs_dev.o)
 .text.romfs_dirclose
                0x0000000000109d70        0x8 /opt/devkitpro/libctru/lib/libctru.a(romfs_dev.o)
 .text.romfs_fstat
                0x0000000000109d78       0x7c /opt/devkitpro/libctru/lib/libctru.a(romfs_dev.o)
 .text.romfs_read
                0x0000000000109df4       0xd4 /opt/devkitpro/libctru/lib/libctru.a(romfs_dev.o)
 .text.romfsMountFromFile
                0x0000000000109ec8      0x290 /opt/devkitpro/libctru/lib/libctru.a(romfs_dev.o)
                0x0000000000109ec8                romfsMountFromFile
 .text.romfsMountFromCurrentProcess
                0x000000000010a158       0x98 /opt/devkitpro/libctru/lib/libctru.a(romfs_dev.o)
                0x000000000010a158                romfsMountFromCurrentProcess
 .text.romfsMountSelf
                0x000000000010a1f0      0x25c /opt/devkitpro/libctru/lib/libctru.a(romfs_dev.o)
                0x000000000010a1f0                romfsMountSelf
 .text.romfsUnmount
                0x000000000010a44c       0xac /opt/devkitpro/libctru/lib/libctru.a(romfs_dev.o)
                0x000000000010a44c                romfsUnmount
 .text.osConvertVirtToPhys
                0x000000000010a4f8       0x74 /opt/devkitpro/libctru/lib/libctru.a(os.o)
                0x000000000010a4f8                osConvertVirtToPhys
 .text.osGetTimeRef
                0x000000000010a56c       0x54 /opt/devkitpro/libctru/lib/libctru.a(os.o)
                0x000000000010a56c                osGetTimeRef
 .text.osGetTime
                0x000000000010a5c0       0xe4 /opt/devkitpro/libctru/lib/libctru.a(os.o)
                0x000000000010a5c0                osGetTime
 .text.__libctru_gtod
                0x000000000010a6a4       0x74 /opt/devkitpro/libctru/lib/libctru.a(os.o)
                0x000000000010a6a4                __libctru_gtod
 .text.osTickCounterRead
                0x000000000010a718       0x38 /opt/devkitpro/libctru/lib/libctru.a(os.o)
                0x000000000010a718                osTickCounterRead
 .text.__ctru_speedup_config
                0x000000000010a750       0x34 /opt/devkitpro/libctru/lib/libctru.a(os.o)
                0x000000000010a750                __ctru_speedup_config
 .text.fontEnsureMapped
                0x000000000010a784       0x9c /opt/devkitpro/libctru/lib/libctru.a(font.o)
                0x000000000010a784                fontEnsureMapped
 .text.fontFixPointers
                0x000000000010a820       0x7c /opt/devkitpro/libctru/lib/libctru.a(font.o)
                0x000000000010a820                fontFixPointers
 .text.fontGlyphIndexFromCodePoint
                0x000000000010a89c       0xfc /opt/devkitpro/libctru/lib/libctru.a(font.o)
                0x000000000010a89c                fontGlyphIndexFromCodePoint
 .text.fontGetCharWidthInfo
                0x000000000010a998       0x6c /opt/devkitpro/libctru/lib/libctru.a(font.o)
                0x000000000010a998                fontGetCharWidthInfo
 .text.fontCalcGlyphPos
                0x000000000010aa04      0x1c0 /opt/devkitpro/libctru/lib/libctru.a(font.o)
                0x000000000010aa04                fontCalcGlyphPos
 .text.gfxPresentFramebuffer
                0x000000000010abc4       0xd0 /opt/devkitpro/libctru/lib/libctru.a(gfx.o)
 .text.gfxIsWide
                0x000000000010ac94       0x1c /opt/devkitpro/libctru/lib/libctru.a(gfx.o)
                0x000000000010ac94                gfxIsWide
 .text.gfxSetScreenFormat
                0x000000000010acb0       0xec /opt/devkitpro/libctru/lib/libctru.a(gfx.o)
                0x000000000010acb0                gfxSetScreenFormat
 .text.gfxInit  0x000000000010ad9c      0x108 /opt/devkitpro/libctru/lib/libctru.a(gfx.o)
                0x000000000010ad9c                gfxInit
 .text.gfxInitDefault
                0x000000000010aea4       0x10 /opt/devkitpro/libctru/lib/libctru.a(gfx.o)
                0x000000000010aea4                gfxInitDefault
 .text.gfxExit  0x000000000010aeb4       0xb4 /opt/devkitpro/libctru/lib/libctru.a(gfx.o)
                0x000000000010aeb4                gfxExit
 .text.gfxGetFramebuffer
                0x000000000010af68       0xa0 /opt/devkitpro/libctru/lib/libctru.a(gfx.o)
                0x000000000010af68                gfxGetFramebuffer
 .text.gfxScreenSwapBuffers
                0x000000000010b008       0x30 /opt/devkitpro/libctru/lib/libctru.a(gfx.o)
                0x000000000010b008                gfxScreenSwapBuffers
 .text.shaderInstanceInit
                0x000000000010b038      0x1e0 /opt/devkitpro/libctru/lib/libctru.a(shaderProgram.o)
                0x000000000010b038                shaderInstanceInit
 .text.shaderInstanceGetUniformLocation
                0x000000000010b218       0x18 /opt/devkitpro/libctru/lib/libctru.a(shaderProgram.o)
                0x000000000010b218                shaderInstanceGetUniformLocation
 .text.shaderProgramInit
                0x000000000010b230       0x1c /opt/devkitpro/libctru/lib/libctru.a(shaderProgram.o)
                0x000000000010b230                shaderProgramInit
 .text.shaderProgramFree
                0x000000000010b24c       0x64 /opt/devkitpro/libctru/lib/libctru.a(shaderProgram.o)
                0x000000000010b24c                shaderProgramFree
 .text.shaderProgramSetVsh
                0x000000000010b2b0       0x80 /opt/devkitpro/libctru/lib/libctru.a(shaderProgram.o)
                0x000000000010b2b0                shaderProgramSetVsh
 .text.shaderProgramConfigure
                0x000000000010b330      0x8c0 /opt/devkitpro/libctru/lib/libctru.a(shaderProgram.o)
                0x000000000010b330                shaderProgramConfigure
 .text.DVLE_GenerateOutmap.part.0
                0x000000000010bbf0      0x1f8 /opt/devkitpro/libctru/lib/libctru.a(shbin.o)
 .text.DVLB_ParseFile
                0x000000000010bde8      0x1cc /opt/devkitpro/libctru/lib/libctru.a(shbin.o)
                0x000000000010bde8                DVLB_ParseFile
 .text.DVLB_Free
                0x000000000010bfb4       0x38 /opt/devkitpro/libctru/lib/libctru.a(shbin.o)
                0x000000000010bfb4                DVLB_Free
 .text.DVLE_GetUniformRegister
                0x000000000010bfec       0x74 /opt/devkitpro/libctru/lib/libctru.a(shbin.o)
                0x000000000010bfec                DVLE_GetUniformRegister
 .text.GX_BindQueue
                0x000000000010c060       0x10 /opt/devkitpro/libctru/lib/libctru.a(gx.o)
                0x000000000010c060                GX_BindQueue
 .text.GX_ProcessCommandList
                0x000000000010c070       0x78 /opt/devkitpro/libctru/lib/libctru.a(gx.o)
                0x000000000010c070                GX_ProcessCommandList
 .text.GX_MemoryFill
                0x000000000010c0e8       0x74 /opt/devkitpro/libctru/lib/libctru.a(gx.o)
                0x000000000010c0e8                GX_MemoryFill
 .text.GX_DisplayTransfer
                0x000000000010c15c       0x70 /opt/devkitpro/libctru/lib/libctru.a(gx.o)
                0x000000000010c15c                GX_DisplayTransfer
 .text.GX_TextureCopy
                0x000000000010c1cc       0x74 /opt/devkitpro/libctru/lib/libctru.a(gx.o)
                0x000000000010c1cc                GX_TextureCopy
 .text.gxCmdQueueDoCommands.part.0
                0x000000000010c240       0x68 /opt/devkitpro/libctru/lib/libctru.a(gxqueue.o)
 .text.gxCmdQueueInterrupt
                0x000000000010c2a8       0xc8 /opt/devkitpro/libctru/lib/libctru.a(gxqueue.o)
                0x000000000010c2a8                gxCmdQueueInterrupt
 .text.gxCmdQueueClear
                0x000000000010c370       0x4c /opt/devkitpro/libctru/lib/libctru.a(gxqueue.o)
                0x000000000010c370                gxCmdQueueClear
 .text.gxCmdQueueAdd
                0x000000000010c3bc       0xf8 /opt/devkitpro/libctru/lib/libctru.a(gxqueue.o)
                0x000000000010c3bc                gxCmdQueueAdd
 .text.gxCmdQueueRun
                0x000000000010c4b4       0x80 /opt/devkitpro/libctru/lib/libctru.a(gxqueue.o)
                0x000000000010c4b4                gxCmdQueueRun
 .text.gxCmdQueueStop
                0x000000000010c534       0x60 /opt/devkitpro/libctru/lib/libctru.a(gxqueue.o)
                0x000000000010c534                gxCmdQueueStop
 .text.gxCmdQueueWait
                0x000000000010c594       0x74 /opt/devkitpro/libctru/lib/libctru.a(gxqueue.o)
                0x000000000010c594                gxCmdQueueWait
 .text.GPUCMD_Add
                0x000000000010c608      0x13c /opt/devkitpro/libctru/lib/libctru.a(gpu.o)
                0x000000000010c608                GPUCMD_Add
 .text.GPUCMD_Split
                0x000000000010c744       0xac /opt/devkitpro/libctru/lib/libctru.a(gpu.o)
                0x000000000010c744                GPUCMD_Split
 .text.f32tof16
                0x000000000010c7f0       0x40 /opt/devkitpro/libctru/lib/libctru.a(gpu.o)
                0x000000000010c7f0                f32tof16
 .text.f32tof24
                0x000000000010c830       0x40 /opt/devkitpro/libctru/lib/libctru.a(gpu.o)
                0x000000000010c830                f32tof24
 .text.f32tof31
                0x000000000010c870       0x44 /opt/devkitpro/libctru/lib/libctru.a(gpu.o)
                0x000000000010c870                f32tof31
 .text.gspHardwareInit
                0x000000000010c8b4      0xc58 /opt/devkitpro/libctru/lib/libctru.a(gspgpu.o)
 .text.gspInit  0x000000000010d50c      0x254 /opt/devkitpro/libctru/lib/libctru.a(gspgpu.o)
                0x000000000010d50c                gspInit
 .text.gspExit  0x000000000010d760       0xf0 /opt/devkitpro/libctru/lib/libctru.a(gspgpu.o)
                0x000000000010d760                gspExit
 .text.gspHasGpuRight
                0x000000000010d850       0x10 /opt/devkitpro/libctru/lib/libctru.a(gspgpu.o)
                0x000000000010d850                gspHasGpuRight
 .text.gspPresentBuffer
                0x000000000010d860       0x98 /opt/devkitpro/libctru/lib/libctru.a(gspgpu.o)
                0x000000000010d860                gspPresentBuffer
 .text.gspSetEventCallback
                0x000000000010d8f8       0x30 /opt/devkitpro/libctru/lib/libctru.a(gspgpu.o)
                0x000000000010d8f8                gspSetEventCallback
 .text.gspWaitForEvent
                0x000000000010d928       0x50 /opt/devkitpro/libctru/lib/libctru.a(gspgpu.o)
                0x000000000010d928                gspWaitForEvent
 .text.gspWaitForAnyEvent
                0x000000000010d978       0x4c /opt/devkitpro/libctru/lib/libctru.a(gspgpu.o)
                0x000000000010d978                gspWaitForAnyEvent
 .text.gspEventThreadMain
                0x000000000010d9c4      0x160 /opt/devkitpro/libctru/lib/libctru.a(gspgpu.o)
 .text.gspSubmitGxCommand
                0x000000000010db24      0x130 /opt/devkitpro/libctru/lib/libctru.a(gspgpu.o)
                0x000000000010db24                gspSubmitGxCommand
 .text.GSPGPU_FlushDataCache
                0x000000000010dc54       0x50 /opt/devkitpro/libctru/lib/libctru.a(gspgpu.o)
                0x000000000010dc54                GSPGPU_FlushDataCache
 .text.GSPGPU_SetLcdForceBlack
                0x000000000010dca4       0x34 /opt/devkitpro/libctru/lib/libctru.a(gspgpu.o)
                0x000000000010dca4                GSPGPU_SetLcdForceBlack
 .text.GSPGPU_AcquireRight
                0x000000000010dcd8       0x68 /opt/devkitpro/libctru/lib/libctru.a(gspgpu.o)
                0x000000000010dcd8                GSPGPU_AcquireRight
 .text.GSPGPU_ReleaseRight
                0x000000000010dd40       0x48 /opt/devkitpro/libctru/lib/libctru.a(gspgpu.o)
                0x000000000010dd40                GSPGPU_ReleaseRight
 .text.GSPGPU_ImportDisplayCaptureInfo
                0x000000000010dd88       0x7c /opt/devkitpro/libctru/lib/libctru.a(gspgpu.o)
                0x000000000010dd88                GSPGPU_ImportDisplayCaptureInfo
 .text.GSPGPU_SaveVramSysArea
                0x000000000010de04       0x2c /opt/devkitpro/libctru/lib/libctru.a(gspgpu.o)
                0x000000000010de04                GSPGPU_SaveVramSysArea
 .text.GSPGPU_RestoreVramSysArea
                0x000000000010de30       0x2c /opt/devkitpro/libctru/lib/libctru.a(gspgpu.o)
                0x000000000010de30                GSPGPU_RestoreVramSysArea
 .text.fsInit   0x000000000010de5c       0xc8 /opt/devkitpro/libctru/lib/libctru.a(fs.o)
                0x000000000010de5c                fsInit
 .text.fsExit   0x000000000010df24       0x3c /opt/devkitpro/libctru/lib/libctru.a(fs.o)
                0x000000000010df24                fsExit
 .text.fsExemptFromSession
                0x000000000010df60       0x60 /opt/devkitpro/libctru/lib/libctru.a(fs.o)
                0x000000000010df60                fsExemptFromSession
 .text.fsUnexemptFromSession
                0x000000000010dfc0       0x50 /opt/devkitpro/libctru/lib/libctru.a(fs.o)
                0x000000000010dfc0                fsUnexemptFromSession
 .text.FSUSER_OpenFile
                0x000000000010e010       0xcc /opt/devkitpro/libctru/lib/libctru.a(fs.o)
                0x000000000010e010                FSUSER_OpenFile
 .text.FSUSER_OpenFileDirectly
                0x000000000010e0dc       0xd4 /opt/devkitpro/libctru/lib/libctru.a(fs.o)
                0x000000000010e0dc                FSUSER_OpenFileDirectly
 .text.FSUSER_DeleteFile
                0x000000000010e1b0       0xbc /opt/devkitpro/libctru/lib/libctru.a(fs.o)
                0x000000000010e1b0                FSUSER_DeleteFile
 .text.FSUSER_RenameFile
                0x000000000010e26c       0xf8 /opt/devkitpro/libctru/lib/libctru.a(fs.o)
                0x000000000010e26c                FSUSER_RenameFile
 .text.FSUSER_DeleteDirectory
                0x000000000010e364       0xbc /opt/devkitpro/libctru/lib/libctru.a(fs.o)
                0x000000000010e364                FSUSER_DeleteDirectory
 .text.FSUSER_CreateFile
                0x000000000010e420       0xd4 /opt/devkitpro/libctru/lib/libctru.a(fs.o)
                0x000000000010e420                FSUSER_CreateFile
 .text.FSUSER_CreateDirectory
                0x000000000010e4f4       0xc4 /opt/devkitpro/libctru/lib/libctru.a(fs.o)
                0x000000000010e4f4                FSUSER_CreateDirectory
 .text.FSUSER_RenameDirectory
                0x000000000010e5b8       0xf8 /opt/devkitpro/libctru/lib/libctru.a(fs.o)
                0x000000000010e5b8                FSUSER_RenameDirectory
 .text.FSUSER_OpenDirectory
                0x000000000010e6b0       0xb4 /opt/devkitpro/libctru/lib/libctru.a(fs.o)
                0x000000000010e6b0                FSUSER_OpenDirectory
 .text.FSUSER_OpenArchive
                0x000000000010e764       0x94 /opt/devkitpro/libctru/lib/libctru.a(fs.o)
                0x000000000010e764                FSUSER_OpenArchive
 .text.FSUSER_CloseArchive
                0x000000000010e7f8       0x8c /opt/devkitpro/libctru/lib/libctru.a(fs.o)
                0x000000000010e7f8                FSUSER_CloseArchive
 .text.FSUSER_GetSdmcArchiveResource
                0x000000000010e884       0x74 /opt/devkitpro/libctru/lib/libctru.a(fs.o)
                0x000000000010e884                FSUSER_GetSdmcArchiveResource
 .text.FSUSER_IsSdmcWritable
                0x000000000010e8f8       0x64 /opt/devkitpro/libctru/lib/libctru.a(fs.o)
                0x000000000010e8f8                FSUSER_IsSdmcWritable
 .text.FSFILE_Read
                0x000000000010e95c       0x58 /opt/devkitpro/libctru/lib/libctru.a(fs.o)
                0x000000000010e95c                FSFILE_Read
 .text.FSFILE_Write
                0x000000000010e9b4       0x60 /opt/devkitpro/libctru/lib/libctru.a(fs.o)
                0x000000000010e9b4                FSFILE_Write
 .text.FSFILE_GetSize
                0x000000000010ea14       0x38 /opt/devkitpro/libctru/lib/libctru.a(fs.o)
                0x000000000010ea14                FSFILE_GetSize
 .text.FSFILE_SetSize
                0x000000000010ea4c       0x28 /opt/devkitpro/libctru/lib/libctru.a(fs.o)
                0x000000000010ea4c                FSFILE_SetSize
 .text.FSFILE_Close
                0x000000000010ea74       0x3c /opt/devkitpro/libctru/lib/libctru.a(fs.o)
                0x000000000010ea74                FSFILE_Close
 .text.FSFILE_Flush
                0x000000000010eab0       0x24 /opt/devkitpro/libctru/lib/libctru.a(fs.o)
                0x000000000010eab0                FSFILE_Flush
 .text.FSDIR_Read
                0x000000000010ead4       0x50 /opt/devkitpro/libctru/lib/libctru.a(fs.o)
                0x000000000010ead4                FSDIR_Read
 .text.FSDIR_Close
                0x000000000010eb24       0x3c /opt/devkitpro/libctru/lib/libctru.a(fs.o)
                0x000000000010eb24                FSDIR_Close
 .text.aptConvertScreenForCapture
                0x000000000010eb60      0x1b0 /opt/devkitpro/libctru/lib/libctru.a(apt.o)
 .text.aptDspSleep
                0x000000000010ed10        0x8 /opt/devkitpro/libctru/lib/libctru.a(apt.o)
                0x000000000010ed10                aptDspSleep
 .text.aptDspWakeup
                0x000000000010ed18        0x4 /opt/devkitpro/libctru/lib/libctru.a(apt.o)
                0x000000000010ed18                aptDspWakeup
 .text.aptDspCancel
                0x000000000010ed1c        0x4 /opt/devkitpro/libctru/lib/libctru.a(apt.o)
                0x000000000010ed1c                aptDspCancel
 .text.aptSendCommand
                0x000000000010ed20      0x15c /opt/devkitpro/libctru/lib/libctru.a(apt.o)
                0x000000000010ed20                aptSendCommand
 .text.aptExitProcess
                0x000000000010ee7c       0x38 /opt/devkitpro/libctru/lib/libctru.a(apt.o)
 .text.aptExit  0x000000000010eeb4      0x2f0 /opt/devkitpro/libctru/lib/libctru.a(apt.o)
                0x000000000010eeb4                aptExit
 .text.aptHandleSleep
                0x000000000010f1a4       0xd8 /opt/devkitpro/libctru/lib/libctru.a(apt.o)
                0x000000000010f1a4                aptHandleSleep
 .text.aptHook  0x000000000010f27c       0x30 /opt/devkitpro/libctru/lib/libctru.a(apt.o)
                0x000000000010f27c                aptHook
 .text.aptUnhook
                0x000000000010f2ac       0x30 /opt/devkitpro/libctru/lib/libctru.a(apt.o)
                0x000000000010f2ac                aptUnhook
 .text.APT_SleepIfShellClosed
                0x000000000010f2dc       0x84 /opt/devkitpro/libctru/lib/libctru.a(apt.o)
                0x000000000010f2dc                APT_SleepIfShellClosed
 .text.aptSetSleepAllowed
                0x000000000010f360       0x84 /opt/devkitpro/libctru/lib/libctru.a(apt.o)
                0x000000000010f360                aptSetSleepAllowed
 .text.APT_UnlockTransition
                0x000000000010f3e4       0x84 /opt/devkitpro/libctru/lib/libctru.a(apt.o)
                0x000000000010f3e4                APT_UnlockTransition
 .text.aptEventHandler
                0x000000000010f468      0x484 /opt/devkitpro/libctru/lib/libctru.a(apt.o)
 .text.APT_ReceiveParameter
                0x000000000010f8ec       0xb0 /opt/devkitpro/libctru/lib/libctru.a(apt.o)
                0x000000000010f8ec                APT_ReceiveParameter
 .text.aptReceiveParameter.constprop.0
                0x000000000010f99c       0xb0 /opt/devkitpro/libctru/lib/libctru.a(apt.o)
 *fill*         0x000000000010fa4c        0x4 
 .text.aptScreenTransfer
                0x000000000010fa50      0x2bc /opt/devkitpro/libctru/lib/libctru.a(apt.o)
 .text.aptWaitForWakeUp.isra.0
                0x000000000010fd0c      0x2d0 /opt/devkitpro/libctru/lib/libctru.a(apt.o)
 .text.aptJumpToHomeMenu
                0x000000000010ffdc       0xf8 /opt/devkitpro/libctru/lib/libctru.a(apt.o)
                0x000000000010ffdc                aptJumpToHomeMenu
 .text.aptMainLoop
                0x00000000001100d4       0x4c /opt/devkitpro/libctru/lib/libctru.a(apt.o)
                0x00000000001100d4                aptMainLoop
 .text.aptInit  0x0000000000110120      0x234 /opt/devkitpro/libctru/lib/libctru.a(apt.o)
                0x0000000000110120                aptInit
 .text.APT_CheckNew3DS
                0x0000000000110354       0x7c /opt/devkitpro/libctru/lib/libctru.a(apt.o)
                0x0000000000110354                APT_CheckNew3DS
 .text.APT_GetSharedFont
                0x00000000001103d0       0x48 /opt/devkitpro/libctru/lib/libctru.a(apt.o)
                0x00000000001103d0                APT_GetSharedFont
 .text.hidShouldUseIrrst
                0x0000000000110418       0x24 /opt/devkitpro/libctru/lib/libctru.a(hid.o)
                0x0000000000110418                hidShouldUseIrrst
 .text.hidInit  0x000000000011043c      0x18c /opt/devkitpro/libctru/lib/libctru.a(hid.o)
                0x000000000011043c                hidInit
 .text.hidExit  0x00000000001105c8       0xe8 /opt/devkitpro/libctru/lib/libctru.a(hid.o)
                0x00000000001105c8                hidExit
 .text.hidScanInput
                0x00000000001106b0      0x294 /opt/devkitpro/libctru/lib/libctru.a(hid.o)
                0x00000000001106b0                hidScanInput
 .text.hidKeysDown
                0x0000000000110944       0x10 /opt/devkitpro/libctru/lib/libctru.a(hid.o)
                0x0000000000110944                hidKeysDown
 .text.hidTouchRead
                0x0000000000110954       0x18 /opt/devkitpro/libctru/lib/libctru.a(hid.o)
                0x0000000000110954                hidTouchRead
 .text.hidCircleRead
                0x000000000011096c       0x18 /opt/devkitpro/libctru/lib/libctru.a(hid.o)
                0x000000000011096c                hidCircleRead
 .text.ptmSysmInit
                0x0000000000110984       0x74 /opt/devkitpro/libctru/lib/libctru.a(ptmsysm.o)
                0x0000000000110984                ptmSysmInit
 .text.ptmSysmExit
                0x00000000001109f8       0x3c /opt/devkitpro/libctru/lib/libctru.a(ptmsysm.o)
                0x00000000001109f8                ptmSysmExit
 .text.PTMSYSM_ConfigureNew3DSCPU
                0x0000000000110a34       0x34 /opt/devkitpro/libctru/lib/libctru.a(ptmsysm.o)
                0x0000000000110a34                PTMSYSM_ConfigureNew3DSCPU
 .text.buffer_read
                0x0000000000110a68       0xcc /opt/devkitpro/libctru/lib/libctru.a(decompress.o)
 .text.iov_read
                0x0000000000110b34       0xd0 /opt/devkitpro/libctru/lib/libctru.a(decompress.o)
 .text.iov_memmove
                0x0000000000110c04      0x128 /opt/devkitpro/libctru/lib/libctru.a(decompress.o)
 .text.decompress_rle
                0x0000000000110d2c      0x1d8 /opt/devkitpro/libctru/lib/libctru.a(decompress.o)
 .text.decompress_lzss
                0x0000000000110f04      0x258 /opt/devkitpro/libctru/lib/libctru.a(decompress.o)
 .text.decompress_huff.part.0
                0x000000000011115c      0x2ec /opt/devkitpro/libctru/lib/libctru.a(decompress.o)
 .text.decompress_lz11
                0x0000000000111448      0x440 /opt/devkitpro/libctru/lib/libctru.a(decompress.o)
 .text.decompressCallback_Stdio
                0x0000000000111888       0x10 /opt/devkitpro/libctru/lib/libctru.a(decompress.o)
                0x0000000000111888                decompressCallback_Stdio
 .text.decompressHeader
                0x0000000000111898       0xe4 /opt/devkitpro/libctru/lib/libctru.a(decompress.o)
                0x0000000000111898                decompressHeader
 .text.decompressV
                0x000000000011197c      0x250 /opt/devkitpro/libctru/lib/libctru.a(decompress.o)
                0x000000000011197c                decompressV
 .text.rbtree_init
                0x0000000000111bcc       0x10 /opt/devkitpro/libctru/lib/libctru.a(rbtree_init.o)
                0x0000000000111bcc                rbtree_init
 .text.do_insert
                0x0000000000111bdc      0x1a0 /opt/devkitpro/libctru/lib/libctru.a(rbtree_insert.o)
 .text.rbtree_insert
                0x0000000000111d7c        0x8 /opt/devkitpro/libctru/lib/libctru.a(rbtree_insert.o)
                0x0000000000111d7c                rbtree_insert
 .text.rbtree_rotate
                0x0000000000111d84       0x90 /opt/devkitpro/libctru/lib/libctru.a(rbtree_rotate.o)
                0x0000000000111d84                rbtree_rotate
 .text.rbtree_remove
                0x0000000000111e14      0x338 /opt/devkitpro/libctru/lib/libctru.a(rbtree_remove.o)
                0x0000000000111e14                rbtree_remove
 .text.rbtree_find
                0x000000000011214c       0x74 /opt/devkitpro/libctru/lib/libctru.a(rbtree_find.o)
                0x000000000011214c                rbtree_find
 .text.utf8_to_utf16
                0x00000000001121c0       0xc0 /opt/devkitpro/libctru/lib/libctru.a(utf8_to_utf16.o)
                0x00000000001121c0                utf8_to_utf16
 .text.decode_utf8
                0x0000000000112280      0x13c /opt/devkitpro/libctru/lib/libctru.a(decode_utf8.o)
                0x0000000000112280                decode_utf8
 .text.utf16_to_utf8
                0x00000000001123bc       0xe8 /opt/devkitpro/libctru/lib/libctru.a(utf16_to_utf8.o)
                0x00000000001123bc                utf16_to_utf8
 *fill*         0x00000000001124a4        0x4 
 .text.__system_allocateHeaps
                0x00000000001124a8      0x1e0 /opt/devkitpro/libctru/lib/libctru.a(allocateHeaps.o)
                0x00000000001124a8                __system_allocateHeaps
 .text.__libctru_init
                0x0000000000112688       0x38 /opt/devkitpro/libctru/lib/libctru.a(ctru_init.o)
                0x0000000000112688                __libctru_init
 .text.__system_initArgv
                0x00000000001126c0       0xf0 /opt/devkitpro/libctru/lib/libctru.a(initArgv.o)
                0x00000000001126c0                __system_initArgv
 .text.svcControlMemory
                0x00000000001127b0       0x20 /opt/devkitpro/libctru/lib/libctru.a(svc.o)
                0x00000000001127b0                svcControlMemory
 .text.svcQueryMemory
                0x00000000001127d0       0x30 /opt/devkitpro/libctru/lib/libctru.a(svc.o)
                0x00000000001127d0                svcQueryMemory
 .text.svcExitProcess
                0x0000000000112800        0x8 /opt/devkitpro/libctru/lib/libctru.a(svc.o)
                0x0000000000112800                svcExitProcess
 .text.svcCreateThread
                0x0000000000112808       0x20 /opt/devkitpro/libctru/lib/libctru.a(svc.o)
                0x0000000000112808                svcCreateThread
 .text.svcExitThread
                0x0000000000112828        0x8 /opt/devkitpro/libctru/lib/libctru.a(svc.o)
                0x0000000000112828                svcExitThread
 .text.svcSleepThread
                0x0000000000112830        0x8 /opt/devkitpro/libctru/lib/libctru.a(svc.o)
                0x0000000000112830                svcSleepThread
 .text.svcReleaseMutex
                0x0000000000112838        0x8 /opt/devkitpro/libctru/lib/libctru.a(svc.o)
                0x0000000000112838                svcReleaseMutex
 .text.svcCreateEvent
                0x0000000000112840       0x14 /opt/devkitpro/libctru/lib/libctru.a(svc.o)
                0x0000000000112840                svcCreateEvent
 .text.svcSignalEvent
                0x0000000000112854        0x8 /opt/devkitpro/libctru/lib/libctru.a(svc.o)
                0x0000000000112854                svcSignalEvent
 .text.svcClearEvent
                0x000000000011285c        0x8 /opt/devkitpro/libctru/lib/libctru.a(svc.o)
                0x000000000011285c                svcClearEvent
 .text.svcMapMemoryBlock
                0x0000000000112864        0x8 /opt/devkitpro/libctru/lib/libctru.a(svc.o)
                0x0000000000112864                svcMapMemoryBlock
 .text.svcUnmapMemoryBlock
                0x000000000011286c        0x8 /opt/devkitpro/libctru/lib/libctru.a(svc.o)
                0x000000000011286c                svcUnmapMemoryBlock
 .text.svcCreateAddressArbiter
                0x0000000000112874       0x14 /opt/devkitpro/libctru/lib/libctru.a(svc.o)
                0x0000000000112874                svcCreateAddressArbiter
 .text.svcArbitrateAddressNoTimeout
                0x0000000000112888        0x8 /opt/devkitpro/libctru/lib/libctru.a(svc.o)
                0x0000000000112888                svcArbitrateAddressNoTimeout
 .text.svcCloseHandle
                0x0000000000112890        0x8 /opt/devkitpro/libctru/lib/libctru.a(svc.o)
                0x0000000000112890                svcCloseHandle
 .text.svcWaitSynchronization
                0x0000000000112898        0x8 /opt/devkitpro/libctru/lib/libctru.a(svc.o)
                0x0000000000112898                svcWaitSynchronization
 .text.svcWaitSynchronizationN
                0x00000000001128a0       0x28 /opt/devkitpro/libctru/lib/libctru.a(svc.o)
                0x00000000001128a0                svcWaitSynchronizationN
 .text.svcDuplicateHandle
                0x00000000001128c8       0x14 /opt/devkitpro/libctru/lib/libctru.a(svc.o)
                0x00000000001128c8                svcDuplicateHandle
 .text.svcGetSystemTick
                0x00000000001128dc        0x8 /opt/devkitpro/libctru/lib/libctru.a(svc.o)
                0x00000000001128dc                svcGetSystemTick
 .text.svcConnectToPort
                0x00000000001128e4       0x14 /opt/devkitpro/libctru/lib/libctru.a(svc.o)
                0x00000000001128e4                svcConnectToPort
 .text.svcSendSyncRequest
                0x00000000001128f8        0x8 /opt/devkitpro/libctru/lib/libctru.a(svc.o)
                0x00000000001128f8                svcSendSyncRequest
 .text.svcGetResourceLimit
                0x0000000000112900       0x14 /opt/devkitpro/libctru/lib/libctru.a(svc.o)
                0x0000000000112900                svcGetResourceLimit
 .text.svcGetResourceLimitLimitValues
                0x0000000000112914        0x8 /opt/devkitpro/libctru/lib/libctru.a(svc.o)
                0x0000000000112914                svcGetResourceLimitLimitValues
 .text.svcGetResourceLimitCurrentValues
                0x000000000011291c        0x8 /opt/devkitpro/libctru/lib/libctru.a(svc.o)
                0x000000000011291c                svcGetResourceLimitCurrentValues
 .text.svcBreak
                0x0000000000112924        0x8 /opt/devkitpro/libctru/lib/libctru.a(svc.o)
                0x0000000000112924                svcBreak
 .text.initSystem
                0x000000000011292c       0x50 /opt/devkitpro/libctru/lib/libctru.a(stack_adjust.o)
                0x000000000011292c                initSystem
 .text.__ctru_exit
                0x000000000011297c       0x18 /opt/devkitpro/libctru/lib/libctru.a(stack_adjust.o)
                0x000000000011297c                __ctru_exit
 .text.__aeabi_read_tp
                0x0000000000112994        0xc /opt/devkitpro/libctru/lib/libctru.a(readtp.o)
                0x0000000000112994                __aeabi_read_tp
 .text.__sync_init
                0x00000000001129a0        0xc /opt/devkitpro/libctru/lib/libctru.a(synchronization.o)
                0x00000000001129a0                __sync_init
 .text.__sync_fini
                0x00000000001129ac       0x18 /opt/devkitpro/libctru/lib/libctru.a(synchronization.o)
                0x00000000001129ac                __sync_fini
 .text.syncArbitrateAddress
                0x00000000001129c4       0x2c /opt/devkitpro/libctru/lib/libctru.a(synchronization.o)
                0x00000000001129c4                syncArbitrateAddress
 .text.LightLock_Init
                0x00000000001129f0       0x1c /opt/devkitpro/libctru/lib/libctru.a(synchronization.o)
                0x00000000001129f0                LightLock_Init
 .text.LightLock_Lock
                0x0000000000112a0c       0x94 /opt/devkitpro/libctru/lib/libctru.a(synchronization.o)
                0x0000000000112a0c                LightLock_Lock
 .text.LightLock_TryLock
                0x0000000000112aa0       0x44 /opt/devkitpro/libctru/lib/libctru.a(synchronization.o)
                0x0000000000112aa0                LightLock_TryLock
 .text.LightLock_Unlock
                0x0000000000112ae4       0x40 /opt/devkitpro/libctru/lib/libctru.a(synchronization.o)
                0x0000000000112ae4                LightLock_Unlock
 .text.RecursiveLock_Init
                0x0000000000112b24       0x24 /opt/devkitpro/libctru/lib/libctru.a(synchronization.o)
                0x0000000000112b24                RecursiveLock_Init
 .text.RecursiveLock_Lock
                0x0000000000112b48       0x30 /opt/devkitpro/libctru/lib/libctru.a(synchronization.o)
                0x0000000000112b48                RecursiveLock_Lock
 .text.RecursiveLock_TryLock
                0x0000000000112b78       0x78 /opt/devkitpro/libctru/lib/libctru.a(synchronization.o)
                0x0000000000112b78                RecursiveLock_TryLock
 .text.RecursiveLock_Unlock
                0x0000000000112bf0       0x54 /opt/devkitpro/libctru/lib/libctru.a(synchronization.o)
                0x0000000000112bf0                RecursiveLock_Unlock
 .text.LightEvent_Init
                0x0000000000112c44       0x40 /opt/devkitpro/libctru/lib/libctru.a(synchronization.o)
                0x0000000000112c44                LightEvent_Init
 .text.LightEvent_Clear
                0x0000000000112c84       0xa4 /opt/devkitpro/libctru/lib/libctru.a(synchronization.o)
                0x0000000000112c84                LightEvent_Clear
 .text.LightEvent_Signal
                0x0000000000112d28       0xc8 /opt/devkitpro/libctru/lib/libctru.a(synchronization.o)
                0x0000000000112d28                LightEvent_Signal
 .text.LightEvent_TryWait
                0x0000000000112df0       0x58 /opt/devkitpro/libctru/lib/libctru.a(synchronization.o)
                0x0000000000112df0                LightEvent_TryWait
 .text.LightEvent_Wait
                0x0000000000112e48       0xb0 /opt/devkitpro/libctru/lib/libctru.a(synchronization.o)
                0x0000000000112e48                LightEvent_Wait
 .text.envGetHandle
                0x0000000000112ef8       0x84 /opt/devkitpro/libctru/lib/libctru.a(env.o)
                0x0000000000112ef8                envGetHandle
 .text.envDestroyHandles
                0x0000000000112f7c       0x50 /opt/devkitpro/libctru/lib/libctru.a(env.o)
                0x0000000000112f7c                envDestroyHandles
 .text.srvInit  0x0000000000112fcc      0x124 /opt/devkitpro/libctru/lib/libctru.a(srv.o)
                0x0000000000112fcc                srvInit
 .text.srvExit  0x00000000001130f0       0x58 /opt/devkitpro/libctru/lib/libctru.a(srv.o)
                0x00000000001130f0                srvExit
 .text.srvGetServiceHandleDirect
                0x0000000000113148       0x80 /opt/devkitpro/libctru/lib/libctru.a(srv.o)
                0x0000000000113148                srvGetServiceHandleDirect
 .text.srvGetServiceHandle
                0x00000000001131c8       0x48 /opt/devkitpro/libctru/lib/libctru.a(srv.o)
                0x00000000001131c8                srvGetServiceHandle
 .text.srvPublishToSubscriber
                0x0000000000113210       0x38 /opt/devkitpro/libctru/lib/libctru.a(srv.o)
                0x0000000000113210                srvPublishToSubscriber
 .text.threadCreate
                0x0000000000113248      0x188 /opt/devkitpro/libctru/lib/libctru.a(thread.o)
                0x0000000000113248                threadCreate
 .text.threadFree
                0x00000000001133d0       0x2c /opt/devkitpro/libctru/lib/libctru.a(thread.o)
                0x00000000001133d0                threadFree
 .text.threadJoin
                0x00000000001133fc       0x24 /opt/devkitpro/libctru/lib/libctru.a(thread.o)
                0x00000000001133fc                threadJoin
 .text.threadGetCurrent
                0x0000000000113420       0x30 /opt/devkitpro/libctru/lib/libctru.a(thread.o)
                0x0000000000113420                threadGetCurrent
 .text.threadExit
                0x0000000000113450       0x40 /opt/devkitpro/libctru/lib/libctru.a(thread.o)
                0x0000000000113450                threadExit
 .text._thread_begin
                0x0000000000113490       0x44 /opt/devkitpro/libctru/lib/libctru.a(thread.o)
 .text.mappableFindAddressWithin
                0x00000000001134d4       0x94 /opt/devkitpro/libctru/lib/libctru.a(mappable.o)
 .text.mappableInit
                0x0000000000113568       0x28 /opt/devkitpro/libctru/lib/libctru.a(mappable.o)
                0x0000000000113568                mappableInit
 .text.mappableAlloc
                0x0000000000113590       0x80 /opt/devkitpro/libctru/lib/libctru.a(mappable.o)
                0x0000000000113590                mappableAlloc
 .text.mappableFree
                0x0000000000113610        0x4 /opt/devkitpro/libctru/lib/libctru.a(mappable.o)
                0x0000000000113610                mappableFree
 .text.irrstInit
                0x0000000000113614      0x160 /opt/devkitpro/libctru/lib/libctru.a(irrst.o)
                0x0000000000113614                irrstInit
 .text.irrstExit
                0x0000000000113774       0xcc /opt/devkitpro/libctru/lib/libctru.a(irrst.o)
                0x0000000000113774                irrstExit
 .text.irrstScanInput
                0x0000000000113840       0xb0 /opt/devkitpro/libctru/lib/libctru.a(irrst.o)
                0x0000000000113840                irrstScanInput
 .text.irrstKeysHeld
                0x00000000001138f0       0x24 /opt/devkitpro/libctru/lib/libctru.a(irrst.o)
                0x00000000001138f0                irrstKeysHeld
 .text.srvPmGetSessionHandle
                0x0000000000113914        0xc /opt/devkitpro/libctru/lib/libctru.a(srvpm.o)
                0x0000000000113914                srvPmGetSessionHandle
 .text.rbtree_node_next
                0x0000000000113920       0x50 /opt/devkitpro/libctru/lib/libctru.a(rbtree_iterator.o)
                0x0000000000113920                rbtree_node_next
 .text.encode_utf16
                0x0000000000113970       0x60 /opt/devkitpro/libctru/lib/libctru.a(encode_utf16.o)
                0x0000000000113970                encode_utf16
 .text.encode_utf8
                0x00000000001139d0       0xfc /opt/devkitpro/libctru/lib/libctru.a(encode_utf8.o)
                0x00000000001139d0                encode_utf8
 .text.decode_utf16
                0x0000000000113acc       0x64 /opt/devkitpro/libctru/lib/libctru.a(decode_utf16.o)
                0x0000000000113acc                decode_utf16
 .text.__libctru_nanosleep
                0x0000000000113b30       0x30 /opt/devkitpro/libctru/lib/libctru.a(syscalls.o)
 .text.__libctru_get_reent
                0x0000000000113b60       0x30 /opt/devkitpro/libctru/lib/libctru.a(syscalls.o)
 .text.__system_initSyscalls
                0x0000000000113b90       0xf8 /opt/devkitpro/libctru/lib/libctru.a(syscalls.o)
                0x0000000000113b90                __system_initSyscalls
 .text.__appInit
                0x0000000000113c88       0x30 /opt/devkitpro/libctru/lib/libctru.a(appInit.o)
                0x0000000000113c88                __appInit
 .text.__appExit
                0x0000000000113cb8       0x30 /opt/devkitpro/libctru/lib/libctru.a(appExit.o)
                0x0000000000113cb8                __appExit
 .text.__libctru_exit
                0x0000000000113ce8       0x90 /opt/devkitpro/libctru/lib/libctru.a(ctru_exit.o)
                0x0000000000113ce8                __libctru_exit
 .text.archive_link
                0x0000000000113d78       0x14 /opt/devkitpro/libctru/lib/libctru.a(archive_dev.o)
 .text.archive_dirreset
                0x0000000000113d8c       0x14 /opt/devkitpro/libctru/lib/libctru.a(archive_dev.o)
 .text.archive_chmod
                0x0000000000113da0       0x14 /opt/devkitpro/libctru/lib/libctru.a(archive_dev.o)
 .text.error_cmp
                0x0000000000113db4       0x24 /opt/devkitpro/libctru/lib/libctru.a(archive_dev.o)
 .text.archive_translate_error
                0x0000000000113dd8       0x50 /opt/devkitpro/libctru/lib/libctru.a(archive_dev.o)
 .text.archive_seek
                0x0000000000113e28       0xd4 /opt/devkitpro/libctru/lib/libctru.a(archive_dev.o)
 .text._archiveInit.part.0
                0x0000000000113efc       0x7c /opt/devkitpro/libctru/lib/libctru.a(archive_dev.o)
 .text.archiveFindDevice.part.0
                0x0000000000113f78       0x8c /opt/devkitpro/libctru/lib/libctru.a(archive_dev.o)
 .text.archive_utf16path
                0x0000000000114004      0x294 /opt/devkitpro/libctru/lib/libctru.a(archive_dev.o)
 .text._archiveUnmountDeviceStruct.part.0
                0x0000000000114298       0xa0 /opt/devkitpro/libctru/lib/libctru.a(archive_dev.o)
 .text.archive_fchmod
                0x0000000000114338       0x14 /opt/devkitpro/libctru/lib/libctru.a(archive_dev.o)
 .text.archive_statvfs
                0x000000000011434c       0x14 /opt/devkitpro/libctru/lib/libctru.a(archive_dev.o)
 .text._archiveMountDevice
                0x0000000000114360      0x158 /opt/devkitpro/libctru/lib/libctru.a(archive_dev.o)
 .text.archive_diropen
                0x00000000001144b8       0xe8 /opt/devkitpro/libctru/lib/libctru.a(archive_dev.o)
 .text.archive_fstat
                0x00000000001145a0       0xa4 /opt/devkitpro/libctru/lib/libctru.a(archive_dev.o)
 .text.archive_close
                0x0000000000114644       0x6c /opt/devkitpro/libctru/lib/libctru.a(archive_dev.o)
 .text.archive_fsync
                0x00000000001146b0       0x6c /opt/devkitpro/libctru/lib/libctru.a(archive_dev.o)
 .text.archive_dirclose
                0x000000000011471c       0x70 /opt/devkitpro/libctru/lib/libctru.a(archive_dev.o)
 .text.sdmc_statvfs
                0x000000000011478c       0xe8 /opt/devkitpro/libctru/lib/libctru.a(archive_dev.o)
 .text.archive_ftruncate
                0x0000000000114874       0x80 /opt/devkitpro/libctru/lib/libctru.a(archive_dev.o)
 .text.archive_chdir
                0x00000000001148f4       0xfc /opt/devkitpro/libctru/lib/libctru.a(archive_dev.o)
 .text.archive_read
                0x00000000001149f0       0xb0 /opt/devkitpro/libctru/lib/libctru.a(archive_dev.o)
 .text.archive_unlink
                0x0000000000114aa0       0xac /opt/devkitpro/libctru/lib/libctru.a(archive_dev.o)
 .text.archive_rmdir
                0x0000000000114b4c       0xc8 /opt/devkitpro/libctru/lib/libctru.a(archive_dev.o)
 .text.archive_mkdir
                0x0000000000114c14       0xec /opt/devkitpro/libctru/lib/libctru.a(archive_dev.o)
 .text.archive_stat
                0x0000000000114d00      0x1a8 /opt/devkitpro/libctru/lib/libctru.a(archive_dev.o)
 .text.archive_rename
                0x0000000000114ea8      0x184 /opt/devkitpro/libctru/lib/libctru.a(archive_dev.o)
 .text.archive_dirnext
                0x000000000011502c      0x168 /opt/devkitpro/libctru/lib/libctru.a(archive_dev.o)
 .text.archive_write
                0x0000000000115194      0x12c /opt/devkitpro/libctru/lib/libctru.a(archive_dev.o)
 .text.archive_open
                0x00000000001152c0      0x1f0 /opt/devkitpro/libctru/lib/libctru.a(archive_dev.o)
 .text.archiveMountSdmc
                0x00000000001154b0      0x1a4 /opt/devkitpro/libctru/lib/libctru.a(archive_dev.o)
                0x00000000001154b0                archiveMountSdmc
 .text.archiveUnmountAll
                0x0000000000115654       0x54 /opt/devkitpro/libctru/lib/libctru.a(archive_dev.o)
                0x0000000000115654                archiveUnmountAll
 .text.cosf     0x00000000001156a8      0x22c /opt/devkitpro/devkitARM/bin/../lib/gcc/arm-none-eabi/10.2.0/../../../../arm-none-eabi/lib/armv6k/fpu/libm.a(lib_a-cosf.o)
                0x00000000001156a8                cosf
 .text.with_errnof
                0x00000000001158d4       0x24 /opt/devkitpro/devkitARM/bin/../lib/gcc/arm-none-eabi/10.2.0/../../../../arm-none-eabi/lib/armv6k/fpu/libm.a(lib_a-math_errf.o)
 .text.__math_invalidf
                0x00000000001158f8       0x1c /opt/devkitpro/devkitARM/bin/../lib/gcc/arm-none-eabi/10.2.0/../../../../arm-none-eabi/lib/armv6k/fpu/libm.a(lib_a-math_errf.o)
                0x00000000001158f8                __math_invalidf
 .text.ceilf    0x0000000000115914       0xb4 /opt/devkitpro/devkitARM/bin/../lib/gcc/arm-none-eabi/10.2.0/../../../../arm-none-eabi/lib/armv6k/fpu/libm.a(lib_a-sf_ceil.o)
                0x0000000000115914                ceilf
 .text.sinf     0x00000000001159c8      0x274 /opt/devkitpro/devkitARM/bin/../lib/gcc/arm-none-eabi/10.2.0/../../../../arm-none-eabi/lib/armv6k/fpu/libm.a(lib_a-sinf.o)
                0x00000000001159c8                sinf
 *fill*         0x0000000000115c3c        0x4 
 .text.sqrt     0x0000000000115c40       0x74 /opt/devkitpro/devkitARM/bin/../lib/gcc/arm-none-eabi/10.2.0/../../../../arm-none-eabi/lib/armv6k/fpu/libm.a(lib_a-w_sqrt.o)
                0x0000000000115c40                sqrt
 .text.__ieee754_sqrt
                0x0000000000115cb4        0x8 /opt/devkitpro/devkitARM/bin/../lib/gcc/arm-none-eabi/10.2.0/../../../../arm-none-eabi/lib/armv6k/fpu/libm.a(lib_a-e_sqrt.o)
                0x0000000000115cb4                __ieee754_sqrt
 .text.__udivmoddi4
                0x0000000000115cbc      0x120 /opt/devkitpro/devkitARM/bin/../lib/gcc/arm-none-eabi/10.2.0/armv6k/fpu/libgcc.a(_udivmoddi4.o)
                0x0000000000115cbc                __udivmoddi4
 .text.bsearch  0x0000000000115ddc       0x78 /opt/devkitpro/devkitARM/bin/../lib/gcc/arm-none-eabi/10.2.0/../../../../arm-none-eabi/lib/armv6k/fpu/libg.a(lib_a-bsearch.o)
                0x0000000000115ddc                bsearch
 .text.calloc   0x0000000000115e54       0x28 /opt/devkitpro/devkitARM/bin/../lib/gcc/arm-none-eabi/10.2.0/../../../../arm-none-eabi/lib/armv6k/fpu/libg.a(lib_a-calloc.o)
                0x0000000000115e54                calloc
 .text._calloc_r
                0x0000000000115e7c       0x94 /opt/devkitpro/devkitARM/bin/../lib/gcc/arm-none-eabi/10.2.0/../../../../arm-none-eabi/lib/armv6k/fpu/libg.a(lib_a-callocr.o)
                0x0000000000115e7c                _calloc_r
 .text.__errno  0x0000000000115f10        0xc /opt/devkitpro/devkitARM/bin/../lib/gcc/arm-none-eabi/10.2.0/../../../../arm-none-eabi/lib/armv6k/fpu/libg.a(lib_a-errno.o)
                0x0000000000115f10                __errno
 .text.exit     0x0000000000115f1c       0x34 /opt/devkitpro/devkitARM/bin/../lib/gcc/arm-none-eabi/10.2.0/../../../../arm-none-eabi/lib/armv6k/fpu/libg.a(lib_a-exit.o)
                0x0000000000115f1c                exit
 .text._fclose_r
                0x0000000000115f50      0x160 /opt/devkitpro/devkitARM/bin/../lib/gcc/arm-none-eabi/10.2.0/../../../../arm-none-eabi/lib/armv6k/fpu/libg.a(lib_a-fclose.o)
                0x0000000000115f50                _fclose_r
 .text.fclose   0x00000000001160b0       0x20 /opt/devkitpro/devkitARM/bin/../lib/gcc/arm-none-eabi/10.2.0/../../../../arm-none-eabi/lib/armv6k/fpu/libg.a(lib_a-fclose.o)
                0x00000000001160b0                fclose
 .text.__sflush_r
                0x00000000001160d0      0x258 /opt/devkitpro/devkitARM/bin/../lib/gcc/arm-none-eabi/10.2.0/../../../../arm-none-eabi/lib/armv6k/fpu/libg.a(lib_a-fflush.o)
                0x00000000001160d0                __sflush_r
 .text._fflush_r
                0x0000000000116328       0x94 /opt/devkitpro/devkitARM/bin/../lib/gcc/arm-none-eabi/10.2.0/../../../../arm-none-eabi/lib/armv6k/fpu/libg.a(lib_a-fflush.o)
                0x0000000000116328                _fflush_r
 .text.fflush   0x00000000001163bc       0x38 /opt/devkitpro/devkitARM/bin/../lib/gcc/arm-none-eabi/10.2.0/../../../../arm-none-eabi/lib/armv6k/fpu/libg.a(lib_a-fflush.o)
                0x00000000001163bc                fflush
 .text._fgets_r
                0x00000000001163f4      0x1a0 /opt/devkitpro/devkitARM/bin/../lib/gcc/arm-none-eabi/10.2.0/../../../../arm-none-eabi/lib/armv6k/fpu/libg.a(lib_a-fgets.o)
                0x00000000001163f4                _fgets_r
 .text.fgets    0x0000000000116594       0x30 /opt/devkitpro/devkitARM/bin/../lib/gcc/arm-none-eabi/10.2.0/../../../../arm-none-eabi/lib/armv6k/fpu/libg.a(lib_a-fgets.o)
                0x0000000000116594                fgets
 .text._cleanup_r
                0x00000000001165c4        0xc /opt/devkitpro/devkitARM/bin/../lib/gcc/arm-none-eabi/10.2.0/../../../../arm-none-eabi/lib/armv6k/fpu/libg.a(lib_a-findfp.o)
                0x00000000001165c4                _cleanup_r
 .text.__sinit  0x00000000001165d0      0x184 /opt/devkitpro/devkitARM/bin/../lib/gcc/arm-none-eabi/10.2.0/../../../../arm-none-eabi/lib/armv6k/fpu/libg.a(lib_a-findfp.o)
                0x00000000001165d0                __sinit
 .text.__sfp    0x0000000000116754      0x134 /opt/devkitpro/devkitARM/bin/../lib/gcc/arm-none-eabi/10.2.0/../../../../arm-none-eabi/lib/armv6k/fpu/libg.a(lib_a-findfp.o)
                0x0000000000116754                __sfp
 .text.__sfp_lock_acquire
                0x0000000000116888        0xc /opt/devkitpro/devkitARM/bin/../lib/gcc/arm-none-eabi/10.2.0/../../../../arm-none-eabi/lib/armv6k/fpu/libg.a(lib_a-findfp.o)
                0x0000000000116888                __sfp_lock_acquire
 .text.__sfp_lock_release
                0x0000000000116894        0xc /opt/devkitpro/devkitARM/bin/../lib/gcc/arm-none-eabi/10.2.0/../../../../arm-none-eabi/lib/armv6k/fpu/libg.a(lib_a-findfp.o)
                0x0000000000116894                __sfp_lock_release
 .text.__libc_fini_array
                0x00000000001168a0       0x3c /opt/devkitpro/devkitARM/bin/../lib/gcc/arm-none-eabi/10.2.0/../../../../arm-none-eabi/lib/armv6k/fpu/libg.a(lib_a-fini.o)
                0x00000000001168a0                __libc_fini_array
 .text._fopen_r
                0x00000000001168dc      0x140 /opt/devkitpro/devkitARM/bin/../lib/gcc/arm-none-eabi/10.2.0/../../../../arm-none-eabi/lib/armv6k/fpu/libg.a(lib_a-fopen.o)
                0x00000000001168dc                _fopen_r
 .text.fopen    0x0000000000116a1c       0x28 /opt/devkitpro/devkitARM/bin/../lib/gcc/arm-none-eabi/10.2.0/../../../../arm-none-eabi/lib/armv6k/fpu/libg.a(lib_a-fopen.o)
                0x0000000000116a1c                fopen
 .text._fputs_r
                0x0000000000116a44       0xc0 /opt/devkitpro/devkitARM/bin/../lib/gcc/arm-none-eabi/10.2.0/../../../../arm-none-eabi/lib/armv6k/fpu/libg.a(lib_a-fputs.o)
                0x0000000000116a44                _fputs_r
 .text.fputs    0x0000000000116b04       0x28 /opt/devkitpro/devkitARM/bin/../lib/gcc/arm-none-eabi/10.2.0/../../../../arm-none-eabi/lib/armv6k/fpu/libg.a(lib_a-fputs.o)
                0x0000000000116b04                fputs
 .text._fread_r
                0x0000000000116b2c      0x2d0 /opt/devkitpro/devkitARM/bin/../lib/gcc/arm-none-eabi/10.2.0/../../../../arm-none-eabi/lib/armv6k/fpu/libg.a(lib_a-fread.o)
                0x0000000000116b2c                _fread_r
 .text.fread    0x0000000000116dfc       0x38 /opt/devkitpro/devkitARM/bin/../lib/gcc/arm-none-eabi/10.2.0/../../../../arm-none-eabi/lib/armv6k/fpu/libg.a(lib_a-fread.o)
                0x0000000000116dfc                fread
 .text._malloc_trim_r
                0x0000000000116e34       0xf8 /opt/devkitpro/devkitARM/bin/../lib/gcc/arm-none-eabi/10.2.0/../../../../arm-none-eabi/lib/armv6k/fpu/libg.a(lib_a-freer.o)
                0x0000000000116e34                _malloc_trim_r
 .text._free_r  0x0000000000116f2c      0x2e4 /opt/devkitpro/devkitARM/bin/../lib/gcc/arm-none-eabi/10.2.0/../../../../arm-none-eabi/lib/armv6k/fpu/libg.a(lib_a-freer.o)
                0x0000000000116f2c                _free_r
 .text._fseek_r
                0x0000000000117210       0x1c /opt/devkitpro/devkitARM/bin/../lib/gcc/arm-none-eabi/10.2.0/../../../../arm-none-eabi/lib/armv6k/fpu/libg.a(lib_a-fseek.o)
                0x0000000000117210                _fseek_r
 .text._fseeko_r
                0x000000000011722c      0x4f8 /opt/devkitpro/devkitARM/bin/../lib/gcc/arm-none-eabi/10.2.0/../../../../arm-none-eabi/lib/armv6k/fpu/libg.a(lib_a-fseeko.o)
                0x000000000011722c                _fseeko_r
 .text._ftello_r
                0x0000000000117724      0x1bc /opt/devkitpro/devkitARM/bin/../lib/gcc/arm-none-eabi/10.2.0/../../../../arm-none-eabi/lib/armv6k/fpu/libg.a(lib_a-ftello.o)
                0x0000000000117724                _ftello_r
 .text.__sfvwrite_r
                0x00000000001178e0      0x4a4 /opt/devkitpro/devkitARM/bin/../lib/gcc/arm-none-eabi/10.2.0/../../../../arm-none-eabi/lib/armv6k/fpu/libg.a(lib_a-fvwrite.o)
                0x00000000001178e0                __sfvwrite_r
 .text._fwalk   0x0000000000117d84       0x68 /opt/devkitpro/devkitARM/bin/../lib/gcc/arm-none-eabi/10.2.0/../../../../arm-none-eabi/lib/armv6k/fpu/libg.a(lib_a-fwalk.o)
                0x0000000000117d84                _fwalk
 .text._fwalk_reent
                0x0000000000117dec       0x70 /opt/devkitpro/devkitARM/bin/../lib/gcc/arm-none-eabi/10.2.0/../../../../arm-none-eabi/lib/armv6k/fpu/libg.a(lib_a-fwalk.o)
                0x0000000000117dec                _fwalk_reent
 .text.__libc_init_array
                0x0000000000117e5c       0x7c /opt/devkitpro/devkitARM/bin/../lib/gcc/arm-none-eabi/10.2.0/../../../../arm-none-eabi/lib/armv6k/fpu/libg.a(lib_a-init.o)
                0x0000000000117e5c                __libc_init_array
 .text.__smakebuf_r
                0x0000000000117ed8      0x138 /opt/devkitpro/devkitARM/bin/../lib/gcc/arm-none-eabi/10.2.0/../../../../arm-none-eabi/lib/armv6k/fpu/libg.a(lib_a-makebuf.o)
                0x0000000000117ed8                __smakebuf_r
 .text.__swhatbuf_r
                0x0000000000118010       0x94 /opt/devkitpro/devkitARM/bin/../lib/gcc/arm-none-eabi/10.2.0/../../../../arm-none-eabi/lib/armv6k/fpu/libg.a(lib_a-makebuf.o)
                0x0000000000118010                __swhatbuf_r
 .text.memalign
                0x00000000001180a4       0x28 /opt/devkitpro/devkitARM/bin/../lib/gcc/arm-none-eabi/10.2.0/../../../../arm-none-eabi/lib/armv6k/fpu/libg.a(lib_a-malign.o)
                0x00000000001180a4                memalign
 .text._memalign_r
                0x00000000001180cc      0x148 /opt/devkitpro/devkitARM/bin/../lib/gcc/arm-none-eabi/10.2.0/../../../../arm-none-eabi/lib/armv6k/fpu/libg.a(lib_a-malignr.o)
                0x00000000001180cc                _memalign_r
 .text.malloc   0x0000000000118214       0x20 /opt/devkitpro/devkitARM/bin/../lib/gcc/arm-none-eabi/10.2.0/../../../../arm-none-eabi/lib/armv6k/fpu/libg.a(lib_a-malloc.o)
                0x0000000000118214                malloc
 .text.free     0x0000000000118234       0x20 /opt/devkitpro/devkitARM/bin/../lib/gcc/arm-none-eabi/10.2.0/../../../../arm-none-eabi/lib/armv6k/fpu/libg.a(lib_a-malloc.o)
                0x0000000000118234                free
 .text._malloc_r
                0x0000000000118254      0x7f0 /opt/devkitpro/devkitARM/bin/../lib/gcc/arm-none-eabi/10.2.0/../../../../arm-none-eabi/lib/armv6k/fpu/libg.a(lib_a-mallocr.o)
                0x0000000000118254                _malloc_r
 .text.memchr   0x0000000000118a44       0xe0 /opt/devkitpro/devkitARM/bin/../lib/gcc/arm-none-eabi/10.2.0/../../../../arm-none-eabi/lib/armv6k/fpu/libg.a(lib_a-memchr-stub.o)
                0x0000000000118a44                memchr
 .text.memcmp   0x0000000000118b24       0xa8 /opt/devkitpro/devkitARM/bin/../lib/gcc/arm-none-eabi/10.2.0/../../../../arm-none-eabi/lib/armv6k/fpu/libg.a(lib_a-memcmp.o)
                0x0000000000118b24                memcmp
 .text.memcpy   0x0000000000118bcc      0x11c /opt/devkitpro/devkitARM/bin/../lib/gcc/arm-none-eabi/10.2.0/../../../../arm-none-eabi/lib/armv6k/fpu/libg.a(lib_a-memcpy-stub.o)
                0x0000000000118bcc                memcpy
 .text.memmove  0x0000000000118ce8      0x154 /opt/devkitpro/devkitARM/bin/../lib/gcc/arm-none-eabi/10.2.0/../../../../arm-none-eabi/lib/armv6k/fpu/libg.a(lib_a-memmove.o)
                0x0000000000118ce8                memmove
 .text.memset   0x0000000000118e3c      0x118 /opt/devkitpro/devkitARM/bin/../lib/gcc/arm-none-eabi/10.2.0/../../../../arm-none-eabi/lib/armv6k/fpu/libg.a(lib_a-memset.o)
                0x0000000000118e3c                memset
 .text.__malloc_lock
                0x0000000000118f54        0xc /opt/devkitpro/devkitARM/bin/../lib/gcc/arm-none-eabi/10.2.0/../../../../arm-none-eabi/lib/armv6k/fpu/libg.a(lib_a-mlock.o)
                0x0000000000118f54                __malloc_lock
 .text.__malloc_unlock
                0x0000000000118f60        0xc /opt/devkitpro/devkitARM/bin/../lib/gcc/arm-none-eabi/10.2.0/../../../../arm-none-eabi/lib/armv6k/fpu/libg.a(lib_a-mlock.o)
                0x0000000000118f60                __malloc_unlock
 .text.printf   0x0000000000118f6c       0x34 /opt/devkitpro/devkitARM/bin/../lib/gcc/arm-none-eabi/10.2.0/../../../../arm-none-eabi/lib/armv6k/fpu/libg.a(lib_a-printf.o)
                0x0000000000118f6c                printf
 .text.srand    0x0000000000118fa0       0x1c /opt/devkitpro/devkitARM/bin/../lib/gcc/arm-none-eabi/10.2.0/../../../../arm-none-eabi/lib/armv6k/fpu/libg.a(lib_a-rand.o)
                0x0000000000118fa0                srand
 .text.rand     0x0000000000118fbc       0x44 /opt/devkitpro/devkitARM/bin/../lib/gcc/arm-none-eabi/10.2.0/../../../../arm-none-eabi/lib/armv6k/fpu/libg.a(lib_a-rand.o)
                0x0000000000118fbc                rand
 .text.realloc  0x0000000000119000       0x28 /opt/devkitpro/devkitARM/bin/../lib/gcc/arm-none-eabi/10.2.0/../../../../arm-none-eabi/lib/armv6k/fpu/libg.a(lib_a-realloc.o)
                0x0000000000119000                realloc
 .text._realloc_r
                0x0000000000119028      0x598 /opt/devkitpro/devkitARM/bin/../lib/gcc/arm-none-eabi/10.2.0/../../../../arm-none-eabi/lib/armv6k/fpu/libg.a(lib_a-reallocr.o)
                0x0000000000119028                _realloc_r
 .text.lflush   0x00000000001195c0       0x1c /opt/devkitpro/devkitARM/bin/../lib/gcc/arm-none-eabi/10.2.0/../../../../arm-none-eabi/lib/armv6k/fpu/libg.a(lib_a-refill.o)
 .text.__srefill_r
                0x00000000001195dc      0x1ac /opt/devkitpro/devkitARM/bin/../lib/gcc/arm-none-eabi/10.2.0/../../../../arm-none-eabi/lib/armv6k/fpu/libg.a(lib_a-refill.o)
                0x00000000001195dc                __srefill_r
 .text.setvbuf  0x0000000000119788      0x260 /opt/devkitpro/devkitARM/bin/../lib/gcc/arm-none-eabi/10.2.0/../../../../arm-none-eabi/lib/armv6k/fpu/libg.a(lib_a-setvbuf.o)
                0x0000000000119788                setvbuf
 .text.sprintf  0x00000000001199e8       0x64 /opt/devkitpro/devkitARM/bin/../lib/gcc/arm-none-eabi/10.2.0/../../../../arm-none-eabi/lib/armv6k/fpu/libg.a(lib_a-sprintf.o)
                0x00000000001199e8                sprintf
 .text.sscanf   0x0000000000119a4c       0x74 /opt/devkitpro/devkitARM/bin/../lib/gcc/arm-none-eabi/10.2.0/../../../../arm-none-eabi/lib/armv6k/fpu/libg.a(lib_a-sscanf.o)
                0x0000000000119a4c                sscanf
 .text.__sread  0x0000000000119ac0       0x44 /opt/devkitpro/devkitARM/bin/../lib/gcc/arm-none-eabi/10.2.0/../../../../arm-none-eabi/lib/armv6k/fpu/libg.a(lib_a-stdio.o)
                0x0000000000119ac0                __sread
 .text.__seofread
                0x0000000000119b04        0x8 /opt/devkitpro/devkitARM/bin/../lib/gcc/arm-none-eabi/10.2.0/../../../../arm-none-eabi/lib/armv6k/fpu/libg.a(lib_a-stdio.o)
                0x0000000000119b04                __seofread
 .text.__swrite
                0x0000000000119b0c       0x68 /opt/devkitpro/devkitARM/bin/../lib/gcc/arm-none-eabi/10.2.0/../../../../arm-none-eabi/lib/armv6k/fpu/libg.a(lib_a-stdio.o)
                0x0000000000119b0c                __swrite
 .text.__sseek  0x0000000000119b74       0x48 /opt/devkitpro/devkitARM/bin/../lib/gcc/arm-none-eabi/10.2.0/../../../../arm-none-eabi/lib/armv6k/fpu/libg.a(lib_a-stdio.o)